******************************************************************************
                  TI ARM Linker PC v18.1.2                     
******************************************************************************
>> Linked Tue Sep 25 10:21:13 2018

OUTPUT FILE NAME:   <TRANSLATION.out>
ENTRY POINT SYMBOL: "_c_int00"  address: 00009220


MEMORY CONFIGURATION

         name            origin    length      used     unused   attr    fill
----------------------  --------  ---------  --------  --------  ----  --------
  VECTORS               00000000   00000020  00000020  00000000     X
  FLASH0                00000020   0013ffe0  0000b6cd  00134913  R  X
  STACKS                08000000   00001500  00000000  00001500  RW  
  RAM                   08001500   0002eb00  00000be8  0002df18  RW  


SEGMENT ALLOCATION MAP

run origin  load origin   length   init length attrs members
----------  ----------- ---------- ----------- ----- -------
00000000    00000000    0000b6f0   0000b6f0    r-x
  00000000    00000000    00000020   00000020    r-x .intvecs
  00000020    00000020    0000b13c   0000b13c    r-x .text
  0000b15c    0000b15c    00000501   00000501    r-- .const
  0000b660    0000b660    00000090   00000090    r-- .cinit
08001500    08001500    00000be8   00000000    rw-
  08001500    08001500    00000800   00000000    rw- .sysmem
  08001d00    08001d00    000001f4   00000000    rw- .bss
  08001ef4    08001ef4    000001f4   00000000    rw- .data


SECTION ALLOCATION MAP

 output                                  attributes/
section   page    origin      length       input sections
--------  ----  ----------  ----------   ----------------
.intvecs   0    00000000    00000020     
                  00000000    00000020     sys_intvecs.obj (.intvecs)

.text      0    00000020    0000b13c     
                  00000020    00002cdc     sys_selftest.obj (.text)
                  00002cfc    00000dd8     pl455.obj (.text)
                  00003ad4    00000b28     system.obj (.text)
                  000045fc    00000a54     sys_vim.obj (.text)
                  00005050    00000a32     rtsv7R4_T_be_v3D16_eabi.lib : _printfi.c.obj (.text:__TI_printfi)
                  00005a82    00000002                                 : _lock.c.obj (.text:_nop)
                  00005a84    000008f8     sys_main.obj (.text)
                  0000637c    000008b4     pinmux.obj (.text)
                  00006c30    000007dc     sci.obj (.text)
                  0000740c    0000072c     rti.obj (.text)
                  00007b38    000005bc     esm.obj (.text)
                  000080f4    00000484     gio.obj (.text)
                  00008578    000003d8     sci.obj (.text:retain)
                  00008950    0000034c     sys_core.obj (.text)
                  00008c9c    000002cc     sys_vim.obj (.text:retain)
                  00008f68    000002b8     rtsv7R4_T_be_v3D16_eabi.lib : ull_div32.asm.obj (.text)
                  00009220    0000027c     sys_startup.obj (.text:retain)
                  0000949c    00000248     rtsv7R4_T_be_v3D16_eabi.lib : _printfi.c.obj (.text:_pconv_a)
                  000096e4    000001a8                                 : _printfi.c.obj (.text:_pconv_g)
                  0000988c    00000118                                 : fputs.c.obj (.text:fputs)
                  000099a4    00000114     esm.obj (.text:retain)
                  00009ab8    00000104     rtsv7R4_T_be_v3D16_eabi.lib : _printfi.c.obj (.text:_pconv_e)
                  00009bbc    000000fc                                 : _printfi.c.obj (.text:fcvt)
                  00009cb8    000000ec                                 : s_scalbn.c.obj (.text:scalbn)
                  00009da4    000000e8     dabort.obj (.text)
                  00009e8c    000000e0     rtsv7R4_T_be_v3D16_eabi.lib : s_floor.c.obj (.text:floor)
                  00009f6c    000000e0     sys_pmu.obj (.text)
                  0000a04c    000000dc     rtsv7R4_T_be_v3D16_eabi.lib : setvbuf.c.obj (.text:setvbuf)
                  0000a128    000000d8                                 : memory.c.obj (.text:free)
                  0000a200    000000c4     notification.obj (.text)
                  0000a2c4    000000ad     rtsv7R4_T_be_v3D16_eabi.lib : _printfi.c.obj (.text:_ltostr)
                  0000a371    00000001     --HOLE-- [fill = 0]
                  0000a372    0000009c                                 : memcpy_t2.asm.obj (.text)
                  0000a40e    00000002     --HOLE-- [fill = 0]
                  0000a410    00000090                                 : fputc.c.obj (.text:fputc)
                  0000a4a0    0000007a                                 : _printfi.c.obj (.text:_mcpy)
                  0000a51a    0000007a                                 : memset_t2.asm.obj (.text)
                  0000a594    00000078                                 : memory.c.obj (.text:malloc)
                  0000a60c    00000074                                 : fclose.c.obj (.text:__TI_closefile)
                  0000a680    00000074                                 : s_frexp.c.obj (.text:frexp)
                  0000a6f4    0000006c                                 : copy_decompress_lzss.c.obj (.text:decompress:lzss:__TI_decompress_lzss)
                  0000a760    00000068                                 : hostlseek.c.obj (.text:HOSTlseek)
                  0000a7c8    00000068                                 : hostrename.c.obj (.text:HOSTrename)
                  0000a830    00000068                                 : printf.c.obj (.text:printf)
                  0000a898    00000064                                 : _io_perm.c.obj (.text:__TI_wrt_ok)
                  0000a8fc    00000064                                 : fseek.c.obj (.text:fseek)
                  0000a960    0000005c                                 : hostopen.c.obj (.text:HOSTopen)
                  0000a9bc    0000005c                                 : hostread.c.obj (.text:HOSTread)
                  0000aa18    00000058                                 : hostwrite.c.obj (.text:HOSTwrite)
                  0000aa70    00000058                                 : close.c.obj (.text:close)
                  0000aac8    00000054                                 : _printfi.c.obj (.text:_ecpy)
                  0000ab1c    00000054                                 : ltoa.c.obj (.text:ltoa)
                  0000ab70    00000050                                 : _printfi.c.obj (.text:_pconv_f)
                  0000abc0    00000050                                 : atoi.c.obj (.text:atoi)
                  0000ac10    0000004c                                 : fflush.c.obj (.text:__TI_doflush)
                  0000ac5c    0000004c     rti.obj (.text:retain)
                  0000aca8    00000044     rtsv7R4_T_be_v3D16_eabi.lib : hostclose.c.obj (.text:HOSTclose)
                  0000acec    00000044                                 : hostunlink.c.obj (.text:HOSTunlink)
                  0000ad30    00000044                                 : autoinit.c.obj (.text:__TI_auto_init_nobinit_nopinit:__TI_auto_init_nobinit_nopinit)
                  0000ad74    00000044                                 : exit.c.obj (.text:exit)
                  0000adb8    00000044                                 : getdevice.c.obj (.text:getdevice)
                  0000adfc    00000040                                 : _printfi.c.obj (.text:_fcpy)
                  0000ae3c    0000003c                                 : trgmsg.c.obj (.text:__TI_writemsg)
                  0000ae78    0000003c                                 : memory.c.obj (.text:minsert)
                  0000aeb4    00000038                                 : memory.c.obj (.text:minit)
                  0000aeec    00000036                                 : strncpy.c.obj (.text:strncpy)
                  0000af22    00000002     --HOLE-- [fill = 0]
                  0000af24    00000034                                 : fopen.c.obj (.text:__TI_cleanup)
                  0000af58    00000034                                 : trgmsg.c.obj (.text:__TI_readmsg)
                  0000af8c    00000034                                 : getdevice.c.obj (.text:finddevice)
                  0000afc0    0000002c                                 : unlink.c.obj (.text:unlink)
                  0000afec    00000028                                 : lseek.c.obj (.text:lseek)
                  0000b014    00000028                                 : memory.c.obj (.text:mremove)
                  0000b03c    00000028                                 : write.c.obj (.text:write)
                  0000b064    00000020                                 : memchr.c.obj (.text:memchr)
                  0000b084    0000001c                                 : memccpy.c.obj (.text:memccpy)
                  0000b0a0    00000018                                 : s_copysign.c.obj (.text:copysign)
                  0000b0b8    00000018                                 : strcmp.c.obj (.text:strcmp)
                  0000b0d0    00000016                                 : strchr.c.obj (.text:strchr)
                  0000b0e6    00000016                                 : strlen.c.obj (.text:strlen)
                  0000b0fc    00000014                                 : strcpy.c.obj (.text:strcpy)
                  0000b110    00000012                                 : copy_zero_init.c.obj (.text:decompress:ZI:__TI_zero_init_nomemset:__TI_zero_init_nomemset)
                  0000b122    00000012                                 : wcslen.c.obj (.text:wcslen)
                  0000b134    0000000e                                 : copy_decompress_none.c.obj (.text:decompress:none:__TI_decompress_none)
                  0000b142    00000002     --HOLE-- [fill = 0]
                  0000b144    00000008                                 : errno.c.obj (.text:__aeabi_errno_addr)
                  0000b14c    00000004                                 : printf.c.obj (.text:_outc)
                  0000b150    00000004                                 : printf.c.obj (.text:_outs)
                  0000b154    00000004                                 : exit.c.obj (.text:abort:abort)
                  0000b158    00000004     sys_phantom.obj (.text:retain)

.const     0    0000b15c    00000501     
                  0000b15c    00000200     pl455.obj (.const:crc16_table)
                  0000b35c    00000200     sys_vim.obj (.const:s_vim_init)
                  0000b55c    00000101     rtsv7R4_T_be_v3D16_eabi.lib : ctype.c.obj (.const:.string:_ctypes_)

.cinit     0    0000b660    00000090     
                  0000b660    00000069     (.cinit..data.load) [load image, compression = lzss]
                  0000b6c9    00000003     --HOLE-- [fill = 0]
                  0000b6cc    0000000c     (__TI_handler_table)
                  0000b6d8    00000008     (.cinit..bss.load) [load image, compression = zero_init]
                  0000b6e0    00000010     (__TI_cinit_table)

.sysmem    0    08001500    00000800     UNINITIALIZED
                  08001500    00000008     rtsv7R4_T_be_v3D16_eabi.lib : memory.c.obj (.sysmem)
                  08001508    000007f8     --HOLE--

.bss       0    08001d00    000001f4     UNINITIALIZED
                  08001d00    00000120     rtsv7R4_T_be_v3D16_eabi.lib : trgmsg.c.obj (.bss:_CIOBUF_)
                  08001e20    000000a0     (.common:__TI_tmpnams)
                  08001ec0    00000028     sci.obj (.bss:g_sciTransfer_t)
                  08001ee8    00000008     (.common:parmbuf)
                  08001ef0    00000004     pl455.obj (.bss)

.data      0    08001ef4    000001f4     UNINITIALIZED
                  08001ef4    000000f0     rtsv7R4_T_be_v3D16_eabi.lib : defs.c.obj (.data:_ftable)
                  08001fe4    00000078                                 : write.c.obj (.data:_device)
                  0800205c    00000050                                 : write.c.obj (.data:_stream)
                  080020ac    00000010                                 : defs.c.obj (.data)
                  080020bc    0000000c                                 : exit.c.obj (.data:$O1$$)
                  080020c8    0000000c                                 : memory.c.obj (.data:$O1$$)
                  080020d4    00000008                                 : _lock.c.obj (.data:$O1$$)
                  080020dc    00000008     sys_main.obj (.data)
                  080020e4    00000004     rtsv7R4_T_be_v3D16_eabi.lib : errno.c.obj (.data)

MODULE SUMMARY

       Module                       code    ro data   rw data
       ------                       ----    -------   -------
    .\source\
       sys_selftest.obj             11484   0         0      
       pl455.obj                    3544    512       4      
       sys_vim.obj                  3360    512       0      
       sci.obj                      2996    0         40     
       system.obj                   2856    0         0      
       sys_main.obj                 2296    0         8      
       pinmux.obj                   2228    0         0      
       rti.obj                      1912    0         0      
       esm.obj                      1744    0         0      
       gio.obj                      1156    0         0      
       sys_core.obj                 844     0         0      
       sys_startup.obj              636     0         0      
       dabort.obj                   232     0         0      
       sys_pmu.obj                  224     0         0      
       notification.obj             196     0         0      
       sys_intvecs.obj              32      0         0      
       sys_phantom.obj              4       0         0      
    +--+----------------------------+-------+---------+---------+
       Total:                       35744   1024      52     
                                                             
    C:/ti/ccsv8/tools/compiler/ti-cgt-arm_18.1.2.LTS/lib/rtsv7R4_T_be_v3D16_eabi.lib
       _printfi.c.obj               4653    0         0      
       ull_div32.asm.obj            696     0         0      
       memory.c.obj                 492     0         12     
       defs.c.obj                   0       0         416    
       trgmsg.c.obj                 112     0         288    
       fputs.c.obj                  280     0         0      
       ctype.c.obj                  0       257       0      
       write.c.obj                  40      0         200    
       s_scalbn.c.obj               236     0         0      
       s_floor.c.obj                224     0         0      
       setvbuf.c.obj                220     0         0      
       memcpy_t2.asm.obj            156     0         0      
       fputc.c.obj                  144     0         0      
       memset_t2.asm.obj            122     0         0      
       getdevice.c.obj              120     0         0      
       fclose.c.obj                 116     0         0      
       s_frexp.c.obj                116     0         0      
       printf.c.obj                 112     0         0      
       copy_decompress_lzss.c.obj   108     0         0      
       hostlseek.c.obj              104     0         0      
       hostrename.c.obj             104     0         0      
       _io_perm.c.obj               100     0         0      
       fseek.c.obj                  100     0         0      
       hostopen.c.obj               92      0         8      
       hostread.c.obj               92      0         0      
       close.c.obj                  88      0         0      
       hostwrite.c.obj              88      0         0      
       exit.c.obj                   72      0         12     
       ltoa.c.obj                   84      0         0      
       atoi.c.obj                   80      0         0      
       fflush.c.obj                 76      0         0      
       autoinit.c.obj               68      0         0      
       hostclose.c.obj              68      0         0      
       hostunlink.c.obj             68      0         0      
       strncpy.c.obj                54      0         0      
       fopen.c.obj                  52      0         0      
       unlink.c.obj                 44      0         0      
       lseek.c.obj                  40      0         0      
       memchr.c.obj                 32      0         0      
       memccpy.c.obj                28      0         0      
       s_copysign.c.obj             24      0         0      
       strcmp.c.obj                 24      0         0      
       strchr.c.obj                 22      0         0      
       strlen.c.obj                 22      0         0      
       strcpy.c.obj                 20      0         0      
       copy_zero_init.c.obj         18      0         0      
       wcslen.c.obj                 18      0         0      
       copy_decompress_none.c.obj   14      0         0      
       errno.c.obj                  8       0         4      
       _lock.c.obj                  2       0         8      
    +--+----------------------------+-------+---------+---------+
       Total:                       9653    257       948    
                                                             
       Heap:                        0       0         2048   
       Linker Generated:            0       141       0      
    +--+----------------------------+-------+---------+---------+
       Grand Total:                 45397   1422      3048   


LINKER GENERATED COPY TABLES

__TI_cinit_table @ 0000b6e0 records: 2, size/record: 8, table size: 16
	.data: load addr=0000b660, load size=00000069 bytes, run addr=08001ef4, run size=000001f4 bytes, compression=lzss
	.bss: load addr=0000b6d8, load size=00000008 bytes, run addr=08001d00, run size=000001f4 bytes, compression=zero_init


LINKER GENERATED HANDLER TABLE

__TI_handler_table @ 0000b6cc records: 3, size/record: 4, table size: 12
	index: 0, handler: __TI_zero_init
	index: 1, handler: __TI_decompress_lzss
	index: 2, handler: __TI_decompress_none


GLOBAL SYMBOLS: SORTED ALPHABETICALLY BY Name 

address   name                                
-------   ----                                
000038ec  B2SDWORD                            
00003940  B2SINT24                            
000038b4  B2SWORD                             
0000b155  C$$EXIT                             
0000ae6f  C$$IO$$                             
00003980  CRC16                               
00002cfc  CommClear                           
00002d60  CommReset                           
00002de0  GetFaultStat                        
0000aca9  HOSTclose                           
0000a761  HOSTlseek                           
0000a961  HOSTopen                            
0000a9bd  HOSTread                            
0000a7c9  HOSTrename                          
0000aced  HOSTunlink                          
0000aa19  HOSTwrite                           
0000786c  IsdwdKeySequenceCorrect             
080020e0  RTI_TIMEOUT                         
0000371c  ReadFrameReq                        
00003538  ReadReg                             
00002db0  ResetPL455                          
UNDEFED   SHT$$INIT_ARRAY$$Base               
UNDEFED   SHT$$INIT_ARRAY$$Limit              
080020dc  UART_RX_RDY                         
0000376c  WaitRespFrame                       
00002db4  WakePL455                           
00003310  WriteFrame                          
00002e08  WriteReg                            
08001d00  __CIOBUF_                           
00000800  __SYSMEM_SIZE                       
0000b6e0  __TI_CINIT_Base                     
0000b6f0  __TI_CINIT_Limit                    
0000b6cc  __TI_Handler_Table_Base             
0000b6d8  __TI_Handler_Table_Limit            
00008c94  __TI_PINIT_Base                     
00008c98  __TI_PINIT_Limit                    
0000ad31  __TI_auto_init_nobinit_nopinit      
0000af25  __TI_cleanup                        
080020bc  __TI_cleanup_ptr                    
0000a60d  __TI_closefile                      
0000a6f5  __TI_decompress_lzss                
0000b135  __TI_decompress_none                
0000ac11  __TI_doflush                        
080020c0  __TI_dtors_ptr                      
080020c4  __TI_enable_exit_profile_output     
080020ac  __TI_ft_end                         
ffffffff  __TI_pprof_out_hndl                 
00005051  __TI_printfi                        
ffffffff  __TI_prof_data_size                 
ffffffff  __TI_prof_data_start                
0000af59  __TI_readmsg                        
00000000  __TI_static_base__                  
08001e20  __TI_tmpnams                        
0000ae3d  __TI_writemsg                       
0000a899  __TI_wrt_ok                         
0000b111  __TI_zero_init_nomemset             
0000b145  __aeabi_errno_addr                  
0000a51b  __aeabi_memclr                      
0000a51b  __aeabi_memclr4                     
0000a51b  __aeabi_memclr8                     
0000a373  __aeabi_memcpy                      
0000a373  __aeabi_memcpy4                     
0000a373  __aeabi_memcpy8                     
0000a51d  __aeabi_memset                      
0000a51d  __aeabi_memset4                     
0000a51d  __aeabi_memset8                     
080020b8  __aeabi_stderr                      
080020b0  __aeabi_stdin                       
080020b4  __aeabi_stdout                      
00008f68  __aeabi_uldivmod                    
ffffffff  __binit__                           
ffffffff  __c_args__                          
00009220  _c_int00                            
00008bac  _coreClearAuxiliaryDataFault_       
00008bc0  _coreClearAuxiliaryInstructionFault_
00008b84  _coreClearDataFaultAddress_         
00008b5c  _coreClearDataFault_                
00008b98  _coreClearInstructionFaultAddress_  
00008b70  _coreClearInstructionFault_         
00008af0  _coreDisableEventBusExport_         
00008b34  _coreDisableFlashEcc_               
00008b10  _coreDisableRamEcc_                 
00008ae0  _coreEnableEventBusExport_          
00008b20  _coreEnableFlashEcc_                
00008b44  _coreEnableIrqVicOffset_            
00008b00  _coreEnableRamEcc_                  
00008ac8  _coreEnableVfp_                     
00008ba4  _coreGetAuxiliaryDataFault_         
00008bb8  _coreGetAuxiliaryInstructionFault_  
00008b7c  _coreGetDataFaultAddress_           
00008b54  _coreGetDataFault_                  
00008b90  _coreGetInstructionFaultAddress_    
00008b68  _coreGetInstructionFault_           
00008950  _coreInitRegisters_                 
00008a5c  _coreInitStackPointer_              
0000b55c  _ctypes_                            
00009da4  _dabort                             
08001fe4  _device                             
00008bd4  _disable_FIQ_interrupt_             
00008bdc  _disable_IRQ_interrupt_             
00008bcc  _disable_interrupt_                 
00008be4  _enable_interrupt_                  
00008c74  _errata_CORTEXR4_57_                
00008c84  _errata_CORTEXR4_66_                
00008bec  _esmCcmErrorsClear_                 
08001ef4  _ftable                             
00008aa8  _getCPSRValue_                      
00008ab0  _gotoCPUIdle_                       
080020d4  _lock                               
00005a83  _nop                                
00009fc8  _pmuDisableCountersGlobal_          
00009fb8  _pmuEnableCountersGlobal_           
0000a024  _pmuGetCycleCount_                  
0000a02c  _pmuGetEventCount_                  
0000a038  _pmuGetOverflow_                    
00009f6c  _pmuInit_                           
00009ff8  _pmuResetCounters_                  
00009fd8  _pmuResetCycleCounter_              
00009fe8  _pmuResetEventCounters_             
0000a018  _pmuSetCountEvent_                  
0000a008  _pmuStartCounters_                  
0000a010  _pmuStopCounters_                   
0800205c  _stream                             
08001500  _sys_memory                         
UNDEFED   _system_post_cinit                  
080020d8  _unlock                             
0000b155  abort                               
0000126c  adc1ParityCheck                     
00001358  adc2ParityCheck                     
0000abc1  atoi                                
ffffffff  binit                               
00001410  can1ParityCheck                     
000014e8  can2ParityCheck                     
000015b0  can3ParityCheck                     
00000030  ccmSelfCheck                        
000026fc  ccmr4GetConfigValue                 
00000938  checkB0RAMECC                       
00000b28  checkB1RAMECC                       
00001c18  checkClockMonitor                   
00000d18  checkFlashECC                       
00001cf4  checkFlashEEPROMECC                 
00001e8c  checkPLL1Slip                       
00001f8c  checkPLL2Slip                       
00002050  checkRAMAddrParity                  
000019d0  checkRAMECC                         
0000215c  checkRAMUERRTest                    
000007bc  checkefcSelfTest                    
0000aa71  close                               
0000b0a1  copysign                            
0000b0a1  copysignl                           
00000234  cpuSelfTest                         
00000dfc  cpuSelfTestFail                     
0000b15c  crc16_table                         
00000df4  custom_dabort                       
00003a10  delayms                             
00003a58  delayus                             
00002b58  disableParity                       
0000a2a8  dmaGroupANotification               
00000eac  dmaParityCheck                      
000078d4  dwdClearFlag                        
00007808  dwdCounterEnable                    
00007850  dwdGenerateSysReset                 
000078a0  dwdGetStatus                        
000078e4  dwdGetViolationStatus               
0000778c  dwdInit                             
00007834  dwdReset                            
00007818  dwdSetPreload                       
000077fc  dwwdGetCurrentDownCounter           
000077b4  dwwdInit                            
00000660  efcCheck                            
00002660  efcGetConfigValue                   
00000794  efcSelfTest                         
000006e8  efcStuckZeroTest                    
00002ad0  enableParity                        
0000276c  errata_PBIST_4                      
080020e4  errno                               
00007cbc  esmActivateNormalOperation          
00007d90  esmClearStatus                      
00007dd0  esmClearStatusBuffer                
00007c84  esmDisableError                     
00007cf4  esmDisableInterrupt                 
00007c5c  esmEnableError                      
00007ccc  esmEnableInterrupt                  
00007ec8  esmEnterSelfTest                    
00007c40  esmError                            
00007fa0  esmGetConfigValue                   
00007e0c  esmGetStatus                        
00007e90  esmGetStatusBuffer                  
0000a200  esmGroup1Notification               
0000a210  esmGroup2Notification               
000099a4  esmHighInterrupt                    
00007b38  esmInit                             
00007f50  esmSelfTestStatus                   
00007dec  esmSetCounterPreloadValue           
00007d1c  esmSetInterruptLevel                
00007cac  esmTriggerErrorPinReset             
0000ad75  exit                                
0000af8d  finddevice                          
00009e8d  floor                               
00009e8d  floorl                              
000022c4  fmcBus1ParityCheck                  
0000085c  fmcBus2Check                        
00000898  fmcECCcheck                         
0000a411  fputc                               
0000988d  fputs                               
0000a129  free                                
0000a681  frexp                               
0000a681  frexpl                              
0000a8fd  fseek                               
0000adb9  getdevice                           
00008354  gioDisableNotification              
000082ec  gioEnableNotification               
00008254  gioGetBit                           
000083bc  gioGetConfigValue                   
0000827c  gioGetPort                          
000080f4  gioInit                             
0000a274  gioNotification                     
000081e4  gioSetBit                           
000081c4  gioSetDirection                     
00008234  gioSetPort                          
00008294  gioToggleBit                        
00000f58  het1ParityCheck                     
000010c0  het2ParityCheck                     
00001004  htu1ParityCheck                     
000011bc  htu2ParityCheck                     
00009cb9  ldexp                               
00009cb9  ldexpl                              
0000afed  lseek                               
0000ab1d  ltoa                                
00005aa8  main                                
0000a595  malloc                              
00003c10  mapClocks                           
0000b085  memccpy                             
0000b065  memchr                              
0000a373  memcpy                              
00000174  memoryInit                          
0000a220  memoryPort0TestFailNotification     
0000a23c  memoryPort1TestFailNotification     
0000a523  memset                              
00001684  mibspi1ParityCheck                  
0000178c  mibspi3ParityCheck                  
000018b0  mibspi5ParityCheck                  
0000aeb5  minit                               
0000637c  muxInit                             
0000740c  my_rtiInit                          
000072b0  my_sciInit                          
08001ee8  parmbuf                             
000023ec  pbistFail                           
00002470  pbistGetConfigValue                 
000005a8  pbistIsTestCompleted                
000005d4  pbistIsTestPassed                   
00000608  pbistPortTestStatus                 
000004ac  pbistRun                            
000002cc  pbistSelfCheck                      
00000578  pbistStop                           
00003bbc  periphInit                          
0000b158  phantomInterrupt                    
00006818  pinmuxGetConfigValue                
0000a831  printf                              
0000a411  putc                                
0000afc1  remove                              
00000000  resetEntry                          
0000ac5c  rtiCompare1Interrupt                
00007994  rtiDisableNotification              
0000796c  rtiEnableNotification               
000079b0  rtiGetConfigValue                   
00007700  rtiGetCurrentTick                   
000076d8  rtiGetPeriod                        
00007500  rtiInit                             
0000a258  rtiNotification                     
0000764c  rtiResetCounter                     
000076b0  rtiSetPeriod                        
000075f4  rtiStartCounter                     
00007620  rtiStopCounter                      
00009cb9  scalbn                              
00009cb9  scalbnl                             
00007024  sciDisableLoopback                  
000070a8  sciDisableNotification              
00006ff0  sciEnableLoopback                   
00007040  sciEnableNotification               
00007110  sciEnterResetState                  
00007130  sciExitResetState                   
00007158  sciGetConfigValue                   
00008578  sciHighLevelInterrupt               
00006c30  sciInit                             
00006f00  sciIsIdleDetected                   
00006ee4  sciIsRxReady                        
00006dd8  sciIsTxReady                        
00008748  sciLowLevelInterrupt                
0000a288  sciNotification                     
00006f78  sciReceive                          
00006f4c  sciReceiveByte                      
00006f1c  sciRxError                          
00006e24  sciSend                             
00006df4  sciSendByte                         
00006d3c  sciSetBaudrate                      
00006d1c  sciSetFunctional                    
00000020  selftestFailNotification            
00003b7c  setupFlash                          
00003ad4  setupPLL                            
0000a04d  setvbuf                             
000043f4  sramGetConfigValue                  
000025bc  stcGetConfigValue                   
000001b8  stcSelfCheck                        
00000df8  stcSelfCheckFail                    
0000b0d1  strchr                              
0000b0b9  strcmp                              
0000b0fd  strcpy                              
0000b0e7  strlen                              
0000aeed  strncpy                             
00003e34  systemGetConfigValue                
00003d38  systemInit                          
00003e04  systemPowerDown                     
00004248  tcmflashGetConfigValue              
00003b34  trimLPO                             
0000afc1  unlink                              
000046d0  vimChannelMap                       
0000493c  vimDisableInterrupt                 
00004774  vimEnableInterrupt                  
000049e8  vimGetConfigValue                   
000045fc  vimInit                             
00000e00  vimParityCheck                      
00008c9c  vimParityErrorHandler               
0000b123  wcslen                              
0000b03d  write                               


GLOBAL SYMBOLS: SORTED BY Symbol Address 

address   name                                
-------   ----                                
00000000  __TI_static_base__                  
00000000  resetEntry                          
00000020  selftestFailNotification            
00000030  ccmSelfCheck                        
00000174  memoryInit                          
000001b8  stcSelfCheck                        
00000234  cpuSelfTest                         
000002cc  pbistSelfCheck                      
000004ac  pbistRun                            
00000578  pbistStop                           
000005a8  pbistIsTestCompleted                
000005d4  pbistIsTestPassed                   
00000608  pbistPortTestStatus                 
00000660  efcCheck                            
000006e8  efcStuckZeroTest                    
00000794  efcSelfTest                         
000007bc  checkefcSelfTest                    
00000800  __SYSMEM_SIZE                       
0000085c  fmcBus2Check                        
00000898  fmcECCcheck                         
00000938  checkB0RAMECC                       
00000b28  checkB1RAMECC                       
00000d18  checkFlashECC                       
00000df4  custom_dabort                       
00000df8  stcSelfCheckFail                    
00000dfc  cpuSelfTestFail                     
00000e00  vimParityCheck                      
00000eac  dmaParityCheck                      
00000f58  het1ParityCheck                     
00001004  htu1ParityCheck                     
000010c0  het2ParityCheck                     
000011bc  htu2ParityCheck                     
0000126c  adc1ParityCheck                     
00001358  adc2ParityCheck                     
00001410  can1ParityCheck                     
000014e8  can2ParityCheck                     
000015b0  can3ParityCheck                     
00001684  mibspi1ParityCheck                  
0000178c  mibspi3ParityCheck                  
000018b0  mibspi5ParityCheck                  
000019d0  checkRAMECC                         
00001c18  checkClockMonitor                   
00001cf4  checkFlashEEPROMECC                 
00001e8c  checkPLL1Slip                       
00001f8c  checkPLL2Slip                       
00002050  checkRAMAddrParity                  
0000215c  checkRAMUERRTest                    
000022c4  fmcBus1ParityCheck                  
000023ec  pbistFail                           
00002470  pbistGetConfigValue                 
000025bc  stcGetConfigValue                   
00002660  efcGetConfigValue                   
000026fc  ccmr4GetConfigValue                 
0000276c  errata_PBIST_4                      
00002ad0  enableParity                        
00002b58  disableParity                       
00002cfc  CommClear                           
00002d60  CommReset                           
00002db0  ResetPL455                          
00002db4  WakePL455                           
00002de0  GetFaultStat                        
00002e08  WriteReg                            
00003310  WriteFrame                          
00003538  ReadReg                             
0000371c  ReadFrameReq                        
0000376c  WaitRespFrame                       
000038b4  B2SWORD                             
000038ec  B2SDWORD                            
00003940  B2SINT24                            
00003980  CRC16                               
00003a10  delayms                             
00003a58  delayus                             
00003ad4  setupPLL                            
00003b34  trimLPO                             
00003b7c  setupFlash                          
00003bbc  periphInit                          
00003c10  mapClocks                           
00003d38  systemInit                          
00003e04  systemPowerDown                     
00003e34  systemGetConfigValue                
00004248  tcmflashGetConfigValue              
000043f4  sramGetConfigValue                  
000045fc  vimInit                             
000046d0  vimChannelMap                       
00004774  vimEnableInterrupt                  
0000493c  vimDisableInterrupt                 
000049e8  vimGetConfigValue                   
00005051  __TI_printfi                        
00005a83  _nop                                
00005aa8  main                                
0000637c  muxInit                             
00006818  pinmuxGetConfigValue                
00006c30  sciInit                             
00006d1c  sciSetFunctional                    
00006d3c  sciSetBaudrate                      
00006dd8  sciIsTxReady                        
00006df4  sciSendByte                         
00006e24  sciSend                             
00006ee4  sciIsRxReady                        
00006f00  sciIsIdleDetected                   
00006f1c  sciRxError                          
00006f4c  sciReceiveByte                      
00006f78  sciReceive                          
00006ff0  sciEnableLoopback                   
00007024  sciDisableLoopback                  
00007040  sciEnableNotification               
000070a8  sciDisableNotification              
00007110  sciEnterResetState                  
00007130  sciExitResetState                   
00007158  sciGetConfigValue                   
000072b0  my_sciInit                          
0000740c  my_rtiInit                          
00007500  rtiInit                             
000075f4  rtiStartCounter                     
00007620  rtiStopCounter                      
0000764c  rtiResetCounter                     
000076b0  rtiSetPeriod                        
000076d8  rtiGetPeriod                        
00007700  rtiGetCurrentTick                   
0000778c  dwdInit                             
000077b4  dwwdInit                            
000077fc  dwwdGetCurrentDownCounter           
00007808  dwdCounterEnable                    
00007818  dwdSetPreload                       
00007834  dwdReset                            
00007850  dwdGenerateSysReset                 
0000786c  IsdwdKeySequenceCorrect             
000078a0  dwdGetStatus                        
000078d4  dwdClearFlag                        
000078e4  dwdGetViolationStatus               
0000796c  rtiEnableNotification               
00007994  rtiDisableNotification              
000079b0  rtiGetConfigValue                   
00007b38  esmInit                             
00007c40  esmError                            
00007c5c  esmEnableError                      
00007c84  esmDisableError                     
00007cac  esmTriggerErrorPinReset             
00007cbc  esmActivateNormalOperation          
00007ccc  esmEnableInterrupt                  
00007cf4  esmDisableInterrupt                 
00007d1c  esmSetInterruptLevel                
00007d90  esmClearStatus                      
00007dd0  esmClearStatusBuffer                
00007dec  esmSetCounterPreloadValue           
00007e0c  esmGetStatus                        
00007e90  esmGetStatusBuffer                  
00007ec8  esmEnterSelfTest                    
00007f50  esmSelfTestStatus                   
00007fa0  esmGetConfigValue                   
000080f4  gioInit                             
000081c4  gioSetDirection                     
000081e4  gioSetBit                           
00008234  gioSetPort                          
00008254  gioGetBit                           
0000827c  gioGetPort                          
00008294  gioToggleBit                        
000082ec  gioEnableNotification               
00008354  gioDisableNotification              
000083bc  gioGetConfigValue                   
00008578  sciHighLevelInterrupt               
00008748  sciLowLevelInterrupt                
00008950  _coreInitRegisters_                 
00008a5c  _coreInitStackPointer_              
00008aa8  _getCPSRValue_                      
00008ab0  _gotoCPUIdle_                       
00008ac8  _coreEnableVfp_                     
00008ae0  _coreEnableEventBusExport_          
00008af0  _coreDisableEventBusExport_         
00008b00  _coreEnableRamEcc_                  
00008b10  _coreDisableRamEcc_                 
00008b20  _coreEnableFlashEcc_                
00008b34  _coreDisableFlashEcc_               
00008b44  _coreEnableIrqVicOffset_            
00008b54  _coreGetDataFault_                  
00008b5c  _coreClearDataFault_                
00008b68  _coreGetInstructionFault_           
00008b70  _coreClearInstructionFault_         
00008b7c  _coreGetDataFaultAddress_           
00008b84  _coreClearDataFaultAddress_         
00008b90  _coreGetInstructionFaultAddress_    
00008b98  _coreClearInstructionFaultAddress_  
00008ba4  _coreGetAuxiliaryDataFault_         
00008bac  _coreClearAuxiliaryDataFault_       
00008bb8  _coreGetAuxiliaryInstructionFault_  
00008bc0  _coreClearAuxiliaryInstructionFault_
00008bcc  _disable_interrupt_                 
00008bd4  _disable_FIQ_interrupt_             
00008bdc  _disable_IRQ_interrupt_             
00008be4  _enable_interrupt_                  
00008bec  _esmCcmErrorsClear_                 
00008c74  _errata_CORTEXR4_57_                
00008c84  _errata_CORTEXR4_66_                
00008c94  __TI_PINIT_Base                     
00008c98  __TI_PINIT_Limit                    
00008c9c  vimParityErrorHandler               
00008f68  __aeabi_uldivmod                    
00009220  _c_int00                            
0000988d  fputs                               
000099a4  esmHighInterrupt                    
00009cb9  ldexp                               
00009cb9  ldexpl                              
00009cb9  scalbn                              
00009cb9  scalbnl                             
00009da4  _dabort                             
00009e8d  floor                               
00009e8d  floorl                              
00009f6c  _pmuInit_                           
00009fb8  _pmuEnableCountersGlobal_           
00009fc8  _pmuDisableCountersGlobal_          
00009fd8  _pmuResetCycleCounter_              
00009fe8  _pmuResetEventCounters_             
00009ff8  _pmuResetCounters_                  
0000a008  _pmuStartCounters_                  
0000a010  _pmuStopCounters_                   
0000a018  _pmuSetCountEvent_                  
0000a024  _pmuGetCycleCount_                  
0000a02c  _pmuGetEventCount_                  
0000a038  _pmuGetOverflow_                    
0000a04d  setvbuf                             
0000a129  free                                
0000a200  esmGroup1Notification               
0000a210  esmGroup2Notification               
0000a220  memoryPort0TestFailNotification     
0000a23c  memoryPort1TestFailNotification     
0000a258  rtiNotification                     
0000a274  gioNotification                     
0000a288  sciNotification                     
0000a2a8  dmaGroupANotification               
0000a373  __aeabi_memcpy                      
0000a373  __aeabi_memcpy4                     
0000a373  __aeabi_memcpy8                     
0000a373  memcpy                              
0000a411  fputc                               
0000a411  putc                                
0000a51b  __aeabi_memclr                      
0000a51b  __aeabi_memclr4                     
0000a51b  __aeabi_memclr8                     
0000a51d  __aeabi_memset                      
0000a51d  __aeabi_memset4                     
0000a51d  __aeabi_memset8                     
0000a523  memset                              
0000a595  malloc                              
0000a60d  __TI_closefile                      
0000a681  frexp                               
0000a681  frexpl                              
0000a6f5  __TI_decompress_lzss                
0000a761  HOSTlseek                           
0000a7c9  HOSTrename                          
0000a831  printf                              
0000a899  __TI_wrt_ok                         
0000a8fd  fseek                               
0000a961  HOSTopen                            
0000a9bd  HOSTread                            
0000aa19  HOSTwrite                           
0000aa71  close                               
0000ab1d  ltoa                                
0000abc1  atoi                                
0000ac11  __TI_doflush                        
0000ac5c  rtiCompare1Interrupt                
0000aca9  HOSTclose                           
0000aced  HOSTunlink                          
0000ad31  __TI_auto_init_nobinit_nopinit      
0000ad75  exit                                
0000adb9  getdevice                           
0000ae3d  __TI_writemsg                       
0000ae6f  C$$IO$$                             
0000aeb5  minit                               
0000aeed  strncpy                             
0000af25  __TI_cleanup                        
0000af59  __TI_readmsg                        
0000af8d  finddevice                          
0000afc1  remove                              
0000afc1  unlink                              
0000afed  lseek                               
0000b03d  write                               
0000b065  memchr                              
0000b085  memccpy                             
0000b0a1  copysign                            
0000b0a1  copysignl                           
0000b0b9  strcmp                              
0000b0d1  strchr                              
0000b0e7  strlen                              
0000b0fd  strcpy                              
0000b111  __TI_zero_init_nomemset             
0000b123  wcslen                              
0000b135  __TI_decompress_none                
0000b145  __aeabi_errno_addr                  
0000b155  C$$EXIT                             
0000b155  abort                               
0000b158  phantomInterrupt                    
0000b15c  crc16_table                         
0000b55c  _ctypes_                            
0000b6cc  __TI_Handler_Table_Base             
0000b6d8  __TI_Handler_Table_Limit            
0000b6e0  __TI_CINIT_Base                     
0000b6f0  __TI_CINIT_Limit                    
08001500  _sys_memory                         
08001d00  __CIOBUF_                           
08001e20  __TI_tmpnams                        
08001ee8  parmbuf                             
08001ef4  _ftable                             
08001fe4  _device                             
0800205c  _stream                             
080020ac  __TI_ft_end                         
080020b0  __aeabi_stdin                       
080020b4  __aeabi_stdout                      
080020b8  __aeabi_stderr                      
080020bc  __TI_cleanup_ptr                    
080020c0  __TI_dtors_ptr                      
080020c4  __TI_enable_exit_profile_output     
080020d4  _lock                               
080020d8  _unlock                             
080020dc  UART_RX_RDY                         
080020e0  RTI_TIMEOUT                         
080020e4  errno                               
ffffffff  __TI_pprof_out_hndl                 
ffffffff  __TI_prof_data_size                 
ffffffff  __TI_prof_data_start                
ffffffff  __binit__                           
ffffffff  __c_args__                          
ffffffff  binit                               
UNDEFED   SHT$$INIT_ARRAY$$Base               
UNDEFED   SHT$$INIT_ARRAY$$Limit              
UNDEFED   _system_post_cinit                  

[325 symbols]
