<?xml version="1.0"?>
<link_info>
   <banner>TI ARM Linker PC v5.2.4</banner>
   <copyright>Copyright (c) 1996-2015 Texas Instruments Incorporated</copyright>
   <link_time>0x56cf378e</link_time>
   <link_errors>0x0</link_errors>
   <output_file>TMS570BMS.out</output_file>
   <entry_point>
      <name>_c_int00</name>
      <address>0xa5c8</address>
   </entry_point>
   <input_file_list>
      <input_file id="fl-2">
         <path>.\source\</path>
         <kind>object</kind>
         <file>HET_EMU.obj</file>
         <name>HET_EMU.obj</name>
      </input_file>
      <input_file id="fl-3">
         <path>.\source\</path>
         <kind>object</kind>
         <file>HET_EMU_SCI.obj</file>
         <name>HET_EMU_SCI.obj</name>
      </input_file>
      <input_file id="fl-4">
         <path>.\source\</path>
         <kind>object</kind>
         <file>acb.obj</file>
         <name>acb.obj</name>
      </input_file>
      <input_file id="fl-5">
         <path>.\source\</path>
         <kind>object</kind>
         <file>adc.obj</file>
         <name>adc.obj</name>
      </input_file>
      <input_file id="fl-6">
         <path>.\source\</path>
         <kind>object</kind>
         <file>can.obj</file>
         <name>can.obj</name>
      </input_file>
      <input_file id="fl-7">
         <path>.\source\</path>
         <kind>object</kind>
         <file>crc.obj</file>
         <name>crc.obj</name>
      </input_file>
      <input_file id="fl-8">
         <path>.\source\</path>
         <kind>object</kind>
         <file>dabort.obj</file>
         <name>dabort.obj</name>
      </input_file>
      <input_file id="fl-9">
         <path>.\source\</path>
         <kind>object</kind>
         <file>emb1428.obj</file>
         <name>emb1428.obj</name>
      </input_file>
      <input_file id="fl-a">
         <path>.\source\</path>
         <kind>object</kind>
         <file>eqep.obj</file>
         <name>eqep.obj</name>
      </input_file>
      <input_file id="fl-b">
         <path>.\source\</path>
         <kind>object</kind>
         <file>esm.obj</file>
         <name>esm.obj</name>
      </input_file>
      <input_file id="fl-c">
         <path>.\source\</path>
         <kind>object</kind>
         <file>gio.obj</file>
         <name>gio.obj</name>
      </input_file>
      <input_file id="fl-d">
         <path>.\source\</path>
         <kind>object</kind>
         <file>het.obj</file>
         <name>het.obj</name>
      </input_file>
      <input_file id="fl-e">
         <path>.\source\</path>
         <kind>object</kind>
         <file>host_msg.obj</file>
         <name>host_msg.obj</name>
      </input_file>
      <input_file id="fl-f">
         <path>.\source\</path>
         <kind>object</kind>
         <file>lin.obj</file>
         <name>lin.obj</name>
      </input_file>
      <input_file id="fl-10">
         <path>.\source\</path>
         <kind>object</kind>
         <file>notification.obj</file>
         <name>notification.obj</name>
      </input_file>
      <input_file id="fl-11">
         <path>.\source\</path>
         <kind>object</kind>
         <file>pinmux.obj</file>
         <name>pinmux.obj</name>
      </input_file>
      <input_file id="fl-12">
         <path>.\source\</path>
         <kind>object</kind>
         <file>pl455.obj</file>
         <name>pl455.obj</name>
      </input_file>
      <input_file id="fl-13">
         <path>.\source\</path>
         <kind>object</kind>
         <file>pl455_register.obj</file>
         <name>pl455_register.obj</name>
      </input_file>
      <input_file id="fl-14">
         <path>.\source\</path>
         <kind>object</kind>
         <file>rti.obj</file>
         <name>rti.obj</name>
      </input_file>
      <input_file id="fl-15">
         <path>.\source\</path>
         <kind>object</kind>
         <file>sci.obj</file>
         <name>sci.obj</name>
      </input_file>
      <input_file id="fl-16">
         <path>.\source\</path>
         <kind>object</kind>
         <file>spi.obj</file>
         <name>spi.obj</name>
      </input_file>
      <input_file id="fl-17">
         <path>.\source\</path>
         <kind>object</kind>
         <file>sys_core.obj</file>
         <name>sys_core.obj</name>
      </input_file>
      <input_file id="fl-18">
         <path>.\source\</path>
         <kind>object</kind>
         <file>sys_intvecs.obj</file>
         <name>sys_intvecs.obj</name>
      </input_file>
      <input_file id="fl-19">
         <path>.\source\</path>
         <kind>object</kind>
         <file>sys_main.obj</file>
         <name>sys_main.obj</name>
      </input_file>
      <input_file id="fl-1a">
         <path>.\source\</path>
         <kind>object</kind>
         <file>sys_mpu.obj</file>
         <name>sys_mpu.obj</name>
      </input_file>
      <input_file id="fl-1b">
         <path>.\source\</path>
         <kind>object</kind>
         <file>sys_pcr.obj</file>
         <name>sys_pcr.obj</name>
      </input_file>
      <input_file id="fl-1c">
         <path>.\source\</path>
         <kind>object</kind>
         <file>sys_phantom.obj</file>
         <name>sys_phantom.obj</name>
      </input_file>
      <input_file id="fl-1d">
         <path>.\source\</path>
         <kind>object</kind>
         <file>sys_pmu.obj</file>
         <name>sys_pmu.obj</name>
      </input_file>
      <input_file id="fl-1e">
         <path>.\source\</path>
         <kind>object</kind>
         <file>sys_selftest.obj</file>
         <name>sys_selftest.obj</name>
      </input_file>
      <input_file id="fl-1f">
         <path>.\source\</path>
         <kind>object</kind>
         <file>sys_startup.obj</file>
         <name>sys_startup.obj</name>
      </input_file>
      <input_file id="fl-20">
         <path>.\source\</path>
         <kind>object</kind>
         <file>sys_vim.obj</file>
         <name>sys_vim.obj</name>
      </input_file>
      <input_file id="fl-21">
         <path>.\source\</path>
         <kind>object</kind>
         <file>system.obj</file>
         <name>system.obj</name>
      </input_file>
      <input_file id="fl-26">
         <path>c:\ti\ccsv6\tools\compiler\ti-cgt-arm_5.2.4\lib\</path>
         <kind>archive</kind>
         <file>rtsv7R4_T_be_eabi.lib</file>
         <name>autoinit.obj</name>
      </input_file>
      <input_file id="fl-27">
         <path>c:\ti\ccsv6\tools\compiler\ti-cgt-arm_5.2.4\lib\</path>
         <kind>archive</kind>
         <file>rtsv7R4_T_be_eabi.lib</file>
         <name>copy_decompress_none.obj</name>
      </input_file>
      <input_file id="fl-28">
         <path>c:\ti\ccsv6\tools\compiler\ti-cgt-arm_5.2.4\lib\</path>
         <kind>archive</kind>
         <file>rtsv7R4_T_be_eabi.lib</file>
         <name>copy_decompress_rle.obj</name>
      </input_file>
      <input_file id="fl-29">
         <path>c:\ti\ccsv6\tools\compiler\ti-cgt-arm_5.2.4\lib\</path>
         <kind>archive</kind>
         <file>rtsv7R4_T_be_eabi.lib</file>
         <name>copy_zero_init.obj</name>
      </input_file>
      <input_file id="fl-2a">
         <path>c:\ti\ccsv6\tools\compiler\ti-cgt-arm_5.2.4\lib\</path>
         <kind>archive</kind>
         <file>rtsv7R4_T_be_eabi.lib</file>
         <name>cpy_tbl.obj</name>
      </input_file>
      <input_file id="fl-2b">
         <path>c:\ti\ccsv6\tools\compiler\ti-cgt-arm_5.2.4\lib\</path>
         <kind>archive</kind>
         <file>rtsv7R4_T_be_eabi.lib</file>
         <name>exit.obj</name>
      </input_file>
      <input_file id="fl-2c">
         <path>c:\ti\ccsv6\tools\compiler\ti-cgt-arm_5.2.4\lib\</path>
         <kind>archive</kind>
         <file>rtsv7R4_T_be_eabi.lib</file>
         <name>fd_add_t2.obj</name>
      </input_file>
      <input_file id="fl-2d">
         <path>c:\ti\ccsv6\tools\compiler\ti-cgt-arm_5.2.4\lib\</path>
         <kind>archive</kind>
         <file>rtsv7R4_T_be_eabi.lib</file>
         <name>fd_cmp_t2.obj</name>
      </input_file>
      <input_file id="fl-2e">
         <path>c:\ti\ccsv6\tools\compiler\ti-cgt-arm_5.2.4\lib\</path>
         <kind>archive</kind>
         <file>rtsv7R4_T_be_eabi.lib</file>
         <name>fd_div_t2.obj</name>
      </input_file>
      <input_file id="fl-2f">
         <path>c:\ti\ccsv6\tools\compiler\ti-cgt-arm_5.2.4\lib\</path>
         <kind>archive</kind>
         <file>rtsv7R4_T_be_eabi.lib</file>
         <name>fd_mul_t2.obj</name>
      </input_file>
      <input_file id="fl-30">
         <path>c:\ti\ccsv6\tools\compiler\ti-cgt-arm_5.2.4\lib\</path>
         <kind>archive</kind>
         <file>rtsv7R4_T_be_eabi.lib</file>
         <name>fd_toi_t2.obj</name>
      </input_file>
      <input_file id="fl-31">
         <path>c:\ti\ccsv6\tools\compiler\ti-cgt-arm_5.2.4\lib\</path>
         <kind>archive</kind>
         <file>rtsv7R4_T_be_eabi.lib</file>
         <name>fd_tos_t2.obj</name>
      </input_file>
      <input_file id="fl-32">
         <path>c:\ti\ccsv6\tools\compiler\ti-cgt-arm_5.2.4\lib\</path>
         <kind>archive</kind>
         <file>rtsv7R4_T_be_eabi.lib</file>
         <name>fd_tou_t2.obj</name>
      </input_file>
      <input_file id="fl-33">
         <path>c:\ti\ccsv6\tools\compiler\ti-cgt-arm_5.2.4\lib\</path>
         <kind>archive</kind>
         <file>rtsv7R4_T_be_eabi.lib</file>
         <name>fs_add_t2.obj</name>
      </input_file>
      <input_file id="fl-34">
         <path>c:\ti\ccsv6\tools\compiler\ti-cgt-arm_5.2.4\lib\</path>
         <kind>archive</kind>
         <file>rtsv7R4_T_be_eabi.lib</file>
         <name>fs_cmp_t2.obj</name>
      </input_file>
      <input_file id="fl-35">
         <path>c:\ti\ccsv6\tools\compiler\ti-cgt-arm_5.2.4\lib\</path>
         <kind>archive</kind>
         <file>rtsv7R4_T_be_eabi.lib</file>
         <name>fs_div_t2.obj</name>
      </input_file>
      <input_file id="fl-36">
         <path>c:\ti\ccsv6\tools\compiler\ti-cgt-arm_5.2.4\lib\</path>
         <kind>archive</kind>
         <file>rtsv7R4_T_be_eabi.lib</file>
         <name>fs_tod_t2.obj</name>
      </input_file>
      <input_file id="fl-37">
         <path>c:\ti\ccsv6\tools\compiler\ti-cgt-arm_5.2.4\lib\</path>
         <kind>archive</kind>
         <file>rtsv7R4_T_be_eabi.lib</file>
         <name>i_tofd_t2.obj</name>
      </input_file>
      <input_file id="fl-38">
         <path>c:\ti\ccsv6\tools\compiler\ti-cgt-arm_5.2.4\lib\</path>
         <kind>archive</kind>
         <file>rtsv7R4_T_be_eabi.lib</file>
         <name>i_tofs_t2.obj</name>
      </input_file>
      <input_file id="fl-39">
         <path>c:\ti\ccsv6\tools\compiler\ti-cgt-arm_5.2.4\lib\</path>
         <kind>archive</kind>
         <file>rtsv7R4_T_be_eabi.lib</file>
         <name>memcpy_t2.obj</name>
      </input_file>
      <input_file id="fl-3a">
         <path>c:\ti\ccsv6\tools\compiler\ti-cgt-arm_5.2.4\lib\</path>
         <kind>archive</kind>
         <file>rtsv7R4_T_be_eabi.lib</file>
         <name>memset_t2.obj</name>
      </input_file>
      <input_file id="fl-3b">
         <path>c:\ti\ccsv6\tools\compiler\ti-cgt-arm_5.2.4\lib\</path>
         <kind>archive</kind>
         <file>rtsv7R4_T_be_eabi.lib</file>
         <name>u_div32.obj</name>
      </input_file>
      <input_file id="fl-3c">
         <path>c:\ti\ccsv6\tools\compiler\ti-cgt-arm_5.2.4\lib\</path>
         <kind>archive</kind>
         <file>rtsv7R4_T_be_eabi.lib</file>
         <name>u_tofd_t2.obj</name>
      </input_file>
      <input_file id="fl-3d">
         <path>c:\ti\ccsv6\tools\compiler\ti-cgt-arm_5.2.4\lib\</path>
         <kind>archive</kind>
         <file>rtsv7R4_T_be_eabi.lib</file>
         <name>vsnprintf.obj</name>
      </input_file>
      <input_file id="fl-3e">
         <path>c:\ti\ccsv6\tools\compiler\ti-cgt-arm_5.2.4\lib\</path>
         <kind>archive</kind>
         <file>rtsv7R4_T_be_eabi.lib</file>
         <name>_lock.obj</name>
      </input_file>
      <input_file id="fl-3f">
         <path>c:\ti\ccsv6\tools\compiler\ti-cgt-arm_5.2.4\lib\</path>
         <kind>archive</kind>
         <file>rtsv7R4_T_be_eabi.lib</file>
         <name>_printfi.obj</name>
      </input_file>
      <input_file id="fl-40">
         <path>c:\ti\ccsv6\tools\compiler\ti-cgt-arm_5.2.4\lib\</path>
         <kind>archive</kind>
         <file>rtsv7R4_T_be_eabi.lib</file>
         <name>atoi.obj</name>
      </input_file>
      <input_file id="fl-41">
         <path>c:\ti\ccsv6\tools\compiler\ti-cgt-arm_5.2.4\lib\</path>
         <kind>archive</kind>
         <file>rtsv7R4_T_be_eabi.lib</file>
         <name>ctype.obj</name>
      </input_file>
      <input_file id="fl-42">
         <path>c:\ti\ccsv6\tools\compiler\ti-cgt-arm_5.2.4\lib\</path>
         <kind>archive</kind>
         <file>rtsv7R4_T_be_eabi.lib</file>
         <name>frexp.obj</name>
      </input_file>
      <input_file id="fl-43">
         <path>c:\ti\ccsv6\tools\compiler\ti-cgt-arm_5.2.4\lib\</path>
         <kind>archive</kind>
         <file>rtsv7R4_T_be_eabi.lib</file>
         <name>i_div0.obj</name>
      </input_file>
      <input_file id="fl-44">
         <path>c:\ti\ccsv6\tools\compiler\ti-cgt-arm_5.2.4\lib\</path>
         <kind>archive</kind>
         <file>rtsv7R4_T_be_eabi.lib</file>
         <name>ldexp.obj</name>
      </input_file>
      <input_file id="fl-45">
         <path>c:\ti\ccsv6\tools\compiler\ti-cgt-arm_5.2.4\lib\</path>
         <kind>archive</kind>
         <file>rtsv7R4_T_be_eabi.lib</file>
         <name>ltoa.obj</name>
      </input_file>
      <input_file id="fl-46">
         <path>c:\ti\ccsv6\tools\compiler\ti-cgt-arm_5.2.4\lib\</path>
         <kind>archive</kind>
         <file>rtsv7R4_T_be_eabi.lib</file>
         <name>memccpy.obj</name>
      </input_file>
      <input_file id="fl-47">
         <path>c:\ti\ccsv6\tools\compiler\ti-cgt-arm_5.2.4\lib\</path>
         <kind>archive</kind>
         <file>rtsv7R4_T_be_eabi.lib</file>
         <name>strchr.obj</name>
      </input_file>
      <input_file id="fl-48">
         <path>c:\ti\ccsv6\tools\compiler\ti-cgt-arm_5.2.4\lib\</path>
         <kind>archive</kind>
         <file>rtsv7R4_T_be_eabi.lib</file>
         <name>strlen.obj</name>
      </input_file>
      <input_file id="fl-49">
         <path>c:\ti\ccsv6\tools\compiler\ti-cgt-arm_5.2.4\lib\</path>
         <kind>archive</kind>
         <file>rtsv7R4_T_be_eabi.lib</file>
         <name>ull_div32.obj</name>
      </input_file>
      <input_file id="fl-4a">
         <path>c:\ti\ccsv6\tools\compiler\ti-cgt-arm_5.2.4\lib\</path>
         <kind>archive</kind>
         <file>rtsv7R4_T_be_eabi.lib</file>
         <name>xdclass.obj</name>
      </input_file>
      <input_file id="fl-4b">
         <path>c:\ti\ccsv6\tools\compiler\ti-cgt-arm_5.2.4\lib\</path>
         <kind>archive</kind>
         <file>rtsv7R4_T_be_eabi.lib</file>
         <name>xdscale.obj</name>
      </input_file>
      <input_file id="fl-4c">
         <path>c:\ti\ccsv6\tools\compiler\ti-cgt-arm_5.2.4\lib\</path>
         <kind>archive</kind>
         <file>rtsv7R4_T_be_eabi.lib</file>
         <name>xdunscal.obj</name>
      </input_file>
      <input_file id="fl-4d">
         <path>c:\ti\ccsv6\tools\compiler\ti-cgt-arm_5.2.4\lib\</path>
         <kind>archive</kind>
         <file>rtsv7R4_T_be_eabi.lib</file>
         <name>xferaise.obj</name>
      </input_file>
      <input_file id="fl-4e">
         <path>c:\ti\ccsv6\tools\compiler\ti-cgt-arm_5.2.4\lib\</path>
         <kind>archive</kind>
         <file>rtsv7R4_T_be_eabi.lib</file>
         <name>xvalues.obj</name>
      </input_file>
      <input_file id="fl-4f">
         <path>c:\ti\ccsv6\tools\compiler\ti-cgt-arm_5.2.4\lib\</path>
         <kind>archive</kind>
         <file>rtsv7R4_T_be_eabi.lib</file>
         <name>errno.obj</name>
      </input_file>
      <input_file id="fl-50">
         <path>c:\ti\ccsv6\tools\compiler\ti-cgt-arm_5.2.4\lib\</path>
         <kind>archive</kind>
         <file>rtsv7R4_T_be_eabi.lib</file>
         <name>feraiseexcept.obj</name>
      </input_file>
      <input_file id="fl-51">
         <path>c:\ti\ccsv6\tools\compiler\ti-cgt-arm_5.2.4\lib\</path>
         <kind>archive</kind>
         <file>rtsv7R4_T_be_eabi.lib</file>
         <name>raise.obj</name>
      </input_file>
      <input_file id="fl-52">
         <path>c:\ti\ccsv6\tools\compiler\ti-cgt-arm_5.2.4\lib\</path>
         <kind>archive</kind>
         <file>rtsv7R4_T_be_eabi.lib</file>
         <name>signal.obj</name>
      </input_file>
      <input_file id="fl-53">
         <path>c:\ti\ccsv6\tools\compiler\ti-cgt-arm_5.2.4\lib\</path>
         <kind>archive</kind>
         <file>rtsv7R4_T_be_eabi.lib</file>
         <name>xdnorm.obj</name>
      </input_file>
   </input_file_list>
   <object_component_list>
      <object_component id="oc-45">
         <name>.intvecs</name>
         <load_address>0x0</load_address>
         <run_address>0x0</run_address>
         <size>0x20</size>
         <input_file_ref idref="fl-18"/>
      </object_component>
      <object_component id="oc-8c">
         <name>.text</name>
         <load_address>0x20</load_address>
         <run_address>0x20</run_address>
         <size>0x24f0</size>
         <input_file_ref idref="fl-1e"/>
      </object_component>
      <object_component id="oc-321">
         <name>.text</name>
         <load_address>0x2510</load_address>
         <run_address>0x2510</run_address>
         <size>0x10e2</size>
         <input_file_ref idref="fl-3f"/>
      </object_component>
      <object_component id="oc-2ee">
         <name>.text</name>
         <load_address>0x35f2</load_address>
         <run_address>0x35f2</run_address>
         <size>0x2</size>
         <input_file_ref idref="fl-43"/>
      </object_component>
      <object_component id="oc-12f">
         <name>.text</name>
         <load_address>0x35f4</load_address>
         <run_address>0x35f4</run_address>
         <size>0xeac</size>
         <input_file_ref idref="fl-12"/>
      </object_component>
      <object_component id="oc-129">
         <name>.text</name>
         <load_address>0x44a0</load_address>
         <run_address>0x44a0</run_address>
         <size>0xe3c</size>
         <input_file_ref idref="fl-4"/>
      </object_component>
      <object_component id="oc-123">
         <name>.text</name>
         <load_address>0x52dc</load_address>
         <run_address>0x52dc</run_address>
         <size>0xda4</size>
         <input_file_ref idref="fl-e"/>
      </object_component>
      <object_component id="oc-2de">
         <name>.text</name>
         <load_address>0x6080</load_address>
         <run_address>0x6080</run_address>
         <size>0xadc</size>
         <input_file_ref idref="fl-16"/>
      </object_component>
      <object_component id="oc-86">
         <name>.text</name>
         <load_address>0x6b5c</load_address>
         <run_address>0x6b5c</run_address>
         <size>0xa6c</size>
         <input_file_ref idref="fl-21"/>
      </object_component>
      <object_component id="oc-51">
         <name>.text</name>
         <load_address>0x75c8</load_address>
         <run_address>0x75c8</run_address>
         <size>0x898</size>
         <input_file_ref idref="fl-20"/>
      </object_component>
      <object_component id="oc-111">
         <name>.text</name>
         <load_address>0x7e60</load_address>
         <run_address>0x7e60</run_address>
         <size>0x684</size>
         <input_file_ref idref="fl-15"/>
      </object_component>
      <object_component id="oc-226">
         <name>.text</name>
         <load_address>0x84e4</load_address>
         <run_address>0x84e4</run_address>
         <size>0x668</size>
         <input_file_ref idref="fl-9"/>
      </object_component>
      <object_component id="oc-117">
         <name>.text</name>
         <load_address>0x8b4c</load_address>
         <run_address>0x8b4c</run_address>
         <size>0x630</size>
         <input_file_ref idref="fl-14"/>
      </object_component>
      <object_component id="oc-92">
         <name>.text</name>
         <load_address>0x917c</load_address>
         <run_address>0x917c</run_address>
         <size>0x5e8</size>
         <input_file_ref idref="fl-b"/>
      </object_component>
      <object_component id="oc-10b">
         <name>.text</name>
         <load_address>0x9764</load_address>
         <run_address>0x9764</run_address>
         <size>0x36c</size>
         <input_file_ref idref="fl-c"/>
      </object_component>
      <object_component id="oc-81">
         <name>.text</name>
         <load_address>0x9ad0</load_address>
         <run_address>0x9ad0</run_address>
         <size>0x340</size>
         <input_file_ref idref="fl-17"/>
      </object_component>
      <object_component id="oc-345">
         <name>.text</name>
         <load_address>0x9e10</load_address>
         <run_address>0x9e10</run_address>
         <size>0x2b8</size>
         <input_file_ref idref="fl-49"/>
      </object_component>
      <object_component id="oc-11d">
         <name>.text</name>
         <load_address>0xa0c8</load_address>
         <run_address>0xa0c8</run_address>
         <size>0x294</size>
         <input_file_ref idref="fl-d"/>
      </object_component>
      <object_component id="oc-50">
         <name>.text:retain</name>
         <load_address>0xa35c</load_address>
         <run_address>0xa35c</run_address>
         <size>0x26c</size>
         <input_file_ref idref="fl-20"/>
      </object_component>
      <object_component id="oc-1e">
         <name>.text:retain</name>
         <load_address>0xa5c8</load_address>
         <run_address>0xa5c8</run_address>
         <size>0x238</size>
         <input_file_ref idref="fl-1f"/>
      </object_component>
      <object_component id="oc-ab">
         <name>.text</name>
         <load_address>0xa800</load_address>
         <run_address>0xa800</run_address>
         <size>0x1e8</size>
         <input_file_ref idref="fl-10"/>
      </object_component>
      <object_component id="oc-3f">
         <name>.text:retain</name>
         <load_address>0xa9e8</load_address>
         <run_address>0xa9e8</run_address>
         <size>0x1d8</size>
         <input_file_ref idref="fl-15"/>
      </object_component>
      <object_component id="oc-206">
         <name>.text</name>
         <load_address>0xabc0</load_address>
         <run_address>0xabc0</run_address>
         <size>0x1d0</size>
         <input_file_ref idref="fl-2"/>
      </object_component>
      <object_component id="oc-1ef">
         <name>.text</name>
         <load_address>0xad90</load_address>
         <run_address>0xad90</run_address>
         <size>0x1b6</size>
         <input_file_ref idref="fl-2c"/>
      </object_component>
      <object_component id="oc-ed">
         <name>.text</name>
         <load_address>0xaf48</load_address>
         <run_address>0xaf48</run_address>
         <size>0x150</size>
         <input_file_ref idref="fl-11"/>
      </object_component>
      <object_component id="oc-9e">
         <name>.text</name>
         <load_address>0xb098</load_address>
         <run_address>0xb098</run_address>
         <size>0x148</size>
         <input_file_ref idref="fl-19"/>
      </object_component>
      <object_component id="oc-1ea">
         <name>.text</name>
         <load_address>0xb1e0</load_address>
         <run_address>0xb1e0</run_address>
         <size>0x136</size>
         <input_file_ref idref="fl-2e"/>
      </object_component>
      <object_component id="oc-3a4">
         <name>.text</name>
         <load_address>0xb318</load_address>
         <run_address>0xb318</run_address>
         <size>0x114</size>
         <input_file_ref idref="fl-4b"/>
      </object_component>
      <object_component id="oc-f5">
         <name>.text</name>
         <load_address>0xb42c</load_address>
         <run_address>0xb42c</run_address>
         <size>0x110</size>
         <input_file_ref idref="fl-1d"/>
      </object_component>
      <object_component id="oc-236">
         <name>.text</name>
         <load_address>0xb53c</load_address>
         <run_address>0xb53c</run_address>
         <size>0xfc</size>
         <input_file_ref idref="fl-2f"/>
      </object_component>
      <object_component id="oc-240">
         <name>.text</name>
         <load_address>0xb638</load_address>
         <run_address>0xb638</run_address>
         <size>0xfa</size>
         <input_file_ref idref="fl-33"/>
      </object_component>
      <object_component id="oc-24">
         <name>.text:retain</name>
         <load_address>0xb734</load_address>
         <run_address>0xb734</run_address>
         <size>0xec</size>
         <input_file_ref idref="fl-b"/>
      </object_component>
      <object_component id="oc-c1">
         <name>.text</name>
         <load_address>0xb820</load_address>
         <run_address>0xb820</run_address>
         <size>0xe8</size>
         <input_file_ref idref="fl-8"/>
      </object_component>
      <object_component id="oc-3c7">
         <name>.text</name>
         <load_address>0xb908</load_address>
         <run_address>0xb908</run_address>
         <size>0xc6</size>
         <input_file_ref idref="fl-53"/>
      </object_component>
      <object_component id="oc-5c">
         <name>.text</name>
         <load_address>0xb9ce</load_address>
         <run_address>0xb9ce</run_address>
         <size>0x9c</size>
         <input_file_ref idref="fl-39"/>
      </object_component>
      <object_component id="oc-254">
         <name>.text</name>
         <load_address>0xba6a</load_address>
         <run_address>0xba6a</run_address>
         <size>0x92</size>
         <input_file_ref idref="fl-35"/>
      </object_component>
      <object_component id="oc-2c9">
         <name>.text</name>
         <load_address>0xbafc</load_address>
         <run_address>0xbafc</run_address>
         <size>0x88</size>
         <input_file_ref idref="fl-3d"/>
      </object_component>
      <object_component id="oc-350">
         <name>.text:__aeabi_cdcmple</name>
         <load_address>0xbb84</load_address>
         <run_address>0xbb84</run_address>
         <size>0x86</size>
         <input_file_ref idref="fl-2d"/>
      </object_component>
      <object_component id="oc-25e">
         <name>.text:__aeabi_cdrcmple</name>
         <load_address>0xbc0a</load_address>
         <run_address>0xbc0a</run_address>
         <size>0x86</size>
         <input_file_ref idref="fl-2d"/>
      </object_component>
      <object_component id="oc-39">
         <name>.text:retain</name>
         <load_address>0xbc90</load_address>
         <run_address>0xbc90</run_address>
         <size>0x84</size>
         <input_file_ref idref="fl-14"/>
      </object_component>
      <object_component id="oc-75">
         <name>.text</name>
         <load_address>0xbd14</load_address>
         <run_address>0xbd14</run_address>
         <size>0x7a</size>
         <input_file_ref idref="fl-3a"/>
      </object_component>
      <object_component id="oc-98">
         <name>.text</name>
         <load_address>0xbd90</load_address>
         <run_address>0xbd90</run_address>
         <size>0x6c</size>
         <input_file_ref idref="fl-26"/>
      </object_component>
      <object_component id="oc-68">
         <name>.text</name>
         <load_address>0xbdfc</load_address>
         <run_address>0xbdfc</run_address>
         <size>0x6a</size>
         <input_file_ref idref="fl-28"/>
      </object_component>
      <object_component id="oc-39c">
         <name>.text</name>
         <load_address>0xbe66</load_address>
         <run_address>0xbe66</run_address>
         <size>0x64</size>
         <input_file_ref idref="fl-4c"/>
      </object_component>
      <object_component id="oc-24a">
         <name>.text:__aeabi_cfcmple</name>
         <load_address>0xbeca</load_address>
         <run_address>0xbeca</run_address>
         <size>0x60</size>
         <input_file_ref idref="fl-34"/>
      </object_component>
      <object_component id="oc-245">
         <name>.text:__aeabi_cfrcmple</name>
         <load_address>0xbf2a</load_address>
         <run_address>0xbf2a</run_address>
         <size>0x60</size>
         <input_file_ref idref="fl-34"/>
      </object_component>
      <object_component id="oc-355">
         <name>.text</name>
         <load_address>0xbf8a</load_address>
         <run_address>0xbf8a</run_address>
         <size>0x56</size>
         <input_file_ref idref="fl-45"/>
      </object_component>
      <object_component id="oc-379">
         <name>.text</name>
         <load_address>0xbfe0</load_address>
         <run_address>0xbfe0</run_address>
         <size>0x50</size>
         <input_file_ref idref="fl-40"/>
      </object_component>
      <object_component id="oc-22c">
         <name>.text</name>
         <load_address>0xc030</load_address>
         <run_address>0xc030</run_address>
         <size>0x50</size>
         <input_file_ref idref="fl-3b"/>
      </object_component>
      <object_component id="oc-2d">
         <name>.text:retain</name>
         <load_address>0xc080</load_address>
         <run_address>0xc080</run_address>
         <size>0x4c</size>
         <input_file_ref idref="fl-c"/>
      </object_component>
      <object_component id="oc-103">
         <name>.text</name>
         <load_address>0xc0cc</load_address>
         <run_address>0xc0cc</run_address>
         <size>0x4c</size>
         <input_file_ref idref="fl-2a"/>
      </object_component>
      <object_component id="oc-2e4">
         <name>.text</name>
         <load_address>0xc118</load_address>
         <run_address>0xc118</run_address>
         <size>0x48</size>
         <input_file_ref idref="fl-30"/>
      </object_component>
      <object_component id="oc-23b">
         <name>.text</name>
         <load_address>0xc160</load_address>
         <run_address>0xc160</run_address>
         <size>0x46</size>
         <input_file_ref idref="fl-31"/>
      </object_component>
      <object_component id="oc-1f4">
         <name>.text</name>
         <load_address>0xc1a6</load_address>
         <run_address>0xc1a6</run_address>
         <size>0x42</size>
         <input_file_ref idref="fl-32"/>
      </object_component>
      <object_component id="oc-a4">
         <name>.text</name>
         <load_address>0xc1e8</load_address>
         <run_address>0xc1e8</run_address>
         <size>0x40</size>
         <input_file_ref idref="fl-2b"/>
      </object_component>
      <object_component id="oc-361">
         <name>.text</name>
         <load_address>0xc228</load_address>
         <run_address>0xc228</run_address>
         <size>0x40</size>
         <input_file_ref idref="fl-44"/>
      </object_component>
      <object_component id="oc-408">
         <name>.text</name>
         <load_address>0xc268</load_address>
         <run_address>0xc268</run_address>
         <size>0x40</size>
         <input_file_ref idref="fl-52"/>
      </object_component>
      <object_component id="oc-24f">
         <name>.text</name>
         <load_address>0xc2a8</load_address>
         <run_address>0xc2a8</run_address>
         <size>0x38</size>
         <input_file_ref idref="fl-38"/>
      </object_component>
      <object_component id="oc-259">
         <name>.text</name>
         <load_address>0xc2e0</load_address>
         <run_address>0xc2e0</run_address>
         <size>0x36</size>
         <input_file_ref idref="fl-36"/>
      </object_component>
      <object_component id="oc-33">
         <name>.text:retain</name>
         <load_address>0xc318</load_address>
         <run_address>0xc318</run_address>
         <size>0x34</size>
         <input_file_ref idref="fl-d"/>
      </object_component>
      <object_component id="oc-3d6">
         <name>.text</name>
         <load_address>0xc34c</load_address>
         <run_address>0xc34c</run_address>
         <size>0x34</size>
         <input_file_ref idref="fl-50"/>
      </object_component>
      <object_component id="oc-3aa">
         <name>.text</name>
         <load_address>0xc380</load_address>
         <run_address>0xc380</run_address>
         <size>0x34</size>
         <input_file_ref idref="fl-4d"/>
      </object_component>
      <object_component id="oc-231">
         <name>.text</name>
         <load_address>0xc3b4</load_address>
         <run_address>0xc3b4</run_address>
         <size>0x2e</size>
         <input_file_ref idref="fl-37"/>
      </object_component>
      <object_component id="oc-3f8">
         <name>.text</name>
         <load_address>0xc3e2</load_address>
         <run_address>0xc3e2</run_address>
         <size>0x2e</size>
         <input_file_ref idref="fl-51"/>
      </object_component>
      <object_component id="oc-36d">
         <name>.text</name>
         <load_address>0xc410</load_address>
         <run_address>0xc410</run_address>
         <size>0x2a</size>
         <input_file_ref idref="fl-4a"/>
      </object_component>
      <object_component id="oc-35b">
         <name>.text</name>
         <load_address>0xc43a</load_address>
         <run_address>0xc43a</run_address>
         <size>0x22</size>
         <input_file_ref idref="fl-42"/>
      </object_component>
      <object_component id="oc-1e5">
         <name>.text</name>
         <load_address>0xc45c</load_address>
         <run_address>0xc45c</run_address>
         <size>0x20</size>
         <input_file_ref idref="fl-3c"/>
      </object_component>
      <object_component id="oc-373">
         <name>.text</name>
         <load_address>0xc47c</load_address>
         <run_address>0xc47c</run_address>
         <size>0x1c</size>
         <input_file_ref idref="fl-46"/>
      </object_component>
      <object_component id="oc-367">
         <name>.text</name>
         <load_address>0xc498</load_address>
         <run_address>0xc498</run_address>
         <size>0x16</size>
         <input_file_ref idref="fl-47"/>
      </object_component>
      <object_component id="oc-34a">
         <name>.text</name>
         <load_address>0xc4ae</load_address>
         <run_address>0xc4ae</run_address>
         <size>0x16</size>
         <input_file_ref idref="fl-48"/>
      </object_component>
      <object_component id="oc-27f">
         <name>.text</name>
         <load_address>0xc4c4</load_address>
         <run_address>0xc4c4</run_address>
         <size>0x14</size>
         <input_file_ref idref="fl-3e"/>
      </object_component>
      <object_component id="oc-c">
         <name>.text:decompress:none</name>
         <load_address>0xc4d8</load_address>
         <run_address>0xc4d8</run_address>
         <size>0xe</size>
         <input_file_ref idref="fl-27"/>
      </object_component>
      <object_component id="oc-18">
         <name>.text:decompress:ZI</name>
         <load_address>0xc4e6</load_address>
         <run_address>0xc4e6</run_address>
         <size>0xc</size>
         <input_file_ref idref="fl-29"/>
      </object_component>
      <object_component id="oc-12">
         <name>.text:decompress:rle24</name>
         <load_address>0xc4f2</load_address>
         <run_address>0xc4f2</run_address>
         <size>0x6</size>
         <input_file_ref idref="fl-28"/>
      </object_component>
      <object_component id="oc-4a">
         <name>.text:retain</name>
         <load_address>0xc4f8</load_address>
         <run_address>0xc4f8</run_address>
         <size>0x4</size>
         <input_file_ref idref="fl-1c"/>
      </object_component>
      <object_component id="oc-201">
         <name>.const:HET_INIT0_PST</name>
         <load_address>0xc4fc</load_address>
         <run_address>0xc4fc</run_address>
         <size>0x220</size>
         <input_file_ref idref="fl-3"/>
      </object_component>
      <object_component id="oc-273">
         <name>.const:crc16_table</name>
         <load_address>0xc71c</load_address>
         <run_address>0xc71c</run_address>
         <size>0x200</size>
         <input_file_ref idref="fl-12"/>
      </object_component>
      <object_component id="oc-2a">
         <name>.const:s_vim_init</name>
         <load_address>0xc91c</load_address>
         <run_address>0xc91c</run_address>
         <size>0x180</size>
         <input_file_ref idref="fl-20"/>
      </object_component>
      <object_component id="oc-3b7">
         <name>.const:.string:_ctypes_</name>
         <load_address>0xca9c</load_address>
         <run_address>0xca9c</run_address>
         <size>0x101</size>
         <input_file_ref idref="fl-41"/>
      </object_component>
      <object_component id="oc-44c">
         <name>.cinit..data.load</name>
         <load_address>0xcba0</load_address>
         <run_address>0xcba0</run_address>
         <size>0x6f</size>
      </object_component>
      <object_component id="oc-449">
         <name>__TI_handler_table</name>
         <load_address>0xcc10</load_address>
         <run_address>0xcc10</run_address>
         <size>0xc</size>
      </object_component>
      <object_component id="oc-44b">
         <name>.cinit..bss.load</name>
         <load_address>0xcc20</load_address>
         <run_address>0xcc20</run_address>
         <size>0x8</size>
      </object_component>
      <object_component id="oc-44a">
         <name>__TI_cinit_table</name>
         <load_address>0xcc28</load_address>
         <run_address>0xcc28</run_address>
         <size>0x10</size>
      </object_component>
      <object_component id="oc-222">
         <name>.bss:g_ui8PL455Data</name>
         <uninitialized>true</uninitialized>
         <run_address>0x8001a28</run_address>
         <size>0x40</size>
         <input_file_ref idref="fl-4"/>
      </object_component>
      <object_component id="oc-26a">
         <name>.bss:acb_trace</name>
         <uninitialized>true</uninitialized>
         <run_address>0x8001500</run_address>
         <size>0x3e8</size>
         <input_file_ref idref="fl-4"/>
      </object_component>
      <object_component id="oc-218">
         <name>.bss:g_ui8HostTxBuf</name>
         <uninitialized>true</uninitialized>
         <run_address>0x80018e8</run_address>
         <size>0x7c</size>
         <input_file_ref idref="fl-e"/>
      </object_component>
      <object_component id="oc-21f">
         <name>.bss:g_ui8SCIRXBuf</name>
         <uninitialized>true</uninitialized>
         <run_address>0x8001964</run_address>
         <size>0x7c</size>
         <input_file_ref idref="fl-e"/>
      </object_component>
      <object_component id="oc-335">
         <name>.bss:g_spiPacket_t</name>
         <uninitialized>true</uninitialized>
         <run_address>0x80019e0</run_address>
         <size>0x48</size>
         <input_file_ref idref="fl-16"/>
      </object_component>
      <object_component id="oc-268">
         <name>.common:cellSample</name>
         <uninitialized>true</uninitialized>
         <run_address>0x8001ac4</run_address>
         <size>0x4</size>
      </object_component>
      <object_component id="oc-265">
         <name>.common:maxCellDelta</name>
         <uninitialized>true</uninitialized>
         <run_address>0x8001b08</run_address>
         <size>0x4</size>
      </object_component>
      <object_component id="oc-266">
         <name>.common:cellAverage</name>
         <uninitialized>true</uninitialized>
         <run_address>0x8001abc</run_address>
         <size>0x4</size>
      </object_component>
      <object_component id="oc-263">
         <name>.common:maxCellNum</name>
         <uninitialized>true</uninitialized>
         <run_address>0x8001b0c</run_address>
         <size>0x4</size>
      </object_component>
      <object_component id="oc-264">
         <name>.common:minCellNum</name>
         <uninitialized>true</uninitialized>
         <run_address>0x8001b10</run_address>
         <size>0x4</size>
      </object_component>
      <object_component id="oc-267">
         <name>.common:cellToBalance</name>
         <uninitialized>true</uninitialized>
         <run_address>0x8001ac8</run_address>
         <size>0x4</size>
      </object_component>
      <object_component id="oc-269">
         <name>.common:cellBalanceDir</name>
         <uninitialized>true</uninitialized>
         <run_address>0x8001ac0</run_address>
         <size>0x4</size>
      </object_component>
      <object_component id="oc-20d">
         <name>.common:g_ui32HostRxIndex</name>
         <uninitialized>true</uninitialized>
         <run_address>0x8001ad4</run_address>
         <size>0x4</size>
      </object_component>
      <object_component id="oc-20c">
         <name>.common:g_ui32HostRxCount</name>
         <uninitialized>true</uninitialized>
         <run_address>0x8001ad0</run_address>
         <size>0x4</size>
      </object_component>
      <object_component id="oc-217">
         <name>.common:g_ui32HostTxIndex</name>
         <uninitialized>true</uninitialized>
         <run_address>0x8001aec</run_address>
         <size>0x4</size>
      </object_component>
      <object_component id="oc-214">
         <name>.common:g_ui32HostTxCount</name>
         <uninitialized>true</uninitialized>
         <run_address>0x8001ae8</run_address>
         <size>0x4</size>
      </object_component>
      <object_component id="oc-211">
         <name>.common:g_ui32HostRxSize</name>
         <uninitialized>true</uninitialized>
         <run_address>0x8001adc</run_address>
         <size>0x4</size>
      </object_component>
      <object_component id="oc-215">
         <name>.common:g_ui32HostTxSize</name>
         <uninitialized>true</uninitialized>
         <run_address>0x8001af4</run_address>
         <size>0x4</size>
      </object_component>
      <object_component id="oc-212">
         <name>.common:g_ui32HostRxSize0</name>
         <uninitialized>true</uninitialized>
         <run_address>0x8001ae0</run_address>
         <size>0x4</size>
      </object_component>
      <object_component id="oc-213">
         <name>.common:g_ui32HostRxSize1</name>
         <uninitialized>true</uninitialized>
         <run_address>0x8001ae4</run_address>
         <size>0x4</size>
      </object_component>
      <object_component id="oc-20e">
         <name>.common:g_ui8HostRxPtr</name>
         <uninitialized>true</uninitialized>
         <run_address>0x8001b00</run_address>
         <size>0x4</size>
      </object_component>
      <object_component id="oc-216">
         <name>.common:g_ui8HostTxPtr</name>
         <uninitialized>true</uninitialized>
         <run_address>0x8001b04</run_address>
         <size>0x4</size>
      </object_component>
      <object_component id="oc-20f">
         <name>.common:g_ui8HostRxBuf0</name>
         <uninitialized>true</uninitialized>
         <run_address>0x8001a68</run_address>
         <size>0x20</size>
      </object_component>
      <object_component id="oc-210">
         <name>.common:g_ui8HostRxBuf1</name>
         <uninitialized>true</uninitialized>
         <run_address>0x8001a88</run_address>
         <size>0x20</size>
      </object_component>
      <object_component id="oc-21b">
         <name>.common:g_ui16PL455Addr</name>
         <uninitialized>true</uninitialized>
         <run_address>0x8001b14</run_address>
         <size>0x2</size>
      </object_component>
      <object_component id="oc-138">
         <name>.common:g_ui32HostTxReady</name>
         <uninitialized>true</uninitialized>
         <run_address>0x8001af0</run_address>
         <size>0x4</size>
      </object_component>
      <object_component id="oc-135">
         <name>.common:g_ui32HostRxReady</name>
         <uninitialized>true</uninitialized>
         <run_address>0x8001ad8</run_address>
         <size>0x4</size>
      </object_component>
      <object_component id="oc-139">
         <name>.common:g_ui32SCIRxReady</name>
         <uninitialized>true</uninitialized>
         <run_address>0x8001af8</run_address>
         <size>0x4</size>
      </object_component>
      <object_component id="oc-13a">
         <name>.common:g_ui32SCITxReady</name>
         <uninitialized>true</uninitialized>
         <run_address>0x8001afc</run_address>
         <size>0x4</size>
      </object_component>
      <object_component id="oc-276">
         <name>.common:delayval$1</name>
         <uninitialized>true</uninitialized>
         <run_address>0x8001acc</run_address>
         <size>0x4</size>
      </object_component>
      <object_component id="oc-bd">
         <name>.common:g_sciTransfer_t</name>
         <uninitialized>true</uninitialized>
         <run_address>0x8001aa8</run_address>
         <size>0x14</size>
      </object_component>
      <object_component id="oc-13b">
         <name>.data</name>
         <load_address>0x8001d48</load_address>
         <run_address>0x8001d48</run_address>
         <size>0x20</size>
         <input_file_ref idref="fl-4"/>
      </object_component>
      <object_component id="oc-2e9">
         <name>.data</name>
         <load_address>0x8001d8c</load_address>
         <run_address>0x8001d8c</run_address>
         <size>0x4</size>
         <input_file_ref idref="fl-9"/>
      </object_component>
      <object_component id="oc-21c">
         <name>.data:g_ui8PL455Registers</name>
         <load_address>0x8001b18</load_address>
         <run_address>0x8001b18</run_address>
         <size>0x100</size>
         <input_file_ref idref="fl-13"/>
      </object_component>
      <object_component id="oc-13e">
         <name>.data</name>
         <load_address>0x8001d68</load_address>
         <run_address>0x8001d68</run_address>
         <size>0xc</size>
         <input_file_ref idref="fl-19"/>
      </object_component>
      <object_component id="oc-14a">
         <name>.data</name>
         <load_address>0x8001d7c</load_address>
         <run_address>0x8001d7c</run_address>
         <size>0x8</size>
         <input_file_ref idref="fl-2b"/>
      </object_component>
      <object_component id="oc-147">
         <name>.data</name>
         <load_address>0x8001d74</load_address>
         <run_address>0x8001d74</run_address>
         <size>0x8</size>
         <input_file_ref idref="fl-3e"/>
      </object_component>
      <object_component id="oc-3d1">
         <name>.data</name>
         <load_address>0x8001cc8</load_address>
         <run_address>0x8001cc8</run_address>
         <size>0x80</size>
         <input_file_ref idref="fl-4e"/>
      </object_component>
      <object_component id="oc-3dc">
         <name>.data</name>
         <load_address>0x8001d90</load_address>
         <run_address>0x8001d90</run_address>
         <size>0x4</size>
         <input_file_ref idref="fl-4f"/>
      </object_component>
      <object_component id="oc-3fe">
         <name>.data</name>
         <load_address>0x8001d84</load_address>
         <run_address>0x8001d84</run_address>
         <size>0x8</size>
         <input_file_ref idref="fl-50"/>
      </object_component>
      <object_component id="oc-419">
         <name>.data:sigtable</name>
         <load_address>0x8001c18</load_address>
         <run_address>0x8001c18</run_address>
         <size>0xb0</size>
         <input_file_ref idref="fl-52"/>
      </object_component>
      <object_component id="oc-299">
         <name>.debug_info</name>
         <load_address>0x0</load_address>
         <run_address>0x0</run_address>
         <size>0x139</size>
         <input_file_ref idref="fl-2"/>
      </object_component>
      <object_component id="oc-207">
         <name>.debug_info</name>
         <load_address>0x139</load_address>
         <run_address>0x139</run_address>
         <size>0x3ea</size>
         <input_file_ref idref="fl-2"/>
      </object_component>
      <object_component id="oc-b2">
         <name>.debug_info</name>
         <load_address>0x523</load_address>
         <run_address>0x523</run_address>
         <size>0x157</size>
         <input_file_ref idref="fl-2"/>
      </object_component>
      <object_component id="oc-142">
         <name>.debug_info</name>
         <load_address>0x67a</load_address>
         <run_address>0x67a</run_address>
         <size>0x8b</size>
         <input_file_ref idref="fl-2"/>
      </object_component>
      <object_component id="oc-152">
         <name>.debug_info</name>
         <load_address>0x705</load_address>
         <run_address>0x705</run_address>
         <size>0x18b</size>
         <input_file_ref idref="fl-2"/>
      </object_component>
      <object_component id="oc-e4">
         <name>.debug_info</name>
         <load_address>0x890</load_address>
         <run_address>0x890</run_address>
         <size>0x2c</size>
         <input_file_ref idref="fl-2"/>
      </object_component>
      <object_component id="oc-ce">
         <name>.debug_info</name>
         <load_address>0x8bc</load_address>
         <run_address>0x8bc</run_address>
         <size>0x86</size>
         <input_file_ref idref="fl-2"/>
      </object_component>
      <object_component id="oc-2d0">
         <name>.debug_info</name>
         <load_address>0x942</load_address>
         <run_address>0x942</run_address>
         <size>0x4e</size>
         <input_file_ref idref="fl-2"/>
      </object_component>
      <object_component id="oc-163">
         <name>.debug_info</name>
         <load_address>0x990</load_address>
         <run_address>0x990</run_address>
         <size>0x1f9</size>
         <input_file_ref idref="fl-2"/>
      </object_component>
      <object_component id="oc-1ad">
         <name>.debug_info</name>
         <load_address>0xb89</load_address>
         <run_address>0xb89</run_address>
         <size>0x3d3</size>
         <input_file_ref idref="fl-2"/>
      </object_component>
      <object_component id="oc-2bc">
         <name>.debug_info</name>
         <load_address>0xf5c</load_address>
         <run_address>0xf5c</run_address>
         <size>0xd2</size>
         <input_file_ref idref="fl-3"/>
      </object_component>
      <object_component id="oc-202">
         <name>.debug_info</name>
         <load_address>0x102e</load_address>
         <run_address>0x102e</run_address>
         <size>0xdd</size>
         <input_file_ref idref="fl-3"/>
      </object_component>
      <object_component id="oc-2c4">
         <name>.debug_info</name>
         <load_address>0x110b</load_address>
         <run_address>0x110b</run_address>
         <size>0x3478</size>
         <input_file_ref idref="fl-3"/>
      </object_component>
      <object_component id="oc-18e">
         <name>.debug_info</name>
         <load_address>0x4583</load_address>
         <run_address>0x4583</run_address>
         <size>0x530</size>
         <input_file_ref idref="fl-4"/>
      </object_component>
      <object_component id="oc-13c">
         <name>.debug_info</name>
         <load_address>0x4ab3</load_address>
         <run_address>0x4ab3</run_address>
         <size>0x213</size>
         <input_file_ref idref="fl-4"/>
      </object_component>
      <object_component id="oc-223">
         <name>.debug_info</name>
         <load_address>0x4cc6</load_address>
         <run_address>0x4cc6</run_address>
         <size>0xd7</size>
         <input_file_ref idref="fl-4"/>
      </object_component>
      <object_component id="oc-26b">
         <name>.debug_info</name>
         <load_address>0x4d9d</load_address>
         <run_address>0x4d9d</run_address>
         <size>0xce</size>
         <input_file_ref idref="fl-4"/>
      </object_component>
      <object_component id="oc-12a">
         <name>.debug_info</name>
         <load_address>0x4e6b</load_address>
         <run_address>0x4e6b</run_address>
         <size>0xa11</size>
         <input_file_ref idref="fl-4"/>
      </object_component>
      <object_component id="oc-28f">
         <name>.debug_info</name>
         <load_address>0x587c</load_address>
         <run_address>0x587c</run_address>
         <size>0x306</size>
         <input_file_ref idref="fl-4"/>
      </object_component>
      <object_component id="oc-33a">
         <name>.debug_info</name>
         <load_address>0x5b82</load_address>
         <run_address>0x5b82</run_address>
         <size>0x375</size>
         <input_file_ref idref="fl-4"/>
      </object_component>
      <object_component id="oc-c9">
         <name>.debug_info</name>
         <load_address>0x5ef7</load_address>
         <run_address>0x5ef7</run_address>
         <size>0x18c</size>
         <input_file_ref idref="fl-4"/>
      </object_component>
      <object_component id="oc-26e">
         <name>.debug_info</name>
         <load_address>0x6083</load_address>
         <run_address>0x6083</run_address>
         <size>0x46</size>
         <input_file_ref idref="fl-4"/>
      </object_component>
      <object_component id="oc-1fb">
         <name>.debug_info</name>
         <load_address>0x60c9</load_address>
         <run_address>0x60c9</run_address>
         <size>0x1d4</size>
         <input_file_ref idref="fl-4"/>
      </object_component>
      <object_component id="oc-2af">
         <name>.debug_info</name>
         <load_address>0x629d</load_address>
         <run_address>0x629d</run_address>
         <size>0xda</size>
         <input_file_ref idref="fl-4"/>
      </object_component>
      <object_component id="oc-183">
         <name>.debug_info</name>
         <load_address>0x6377</load_address>
         <run_address>0x6377</run_address>
         <size>0x243</size>
         <input_file_ref idref="fl-4"/>
      </object_component>
      <object_component id="oc-188">
         <name>.debug_info</name>
         <load_address>0x65ba</load_address>
         <run_address>0x65ba</run_address>
         <size>0x18e</size>
         <input_file_ref idref="fl-4"/>
      </object_component>
      <object_component id="oc-294">
         <name>.debug_info</name>
         <load_address>0x6748</load_address>
         <run_address>0x6748</run_address>
         <size>0x26c</size>
         <input_file_ref idref="fl-4"/>
      </object_component>
      <object_component id="oc-172">
         <name>.debug_info</name>
         <load_address>0x69b4</load_address>
         <run_address>0x69b4</run_address>
         <size>0x2cf</size>
         <input_file_ref idref="fl-4"/>
      </object_component>
      <object_component id="oc-2a3">
         <name>.debug_info</name>
         <load_address>0x6c83</load_address>
         <run_address>0x6c83</run_address>
         <size>0x15d</size>
         <input_file_ref idref="fl-5"/>
      </object_component>
      <object_component id="oc-194">
         <name>.debug_info</name>
         <load_address>0x6de0</load_address>
         <run_address>0x6de0</run_address>
         <size>0x791</size>
         <input_file_ref idref="fl-5"/>
      </object_component>
      <object_component id="oc-30c">
         <name>.debug_info</name>
         <load_address>0x7571</load_address>
         <run_address>0x7571</run_address>
         <size>0x273</size>
         <input_file_ref idref="fl-5"/>
      </object_component>
      <object_component id="oc-2a4">
         <name>.debug_info</name>
         <load_address>0x77e4</load_address>
         <run_address>0x77e4</run_address>
         <size>0x151</size>
         <input_file_ref idref="fl-6"/>
      </object_component>
      <object_component id="oc-1a3">
         <name>.debug_info</name>
         <load_address>0x7935</load_address>
         <run_address>0x7935</run_address>
         <size>0x437</size>
         <input_file_ref idref="fl-6"/>
      </object_component>
      <object_component id="oc-313">
         <name>.debug_info</name>
         <load_address>0x7d6c</load_address>
         <run_address>0x7d6c</run_address>
         <size>0x15f</size>
         <input_file_ref idref="fl-6"/>
      </object_component>
      <object_component id="oc-c2">
         <name>.debug_info</name>
         <load_address>0x7ecb</load_address>
         <run_address>0x7ecb</run_address>
         <size>0xf4</size>
         <input_file_ref idref="fl-8"/>
      </object_component>
      <object_component id="oc-2ed">
         <name>.debug_info</name>
         <load_address>0x7fbf</load_address>
         <run_address>0x7fbf</run_address>
         <size>0x24b</size>
         <input_file_ref idref="fl-9"/>
      </object_component>
      <object_component id="oc-2ea">
         <name>.debug_info</name>
         <load_address>0x820a</load_address>
         <run_address>0x820a</run_address>
         <size>0xe5</size>
         <input_file_ref idref="fl-9"/>
      </object_component>
      <object_component id="oc-227">
         <name>.debug_info</name>
         <load_address>0x82ef</load_address>
         <run_address>0x82ef</run_address>
         <size>0xb8c</size>
         <input_file_ref idref="fl-9"/>
      </object_component>
      <object_component id="oc-102">
         <name>.debug_info</name>
         <load_address>0x8e7b</load_address>
         <run_address>0x8e7b</run_address>
         <size>0x164</size>
         <input_file_ref idref="fl-b"/>
      </object_component>
      <object_component id="oc-93">
         <name>.debug_info</name>
         <load_address>0x8fdf</load_address>
         <run_address>0x8fdf</run_address>
         <size>0xb19</size>
         <input_file_ref idref="fl-b"/>
      </object_component>
      <object_component id="oc-25">
         <name>.debug_info</name>
         <load_address>0x9af8</load_address>
         <run_address>0x9af8</run_address>
         <size>0x179</size>
         <input_file_ref idref="fl-b"/>
      </object_component>
      <object_component id="oc-159">
         <name>.debug_info</name>
         <load_address>0x9c71</load_address>
         <run_address>0x9c71</run_address>
         <size>0x1de</size>
         <input_file_ref idref="fl-b"/>
      </object_component>
      <object_component id="oc-fd">
         <name>.debug_info</name>
         <load_address>0x9e4f</load_address>
         <run_address>0x9e4f</run_address>
         <size>0x129</size>
         <input_file_ref idref="fl-b"/>
      </object_component>
      <object_component id="oc-1e4">
         <name>.debug_info</name>
         <load_address>0x9f78</load_address>
         <run_address>0x9f78</run_address>
         <size>0x11c</size>
         <input_file_ref idref="fl-c"/>
      </object_component>
      <object_component id="oc-10c">
         <name>.debug_info</name>
         <load_address>0xa094</load_address>
         <run_address>0xa094</run_address>
         <size>0x6c6</size>
         <input_file_ref idref="fl-c"/>
      </object_component>
      <object_component id="oc-2e">
         <name>.debug_info</name>
         <load_address>0xa75a</load_address>
         <run_address>0xa75a</run_address>
         <size>0x14b</size>
         <input_file_ref idref="fl-c"/>
      </object_component>
      <object_component id="oc-205">
         <name>.debug_info</name>
         <load_address>0xa8a5</load_address>
         <run_address>0xa8a5</run_address>
         <size>0x1bb</size>
         <input_file_ref idref="fl-d"/>
      </object_component>
      <object_component id="oc-11e">
         <name>.debug_info</name>
         <load_address>0xaa60</load_address>
         <run_address>0xaa60</run_address>
         <size>0x1d1</size>
         <input_file_ref idref="fl-d"/>
      </object_component>
      <object_component id="oc-34">
         <name>.debug_info</name>
         <load_address>0xac31</load_address>
         <run_address>0xac31</run_address>
         <size>0x147</size>
         <input_file_ref idref="fl-d"/>
      </object_component>
      <object_component id="oc-2bf">
         <name>.debug_info</name>
         <load_address>0xad78</load_address>
         <run_address>0xad78</run_address>
         <size>0x2e3</size>
         <input_file_ref idref="fl-d"/>
      </object_component>
      <object_component id="oc-136">
         <name>.debug_info</name>
         <load_address>0xb05b</load_address>
         <run_address>0xb05b</run_address>
         <size>0x682</size>
         <input_file_ref idref="fl-e"/>
      </object_component>
      <object_component id="oc-219">
         <name>.debug_info</name>
         <load_address>0xb6dd</load_address>
         <run_address>0xb6dd</run_address>
         <size>0xdc</size>
         <input_file_ref idref="fl-e"/>
      </object_component>
      <object_component id="oc-220">
         <name>.debug_info</name>
         <load_address>0xb7b9</load_address>
         <run_address>0xb7b9</run_address>
         <size>0xda</size>
         <input_file_ref idref="fl-e"/>
      </object_component>
      <object_component id="oc-124">
         <name>.debug_info</name>
         <load_address>0xb893</load_address>
         <run_address>0xb893</run_address>
         <size>0xad4</size>
         <input_file_ref idref="fl-e"/>
      </object_component>
      <object_component id="oc-151">
         <name>.debug_info</name>
         <load_address>0xc367</load_address>
         <run_address>0xc367</run_address>
         <size>0x3dd</size>
         <input_file_ref idref="fl-10"/>
      </object_component>
      <object_component id="oc-ac">
         <name>.debug_info</name>
         <load_address>0xc744</load_address>
         <run_address>0xc744</run_address>
         <size>0xe1e</size>
         <input_file_ref idref="fl-10"/>
      </object_component>
      <object_component id="oc-199">
         <name>.debug_info</name>
         <load_address>0xd562</load_address>
         <run_address>0xd562</run_address>
         <size>0x4de</size>
         <input_file_ref idref="fl-10"/>
      </object_component>
      <object_component id="oc-19e">
         <name>.debug_info</name>
         <load_address>0xda40</load_address>
         <run_address>0xda40</run_address>
         <size>0x3ce</size>
         <input_file_ref idref="fl-10"/>
      </object_component>
      <object_component id="oc-1ce">
         <name>.debug_info</name>
         <load_address>0xde0e</load_address>
         <run_address>0xde0e</run_address>
         <size>0x37b</size>
         <input_file_ref idref="fl-10"/>
      </object_component>
      <object_component id="oc-1a8">
         <name>.debug_info</name>
         <load_address>0xe189</load_address>
         <run_address>0xe189</run_address>
         <size>0x1ca</size>
         <input_file_ref idref="fl-10"/>
      </object_component>
      <object_component id="oc-15e">
         <name>.debug_info</name>
         <load_address>0xe353</load_address>
         <run_address>0xe353</run_address>
         <size>0x435</size>
         <input_file_ref idref="fl-10"/>
      </object_component>
      <object_component id="oc-1c1">
         <name>.debug_info</name>
         <load_address>0xe788</load_address>
         <run_address>0xe788</run_address>
         <size>0x510</size>
         <input_file_ref idref="fl-10"/>
      </object_component>
      <object_component id="oc-1b7">
         <name>.debug_info</name>
         <load_address>0xec98</load_address>
         <run_address>0xec98</run_address>
         <size>0x1de</size>
         <input_file_ref idref="fl-10"/>
      </object_component>
      <object_component id="oc-1c6">
         <name>.debug_info</name>
         <load_address>0xee76</load_address>
         <run_address>0xee76</run_address>
         <size>0x17a</size>
         <input_file_ref idref="fl-10"/>
      </object_component>
      <object_component id="oc-168">
         <name>.debug_info</name>
         <load_address>0xeff0</load_address>
         <run_address>0xeff0</run_address>
         <size>0x642</size>
         <input_file_ref idref="fl-10"/>
      </object_component>
      <object_component id="oc-16d">
         <name>.debug_info</name>
         <load_address>0xf632</load_address>
         <run_address>0xf632</run_address>
         <size>0x13e</size>
         <input_file_ref idref="fl-10"/>
      </object_component>
      <object_component id="oc-191">
         <name>.debug_info</name>
         <load_address>0xf770</load_address>
         <run_address>0xf770</run_address>
         <size>0xce</size>
         <input_file_ref idref="fl-11"/>
      </object_component>
      <object_component id="oc-ee">
         <name>.debug_info</name>
         <load_address>0xf83e</load_address>
         <run_address>0xf83e</run_address>
         <size>0x1d3</size>
         <input_file_ref idref="fl-11"/>
      </object_component>
      <object_component id="oc-1b2">
         <name>.debug_info</name>
         <load_address>0xfa11</load_address>
         <run_address>0xfa11</run_address>
         <size>0x1d8</size>
         <input_file_ref idref="fl-11"/>
      </object_component>
      <object_component id="oc-29e">
         <name>.debug_info</name>
         <load_address>0xfbe9</load_address>
         <run_address>0xfbe9</run_address>
         <size>0xc6</size>
         <input_file_ref idref="fl-11"/>
      </object_component>
      <object_component id="oc-278">
         <name>.debug_info</name>
         <load_address>0xfcaf</load_address>
         <run_address>0xfcaf</run_address>
         <size>0x380</size>
         <input_file_ref idref="fl-12"/>
      </object_component>
      <object_component id="oc-274">
         <name>.debug_info</name>
         <load_address>0x1002f</load_address>
         <run_address>0x1002f</run_address>
         <size>0xd4</size>
         <input_file_ref idref="fl-12"/>
      </object_component>
      <object_component id="oc-130">
         <name>.debug_info</name>
         <load_address>0x10103</load_address>
         <run_address>0x10103</run_address>
         <size>0xe7a</size>
         <input_file_ref idref="fl-12"/>
      </object_component>
      <object_component id="oc-2d9">
         <name>.debug_info</name>
         <load_address>0x10f7d</load_address>
         <run_address>0x10f7d</run_address>
         <size>0xca</size>
         <input_file_ref idref="fl-13"/>
      </object_component>
      <object_component id="oc-21d">
         <name>.debug_info</name>
         <load_address>0x11047</load_address>
         <run_address>0x11047</run_address>
         <size>0xec</size>
         <input_file_ref idref="fl-13"/>
      </object_component>
      <object_component id="oc-dc">
         <name>.debug_info</name>
         <load_address>0x11133</load_address>
         <run_address>0x11133</run_address>
         <size>0x84</size>
         <input_file_ref idref="fl-13"/>
      </object_component>
      <object_component id="oc-200">
         <name>.debug_info</name>
         <load_address>0x111b7</load_address>
         <run_address>0x111b7</run_address>
         <size>0x137</size>
         <input_file_ref idref="fl-14"/>
      </object_component>
      <object_component id="oc-118">
         <name>.debug_info</name>
         <load_address>0x112ee</load_address>
         <run_address>0x112ee</run_address>
         <size>0xd15</size>
         <input_file_ref idref="fl-14"/>
      </object_component>
      <object_component id="oc-3a">
         <name>.debug_info</name>
         <load_address>0x12003</load_address>
         <run_address>0x12003</run_address>
         <size>0x2b6</size>
         <input_file_ref idref="fl-14"/>
      </object_component>
      <object_component id="oc-be">
         <name>.debug_info</name>
         <load_address>0x122b9</load_address>
         <run_address>0x122b9</run_address>
         <size>0x168</size>
         <input_file_ref idref="fl-15"/>
      </object_component>
      <object_component id="oc-112">
         <name>.debug_info</name>
         <load_address>0x12421</load_address>
         <run_address>0x12421</run_address>
         <size>0xb03</size>
         <input_file_ref idref="fl-15"/>
      </object_component>
      <object_component id="oc-40">
         <name>.debug_info</name>
         <load_address>0x12f24</load_address>
         <run_address>0x12f24</run_address>
         <size>0x1ff</size>
         <input_file_ref idref="fl-15"/>
      </object_component>
      <object_component id="oc-17e">
         <name>.debug_info</name>
         <load_address>0x13123</load_address>
         <run_address>0x13123</run_address>
         <size>0x9f</size>
         <input_file_ref idref="fl-15"/>
      </object_component>
      <object_component id="oc-339">
         <name>.debug_info</name>
         <load_address>0x131c2</load_address>
         <run_address>0x131c2</run_address>
         <size>0x11e</size>
         <input_file_ref idref="fl-16"/>
      </object_component>
      <object_component id="oc-336">
         <name>.debug_info</name>
         <load_address>0x132e0</load_address>
         <run_address>0x132e0</run_address>
         <size>0xd4</size>
         <input_file_ref idref="fl-16"/>
      </object_component>
      <object_component id="oc-2df">
         <name>.debug_info</name>
         <load_address>0x133b4</load_address>
         <run_address>0x133b4</run_address>
         <size>0xf66</size>
         <input_file_ref idref="fl-16"/>
      </object_component>
      <object_component id="oc-391">
         <name>.debug_info</name>
         <load_address>0x1431a</load_address>
         <run_address>0x1431a</run_address>
         <size>0xc7</size>
         <input_file_ref idref="fl-16"/>
      </object_component>
      <object_component id="oc-82">
         <name>.debug_info</name>
         <load_address>0x143e1</load_address>
         <run_address>0x143e1</run_address>
         <size>0x775</size>
         <input_file_ref idref="fl-17"/>
      </object_component>
      <object_component id="oc-46">
         <name>.debug_info</name>
         <load_address>0x14b56</load_address>
         <run_address>0x14b56</run_address>
         <size>0xfc</size>
         <input_file_ref idref="fl-18"/>
      </object_component>
      <object_component id="oc-13f">
         <name>.debug_info</name>
         <load_address>0x14c52</load_address>
         <run_address>0x14c52</run_address>
         <size>0x14e</size>
         <input_file_ref idref="fl-19"/>
      </object_component>
      <object_component id="oc-9f">
         <name>.debug_info</name>
         <load_address>0x14da0</load_address>
         <run_address>0x14da0</run_address>
         <size>0x27e</size>
         <input_file_ref idref="fl-19"/>
      </object_component>
      <object_component id="oc-2a5">
         <name>.debug_info</name>
         <load_address>0x1501e</load_address>
         <run_address>0x1501e</run_address>
         <size>0xed</size>
         <input_file_ref idref="fl-1b"/>
      </object_component>
      <object_component id="oc-31a">
         <name>.debug_info</name>
         <load_address>0x1510b</load_address>
         <run_address>0x1510b</run_address>
         <size>0x242</size>
         <input_file_ref idref="fl-1b"/>
      </object_component>
      <object_component id="oc-1bc">
         <name>.debug_info</name>
         <load_address>0x1534d</load_address>
         <run_address>0x1534d</run_address>
         <size>0x2af</size>
         <input_file_ref idref="fl-1b"/>
      </object_component>
      <object_component id="oc-4b">
         <name>.debug_info</name>
         <load_address>0x155fc</load_address>
         <run_address>0x155fc</run_address>
         <size>0x12a</size>
         <input_file_ref idref="fl-1c"/>
      </object_component>
      <object_component id="oc-f6">
         <name>.debug_info</name>
         <load_address>0x15726</load_address>
         <run_address>0x15726</run_address>
         <size>0x35c</size>
         <input_file_ref idref="fl-1d"/>
      </object_component>
      <object_component id="oc-fb">
         <name>.debug_info</name>
         <load_address>0x15a82</load_address>
         <run_address>0x15a82</run_address>
         <size>0x4af</size>
         <input_file_ref idref="fl-1e"/>
      </object_component>
      <object_component id="oc-8d">
         <name>.debug_info</name>
         <load_address>0x15f31</load_address>
         <run_address>0x15f31</run_address>
         <size>0x27ef</size>
         <input_file_ref idref="fl-1e"/>
      </object_component>
      <object_component id="oc-1f">
         <name>.debug_info</name>
         <load_address>0x18720</load_address>
         <run_address>0x18720</run_address>
         <size>0x50a</size>
         <input_file_ref idref="fl-1f"/>
      </object_component>
      <object_component id="oc-b9">
         <name>.debug_info</name>
         <load_address>0x18c2a</load_address>
         <run_address>0x18c2a</run_address>
         <size>0x3e3</size>
         <input_file_ref idref="fl-20"/>
      </object_component>
      <object_component id="oc-2b">
         <name>.debug_info</name>
         <load_address>0x1900d</load_address>
         <run_address>0x1900d</run_address>
         <size>0xd2</size>
         <input_file_ref idref="fl-20"/>
      </object_component>
      <object_component id="oc-52">
         <name>.debug_info</name>
         <load_address>0x190df</load_address>
         <run_address>0x190df</run_address>
         <size>0x464</size>
         <input_file_ref idref="fl-20"/>
      </object_component>
      <object_component id="oc-57">
         <name>.debug_info</name>
         <load_address>0x19543</load_address>
         <run_address>0x19543</run_address>
         <size>0x1ed</size>
         <input_file_ref idref="fl-20"/>
      </object_component>
      <object_component id="oc-177">
         <name>.debug_info</name>
         <load_address>0x19730</load_address>
         <run_address>0x19730</run_address>
         <size>0x5d</size>
         <input_file_ref idref="fl-20"/>
      </object_component>
      <object_component id="oc-f4">
         <name>.debug_info</name>
         <load_address>0x1978d</load_address>
         <run_address>0x1978d</run_address>
         <size>0x37c</size>
         <input_file_ref idref="fl-21"/>
      </object_component>
      <object_component id="oc-87">
         <name>.debug_info</name>
         <load_address>0x19b09</load_address>
         <run_address>0x19b09</run_address>
         <size>0x736</size>
         <input_file_ref idref="fl-21"/>
      </object_component>
      <object_component id="oc-10a">
         <name>.debug_info</name>
         <load_address>0x1a23f</load_address>
         <run_address>0x1a23f</run_address>
         <size>0x2a0</size>
         <input_file_ref idref="fl-26"/>
      </object_component>
      <object_component id="oc-9c">
         <name>.debug_info</name>
         <load_address>0x1a4df</load_address>
         <run_address>0x1a4df</run_address>
         <size>0x15a</size>
         <input_file_ref idref="fl-26"/>
      </object_component>
      <object_component id="oc-1d9">
         <name>.debug_info</name>
         <load_address>0x1a639</load_address>
         <run_address>0x1a639</run_address>
         <size>0x39</size>
         <input_file_ref idref="fl-26"/>
      </object_component>
      <object_component id="oc-1de">
         <name>.debug_info</name>
         <load_address>0x1a672</load_address>
         <run_address>0x1a672</run_address>
         <size>0xcd</size>
         <input_file_ref idref="fl-26"/>
      </object_component>
      <object_component id="oc-67">
         <name>.debug_info</name>
         <load_address>0x1a73f</load_address>
         <run_address>0x1a73f</run_address>
         <size>0x11e</size>
         <input_file_ref idref="fl-27"/>
      </object_component>
      <object_component id="oc-e">
         <name>.debug_info</name>
         <load_address>0x1a85d</load_address>
         <run_address>0x1a85d</run_address>
         <size>0x1ad</size>
         <input_file_ref idref="fl-27"/>
      </object_component>
      <object_component id="oc-62">
         <name>.debug_info</name>
         <load_address>0x1aa0a</load_address>
         <run_address>0x1aa0a</run_address>
         <size>0x46</size>
         <input_file_ref idref="fl-27"/>
      </object_component>
      <object_component id="oc-d5">
         <name>.debug_info</name>
         <load_address>0x1aa50</load_address>
         <run_address>0x1aa50</run_address>
         <size>0x2c</size>
         <input_file_ref idref="fl-27"/>
      </object_component>
      <object_component id="oc-6f">
         <name>.debug_info</name>
         <load_address>0x1aa7c</load_address>
         <run_address>0x1aa7c</run_address>
         <size>0x117</size>
         <input_file_ref idref="fl-28"/>
      </object_component>
      <object_component id="oc-69">
         <name>.debug_info</name>
         <load_address>0x1ab93</load_address>
         <run_address>0x1ab93</run_address>
         <size>0x22a</size>
         <input_file_ref idref="fl-28"/>
      </object_component>
      <object_component id="oc-16">
         <name>.debug_info</name>
         <load_address>0x1adbd</load_address>
         <run_address>0x1adbd</run_address>
         <size>0x194</size>
         <input_file_ref idref="fl-28"/>
      </object_component>
      <object_component id="oc-70">
         <name>.debug_info</name>
         <load_address>0x1af51</load_address>
         <run_address>0x1af51</run_address>
         <size>0x39</size>
         <input_file_ref idref="fl-28"/>
      </object_component>
      <object_component id="oc-80">
         <name>.debug_info</name>
         <load_address>0x1af8a</load_address>
         <run_address>0x1af8a</run_address>
         <size>0x112</size>
         <input_file_ref idref="fl-29"/>
      </object_component>
      <object_component id="oc-1c">
         <name>.debug_info</name>
         <load_address>0x1b09c</load_address>
         <run_address>0x1b09c</run_address>
         <size>0x18d</size>
         <input_file_ref idref="fl-29"/>
      </object_component>
      <object_component id="oc-7b">
         <name>.debug_info</name>
         <load_address>0x1b229</load_address>
         <run_address>0x1b229</run_address>
         <size>0x46</size>
         <input_file_ref idref="fl-29"/>
      </object_component>
      <object_component id="oc-1d6">
         <name>.debug_info</name>
         <load_address>0x1b26f</load_address>
         <run_address>0x1b26f</run_address>
         <size>0x1c3</size>
         <input_file_ref idref="fl-2a"/>
      </object_component>
      <object_component id="oc-107">
         <name>.debug_info</name>
         <load_address>0x1b432</load_address>
         <run_address>0x1b432</run_address>
         <size>0x166</size>
         <input_file_ref idref="fl-2a"/>
      </object_component>
      <object_component id="oc-2a8">
         <name>.debug_info</name>
         <load_address>0x1b598</load_address>
         <run_address>0x1b598</run_address>
         <size>0x2c</size>
         <input_file_ref idref="fl-2a"/>
      </object_component>
      <object_component id="oc-14e">
         <name>.debug_info</name>
         <load_address>0x1b5c4</load_address>
         <run_address>0x1b5c4</run_address>
         <size>0x174</size>
         <input_file_ref idref="fl-2b"/>
      </object_component>
      <object_component id="oc-14b">
         <name>.debug_info</name>
         <load_address>0x1b738</load_address>
         <run_address>0x1b738</run_address>
         <size>0x119</size>
         <input_file_ref idref="fl-2b"/>
      </object_component>
      <object_component id="oc-a5">
         <name>.debug_info</name>
         <load_address>0x1b851</load_address>
         <run_address>0x1b851</run_address>
         <size>0x1f0</size>
         <input_file_ref idref="fl-2b"/>
      </object_component>
      <object_component id="oc-1f2">
         <name>.debug_info</name>
         <load_address>0x1ba41</load_address>
         <run_address>0x1ba41</run_address>
         <size>0x12b</size>
         <input_file_ref idref="fl-2c"/>
      </object_component>
      <object_component id="oc-351">
         <name>.debug_info</name>
         <load_address>0x1bb6c</load_address>
         <run_address>0x1bb6c</run_address>
         <size>0x107</size>
         <input_file_ref idref="fl-2d"/>
      </object_component>
      <object_component id="oc-25f">
         <name>.debug_info</name>
         <load_address>0x1bc73</load_address>
         <run_address>0x1bc73</run_address>
         <size>0x109</size>
         <input_file_ref idref="fl-2d"/>
[...]
      <symbol id="sm-7f0">
         <name>htu1ParityCheck</name>
         <value>0xf4c</value>
         <object_component_ref idref="oc-8c"/>
      </symbol>
      <symbol id="sm-7f1">
         <name>checkFlashECC</name>
         <value>0xd18</value>
         <object_component_ref idref="oc-8c"/>
      </symbol>
      <symbol id="sm-7f2">
         <name>cpuSelfTestFail</name>
         <value>0xdfc</value>
         <object_component_ref idref="oc-8c"/>
      </symbol>
      <symbol id="sm-7f3">
         <name>checkPLL1Slip</name>
         <value>0x1880</value>
         <object_component_ref idref="oc-8c"/>
      </symbol>
      <symbol id="sm-7f4">
         <name>mibspi1ParityCheck</name>
         <value>0x1260</value>
         <object_component_ref idref="oc-8c"/>
      </symbol>
      <symbol id="sm-7f5">
         <name>ccmr4GetConfigValue</name>
         <value>0x2034</value>
         <object_component_ref idref="oc-8c"/>
      </symbol>
      <symbol id="sm-7f6">
         <name>pbistPortTestStatus</name>
         <value>0x608</value>
         <object_component_ref idref="oc-8c"/>
      </symbol>
      <symbol id="sm-7f7">
         <name>checkFlashEEPROMECC</name>
         <value>0x16d8</value>
         <object_component_ref idref="oc-8c"/>
      </symbol>
      <symbol id="sm-7f8">
         <name>pbistGetConfigValue</name>
         <value>0x1db0</value>
         <object_component_ref idref="oc-8c"/>
      </symbol>
      <symbol id="sm-7f9">
         <name>vimParityCheck</name>
         <value>0xe00</value>
         <object_component_ref idref="oc-8c"/>
      </symbol>
      <symbol id="sm-7fa">
         <name>pbistIsTestCompleted</name>
         <value>0x5a8</value>
         <object_component_ref idref="oc-8c"/>
      </symbol>
      <symbol id="sm-7fb">
         <name>disableParity</name>
         <value>0x2424</value>
         <object_component_ref idref="oc-8c"/>
      </symbol>
      <symbol id="sm-7fc">
         <name>pbistRun</name>
         <value>0x4ac</value>
         <object_component_ref idref="oc-8c"/>
      </symbol>
      <symbol id="sm-7fd">
         <name>pbistFail</name>
         <value>0x1d2c</value>
         <object_component_ref idref="oc-8c"/>
      </symbol>
      <symbol id="sm-7fe">
         <name>selftestFailNotification</name>
         <value>0x20</value>
         <object_component_ref idref="oc-8c"/>
      </symbol>
      <symbol id="sm-7ff">
         <name>errata_PBIST_4</name>
         <value>0x20b0</value>
         <object_component_ref idref="oc-8c"/>
      </symbol>
      <symbol id="sm-800">
         <name>efcSelfTest</name>
         <value>0x794</value>
         <object_component_ref idref="oc-8c"/>
      </symbol>
      <symbol id="sm-801">
         <name>checkB1RAMECC</name>
         <value>0xb28</value>
         <object_component_ref idref="oc-8c"/>
      </symbol>
      <symbol id="sm-802">
         <name>pbistStop</name>
         <value>0x578</value>
         <object_component_ref idref="oc-8c"/>
      </symbol>
      <symbol id="sm-803">
         <name>checkRAMAddrParity</name>
         <value>0x199c</value>
         <object_component_ref idref="oc-8c"/>
      </symbol>
      <symbol id="sm-804">
         <name>checkB0RAMECC</name>
         <value>0x938</value>
         <object_component_ref idref="oc-8c"/>
      </symbol>
      <symbol id="sm-805">
         <name>stcGetConfigValue</name>
         <value>0x1ef8</value>
         <object_component_ref idref="oc-8c"/>
      </symbol>
      <symbol id="sm-806">
         <name>pbistIsTestPassed</name>
         <value>0x5d4</value>
         <object_component_ref idref="oc-8c"/>
      </symbol>
      <symbol id="sm-807">
         <name>checkClockMonitor</name>
         <value>0x1604</value>
         <object_component_ref idref="oc-8c"/>
      </symbol>
      <symbol id="sm-808">
         <name>fmcECCcheck</name>
         <value>0x898</value>
         <object_component_ref idref="oc-8c"/>
      </symbol>
      <symbol id="sm-809">
         <name>fmcBus2Check</name>
         <value>0x85c</value>
         <object_component_ref idref="oc-8c"/>
      </symbol>
      <symbol id="sm-80a">
         <name>checkRAMUERRTest</name>
         <value>0x1aa4</value>
         <object_component_ref idref="oc-8c"/>
      </symbol>
      <symbol id="sm-80b">
         <name>efcStuckZeroTest</name>
         <value>0x6e8</value>
         <object_component_ref idref="oc-8c"/>
      </symbol>
      <symbol id="sm-82e">
         <name>_c_int00</name>
         <value>0xa5c8</value>
         <object_component_ref idref="oc-1e"/>
      </symbol>
      <symbol id="sm-8c4">
         <name>vimChannelMap</name>
         <value>0x769c</value>
         <object_component_ref idref="oc-51"/>
      </symbol>
      <symbol id="sm-8c5">
         <name>vimInit</name>
         <value>0x75c8</value>
         <object_component_ref idref="oc-51"/>
      </symbol>
      <symbol id="sm-8c6">
         <name>vimEnableInterrupt</name>
         <value>0x7740</value>
         <object_component_ref idref="oc-51"/>
      </symbol>
      <symbol id="sm-8c7">
         <name>vimDisableInterrupt</name>
         <value>0x7898</value>
         <object_component_ref idref="oc-51"/>
      </symbol>
      <symbol id="sm-8c8">
         <name>vimGetConfigValue</name>
         <value>0x791c</value>
         <object_component_ref idref="oc-51"/>
      </symbol>
      <symbol id="sm-8c9">
         <name>vimParityErrorHandler</name>
         <value>0xa35c</value>
         <object_component_ref idref="oc-50"/>
      </symbol>
      <symbol id="sm-91d">
         <name>systemGetConfigValue</name>
         <value>0x6e6c</value>
         <object_component_ref idref="oc-86"/>
      </symbol>
      <symbol id="sm-91e">
         <name>trimLPO</name>
         <value>0x6bac</value>
         <object_component_ref idref="oc-86"/>
      </symbol>
      <symbol id="sm-91f">
         <name>systemInit</name>
         <value>0x6d6c</value>
         <object_component_ref idref="oc-86"/>
      </symbol>
      <symbol id="sm-920">
         <name>tcmflashGetConfigValue</name>
         <value>0x722c</value>
         <object_component_ref idref="oc-86"/>
      </symbol>
      <symbol id="sm-921">
         <name>sramGetConfigValue</name>
         <value>0x73d8</value>
         <object_component_ref idref="oc-86"/>
      </symbol>
      <symbol id="sm-922">
         <name>periphInit</name>
         <value>0x6c34</value>
         <object_component_ref idref="oc-86"/>
      </symbol>
      <symbol id="sm-923">
         <name>setupFlash</name>
         <value>0x6bf4</value>
         <object_component_ref idref="oc-86"/>
      </symbol>
      <symbol id="sm-924">
         <name>setupPLL</name>
         <value>0x6b5c</value>
         <object_component_ref idref="oc-86"/>
      </symbol>
      <symbol id="sm-925">
         <name>mapClocks</name>
         <value>0x6c88</value>
         <object_component_ref idref="oc-86"/>
      </symbol>
      <symbol id="sm-926">
         <name>systemPowerDown</name>
         <value>0x6e3c</value>
         <object_component_ref idref="oc-86"/>
      </symbol>
      <symbol id="sm-94c">
         <name>__TI_auto_init</name>
         <value>0xbd91</value>
         <object_component_ref idref="oc-98"/>
      </symbol>
      <symbol id="sm-963">
         <name>__TI_decompress_none</name>
         <value>0xc4d9</value>
         <object_component_ref idref="oc-c"/>
      </symbol>
      <symbol id="sm-985">
         <name>__TI_decompress_rle24</name>
         <value>0xc4f3</value>
         <object_component_ref idref="oc-12"/>
      </symbol>
      <symbol id="sm-997">
         <name>__TI_zero_init</name>
         <value>0xc4e7</value>
         <object_component_ref idref="oc-18"/>
      </symbol>
      <symbol id="sm-9b1">
         <name>copy_in</name>
         <value>0xc0cd</value>
         <object_component_ref idref="oc-103"/>
      </symbol>
      <symbol id="sm-9d0">
         <name>C$$EXIT</name>
         <value>0xc1e9</value>
         <object_component_ref idref="oc-a4"/>
      </symbol>
      <symbol id="sm-9d1">
         <name>abort</name>
         <value>0xc1ed</value>
         <object_component_ref idref="oc-a4"/>
      </symbol>
      <symbol id="sm-9d2">
         <name>exit</name>
         <value>0xc1f5</value>
         <object_component_ref idref="oc-a4"/>
      </symbol>
      <symbol id="sm-9d3">
         <name>__TI_dtors_ptr</name>
         <value>0x8001d80</value>
         <object_component_ref idref="oc-14a"/>
      </symbol>
      <symbol id="sm-9d4">
         <name>__TI_cleanup_ptr</name>
         <value>0x8001d7c</value>
         <object_component_ref idref="oc-14a"/>
      </symbol>
      <symbol id="sm-9f8">
         <name>__aeabi_dsub</name>
         <value>0xad91</value>
         <object_component_ref idref="oc-1ef"/>
      </symbol>
      <symbol id="sm-9f9">
         <name>__aeabi_dadd</name>
         <value>0xad9b</value>
         <object_component_ref idref="oc-1ef"/>
      </symbol>
      <symbol id="sm-a20">
         <name>__aeabi_cdcmpeq</name>
         <value>0xbb85</value>
         <object_component_ref idref="oc-350"/>
      </symbol>
      <symbol id="sm-a21">
         <name>__aeabi_cdcmple</name>
         <value>0xbb85</value>
         <object_component_ref idref="oc-350"/>
      </symbol>
      <symbol id="sm-a22">
         <name>__aeabi_cdrcmple</name>
         <value>0xbc0b</value>
         <object_component_ref idref="oc-25e"/>
      </symbol>
      <symbol id="sm-a42">
         <name>__aeabi_ddiv</name>
         <value>0xb1e1</value>
         <object_component_ref idref="oc-1ea"/>
      </symbol>
      <symbol id="sm-a59">
         <name>__aeabi_dmul</name>
         <value>0xb53d</value>
         <object_component_ref idref="oc-236"/>
      </symbol>
      <symbol id="sm-a67">
         <name>__aeabi_d2iz</name>
         <value>0xc119</value>
         <object_component_ref idref="oc-2e4"/>
      </symbol>
      <symbol id="sm-a73">
         <name>__aeabi_d2f</name>
         <value>0xc161</value>
         <object_component_ref idref="oc-23b"/>
      </symbol>
      <symbol id="sm-a80">
         <name>__aeabi_d2uiz</name>
         <value>0xc1a7</value>
         <object_component_ref idref="oc-1f4"/>
      </symbol>
      <symbol id="sm-a98">
         <name>__aeabi_fadd</name>
         <value>0xb63d</value>
         <object_component_ref idref="oc-240"/>
      </symbol>
      <symbol id="sm-a99">
         <name>__aeabi_fsub</name>
         <value>0xb639</value>
         <object_component_ref idref="oc-240"/>
      </symbol>
      <symbol id="sm-ab4">
         <name>__aeabi_cfrcmple</name>
         <value>0xbf2b</value>
         <object_component_ref idref="oc-245"/>
      </symbol>
      <symbol id="sm-ab5">
         <name>__aeabi_cfcmpeq</name>
         <value>0xbecb</value>
         <object_component_ref idref="oc-24a"/>
      </symbol>
      <symbol id="sm-ab6">
         <name>__aeabi_cfcmple</name>
         <value>0xbecb</value>
         <object_component_ref idref="oc-24a"/>
      </symbol>
      <symbol id="sm-acb">
         <name>__aeabi_fdiv</name>
         <value>0xba6b</value>
         <object_component_ref idref="oc-254"/>
      </symbol>
      <symbol id="sm-ad9">
         <name>__aeabi_f2d</name>
         <value>0xc2e1</value>
         <object_component_ref idref="oc-259"/>
      </symbol>
      <symbol id="sm-ae5">
         <name>__aeabi_i2d</name>
         <value>0xc3b5</value>
         <object_component_ref idref="oc-231"/>
      </symbol>
      <symbol id="sm-af2">
         <name>__aeabi_i2f</name>
         <value>0xc2a9</value>
         <object_component_ref idref="oc-24f"/>
      </symbol>
      <symbol id="sm-b0d">
         <name>memcpy</name>
         <value>0xb9cf</value>
         <object_component_ref idref="oc-5c"/>
      </symbol>
      <symbol id="sm-b0e">
         <name>__aeabi_memcpy</name>
         <value>0xb9cf</value>
         <object_component_ref idref="oc-5c"/>
      </symbol>
      <symbol id="sm-b0f">
         <name>__aeabi_memcpy8</name>
         <value>0xb9cf</value>
         <object_component_ref idref="oc-5c"/>
      </symbol>
      <symbol id="sm-b10">
         <name>__aeabi_memcpy4</name>
         <value>0xb9cf</value>
         <object_component_ref idref="oc-5c"/>
      </symbol>
      <symbol id="sm-b1f">
         <name>__aeabi_memset</name>
         <value>0xbd17</value>
         <object_component_ref idref="oc-75"/>
      </symbol>
      <symbol id="sm-b20">
         <name>memset</name>
         <value>0xbd1d</value>
         <object_component_ref idref="oc-75"/>
      </symbol>
      <symbol id="sm-b21">
         <name>__aeabi_memset8</name>
         <value>0xbd17</value>
         <object_component_ref idref="oc-75"/>
      </symbol>
      <symbol id="sm-b22">
         <name>__aeabi_memset4</name>
         <value>0xbd17</value>
         <object_component_ref idref="oc-75"/>
      </symbol>
      <symbol id="sm-b23">
         <name>__aeabi_memclr8</name>
         <value>0xbd15</value>
         <object_component_ref idref="oc-75"/>
      </symbol>
      <symbol id="sm-b24">
         <name>__aeabi_memclr4</name>
         <value>0xbd15</value>
         <object_component_ref idref="oc-75"/>
      </symbol>
      <symbol id="sm-b25">
         <name>__aeabi_memclr</name>
         <value>0xbd15</value>
         <object_component_ref idref="oc-75"/>
      </symbol>
      <symbol id="sm-b33">
         <name>__aeabi_uidivmod</name>
         <value>0xc030</value>
         <object_component_ref idref="oc-22c"/>
      </symbol>
      <symbol id="sm-b34">
         <name>__aeabi_uidiv</name>
         <value>0xc030</value>
         <object_component_ref idref="oc-22c"/>
      </symbol>
      <symbol id="sm-b40">
         <name>__aeabi_ui2d</name>
         <value>0xc45d</value>
         <object_component_ref idref="oc-1e5"/>
      </symbol>
      <symbol id="sm-b61">
         <name>vsnprintf</name>
         <value>0xbafd</value>
         <object_component_ref idref="oc-2c9"/>
      </symbol>
      <symbol id="sm-b7a">
         <name>_nop</name>
         <value>0xc4d3</value>
         <object_component_ref idref="oc-27f"/>
      </symbol>
      <symbol id="sm-b7b">
         <name>_lock</name>
         <value>0x8001d74</value>
         <object_component_ref idref="oc-147"/>
      </symbol>
      <symbol id="sm-b7c">
         <name>_unlock</name>
         <value>0x8001d78</value>
         <object_component_ref idref="oc-147"/>
      </symbol>
      <symbol id="sm-b7d">
         <name>_register_lock</name>
         <value>0xc4cb</value>
         <object_component_ref idref="oc-27f"/>
      </symbol>
      <symbol id="sm-b7e">
         <name>_register_unlock</name>
         <value>0xc4c5</value>
         <object_component_ref idref="oc-27f"/>
      </symbol>
      <symbol id="sm-c81">
         <name>__TI_printfi</name>
         <value>0x32ed</value>
         <object_component_ref idref="oc-321"/>
      </symbol>
      <symbol id="sm-c96">
         <name>atoi</name>
         <value>0xbfe1</value>
         <object_component_ref idref="oc-379"/>
      </symbol>
      <symbol id="sm-ca1">
         <name>_ctypes_</name>
         <value>0xca9c</value>
         <object_component_ref idref="oc-3b7"/>
      </symbol>
      <symbol id="sm-cae">
         <name>frexp</name>
         <value>0xc43b</value>
         <object_component_ref idref="oc-35b"/>
      </symbol>
      <symbol id="sm-cb8">
         <name>__aeabi_idiv0</name>
         <value>0x35f3</value>
         <object_component_ref idref="oc-2ee"/>
      </symbol>
      <symbol id="sm-cc9">
         <name>ldexp</name>
         <value>0xc229</value>
         <object_component_ref idref="oc-361"/>
      </symbol>
      <symbol id="sm-cd8">
         <name>ltoa</name>
         <value>0xbf8b</value>
         <object_component_ref idref="oc-355"/>
      </symbol>
      <symbol id="sm-ce8">
         <name>memccpy</name>
         <value>0xc47d</value>
         <object_component_ref idref="oc-373"/>
      </symbol>
      <symbol id="sm-cf8">
         <name>strchr</name>
         <value>0xc499</value>
         <object_component_ref idref="oc-367"/>
      </symbol>
      <symbol id="sm-d06">
         <name>strlen</name>
         <value>0xc4af</value>
         <object_component_ref idref="oc-34a"/>
      </symbol>
      <symbol id="sm-d30">
         <name>__aeabi_uldivmod</name>
         <value>0x9e10</value>
         <object_component_ref idref="oc-345"/>
      </symbol>
      <symbol id="sm-d3b">
         <name>_Dclass</name>
         <value>0xc411</value>
         <object_component_ref idref="oc-36d"/>
      </symbol>
      <symbol id="sm-d5c">
         <name>_Dscale</name>
         <value>0xb319</value>
         <object_component_ref idref="oc-3a4"/>
      </symbol>
      <symbol id="sm-d6f">
         <name>_Dunscale</name>
         <value>0xbe67</value>
         <object_component_ref idref="oc-39c"/>
      </symbol>
      <symbol id="sm-d7d">
         <name>_Feraise</name>
         <value>0xc381</value>
         <object_component_ref idref="oc-3aa"/>
      </symbol>
      <symbol id="sm-d8d">
         <name>_Rteps</name>
         <value>0x8001d28</value>
         <object_component_ref idref="oc-3d1"/>
      </symbol>
      <symbol id="sm-d8e">
         <name>_Zero</name>
         <value>0x8001d40</value>
         <object_component_ref idref="oc-3d1"/>
      </symbol>
      <symbol id="sm-d8f">
         <name>_Hugeval</name>
         <value>0x8001ce8</value>
         <object_component_ref idref="oc-3d1"/>
      </symbol>
      <symbol id="sm-d90">
         <name>_Snan</name>
         <value>0x8001d18</value>
         <object_component_ref idref="oc-3d1"/>
      </symbol>
      <symbol id="sm-d91">
         <name>_Nan</name>
         <value>0x8001d08</value>
         <object_component_ref idref="oc-3d1"/>
      </symbol>
      <symbol id="sm-d92">
         <name>_Inf</name>
         <value>0x8001cf8</value>
         <object_component_ref idref="oc-3d1"/>
      </symbol>
      <symbol id="sm-d93">
         <name>_Xbig</name>
         <value>0x8001d38</value>
         <object_component_ref idref="oc-3d1"/>
      </symbol>
      <symbol id="sm-d94">
         <name>_Eps</name>
         <value>0x8001cd8</value>
         <object_component_ref idref="oc-3d1"/>
      </symbol>
      <symbol id="sm-d95">
         <name>_Denorm</name>
         <value>0x8001cc8</value>
         <object_component_ref idref="oc-3d1"/>
      </symbol>
      <symbol id="sm-d9d">
         <name>_Errno</name>
         <value>0x8001d90</value>
         <object_component_ref idref="oc-3dc"/>
      </symbol>
      <symbol id="sm-dbb">
         <name>feraiseexcept</name>
         <value>0xc34d</value>
         <object_component_ref idref="oc-3d6"/>
      </symbol>
      <symbol id="sm-dbc">
         <name>_Tls_setup__Fenv</name>
         <value>0x8001d88</value>
         <object_component_ref idref="oc-3fe"/>
      </symbol>
      <symbol id="sm-dbd">
         <name>_Fenv</name>
         <value>0x8001d84</value>
         <object_component_ref idref="oc-3fe"/>
      </symbol>
      <symbol id="sm-dd1">
         <name>raise</name>
         <value>0xc3e3</value>
         <object_component_ref idref="oc-3f8"/>
      </symbol>
      <symbol id="sm-deb">
         <name>signal</name>
         <value>0xc269</value>
         <object_component_ref idref="oc-408"/>
      </symbol>
      <symbol id="sm-e00">
         <name>_Dnorm</name>
         <value>0xb909</value>
         <object_component_ref idref="oc-3c7"/>
      </symbol>
      <symbol id="sm-e01">
         <name>__TI_static_base__</name>
         <value>0x0</value>
      </symbol>
      <symbol id="sm-e04">
         <name>SHT$$INIT_ARRAY$$Base</name>
         <value>0x0</value>
      </symbol>
      <symbol id="sm-e05">
         <name>SHT$$INIT_ARRAY$$Limit</name>
         <value>0x0</value>
      </symbol>
   </symbol_table>
   <title>Link successful</title>
</link_info>
