<?xml version="1.0" encoding="ISO-8859-1" ?>
<link_info>
   <banner>TI ARM Linker PC v18.1.2.LTS</banner>
   <copyright>Copyright (c) 1996-2017 Texas Instruments Incorporated</copyright>
   <link_time>0x5bdc77ea</link_time>
   <link_errors>0x0</link_errors>
   <output_file>TRANSLATION.out</output_file>
   <entry_point>
      <name>_c_int00</name>
      <address>0x8f54</address>
   </entry_point>
   <input_file_list>
      <input_file id="fl-2">
         <path>.\source\</path>
         <kind>object</kind>
         <file>dabort.obj</file>
         <name>dabort.obj</name>
      </input_file>
      <input_file id="fl-3">
         <path>.\source\</path>
         <kind>object</kind>
         <file>esm.obj</file>
         <name>esm.obj</name>
      </input_file>
      <input_file id="fl-4">
         <path>.\source\</path>
         <kind>object</kind>
         <file>gio.obj</file>
         <name>gio.obj</name>
      </input_file>
      <input_file id="fl-5">
         <path>.\source\</path>
         <kind>object</kind>
         <file>notification.obj</file>
         <name>notification.obj</name>
      </input_file>
      <input_file id="fl-6">
         <path>.\source\</path>
         <kind>object</kind>
         <file>pinmux.obj</file>
         <name>pinmux.obj</name>
      </input_file>
      <input_file id="fl-7">
         <path>.\source\</path>
         <kind>object</kind>
         <file>pl455.obj</file>
         <name>pl455.obj</name>
      </input_file>
      <input_file id="fl-8">
         <path>.\source\</path>
         <kind>object</kind>
         <file>rti.obj</file>
         <name>rti.obj</name>
      </input_file>
      <input_file id="fl-9">
         <path>.\source\</path>
         <kind>object</kind>
         <file>sci.obj</file>
         <name>sci.obj</name>
      </input_file>
      <input_file id="fl-a">
         <path>.\source\</path>
         <kind>object</kind>
         <file>sys_core.obj</file>
         <name>sys_core.obj</name>
      </input_file>
      <input_file id="fl-b">
         <path>.\source\</path>
         <kind>object</kind>
         <file>sys_dma.obj</file>
         <name>sys_dma.obj</name>
      </input_file>
      <input_file id="fl-c">
         <path>.\source\</path>
         <kind>object</kind>
         <file>sys_intvecs.obj</file>
         <name>sys_intvecs.obj</name>
      </input_file>
      <input_file id="fl-d">
         <path>.\source\</path>
         <kind>object</kind>
         <file>sys_main.obj</file>
         <name>sys_main.obj</name>
      </input_file>
      <input_file id="fl-e">
         <path>.\source\</path>
         <kind>object</kind>
         <file>sys_mpu.obj</file>
         <name>sys_mpu.obj</name>
      </input_file>
      <input_file id="fl-f">
         <path>.\source\</path>
         <kind>object</kind>
         <file>sys_pcr.obj</file>
         <name>sys_pcr.obj</name>
      </input_file>
      <input_file id="fl-10">
         <path>.\source\</path>
         <kind>object</kind>
         <file>sys_phantom.obj</file>
         <name>sys_phantom.obj</name>
      </input_file>
      <input_file id="fl-11">
         <path>.\source\</path>
         <kind>object</kind>
         <file>sys_pmm.obj</file>
         <name>sys_pmm.obj</name>
      </input_file>
      <input_file id="fl-12">
         <path>.\source\</path>
         <kind>object</kind>
         <file>sys_pmu.obj</file>
         <name>sys_pmu.obj</name>
      </input_file>
      <input_file id="fl-13">
         <path>.\source\</path>
         <kind>object</kind>
         <file>sys_selftest.obj</file>
         <name>sys_selftest.obj</name>
      </input_file>
      <input_file id="fl-14">
         <path>.\source\</path>
         <kind>object</kind>
         <file>sys_startup.obj</file>
         <name>sys_startup.obj</name>
      </input_file>
      <input_file id="fl-15">
         <path>.\source\</path>
         <kind>object</kind>
         <file>sys_vim.obj</file>
         <name>sys_vim.obj</name>
      </input_file>
      <input_file id="fl-16">
         <path>.\source\</path>
         <kind>object</kind>
         <file>system.obj</file>
         <name>system.obj</name>
      </input_file>
      <input_file id="fl-1a">
         <kind>object</kind>
         <file>&lt;internal&gt;</file>
         <name>&lt;internal&gt;</name>
      </input_file>
      <input_file id="fl-1b">
         <path>C:\ti\ccsv8\tools\compiler\ti-cgt-arm_18.1.2.LTS\lib\</path>
         <kind>archive</kind>
         <file>rtsv7R4_T_be_v3D16_eabi.lib</file>
         <name>s_floor.c.obj</name>
      </input_file>
      <input_file id="fl-1c">
         <path>C:\ti\ccsv8\tools\compiler\ti-cgt-arm_18.1.2.LTS\lib\</path>
         <kind>archive</kind>
         <file>rtsv7R4_T_be_v3D16_eabi.lib</file>
         <name>memset_t2.asm.obj</name>
      </input_file>
      <input_file id="fl-1d">
         <path>C:\ti\ccsv8\tools\compiler\ti-cgt-arm_18.1.2.LTS\lib\</path>
         <kind>archive</kind>
         <file>rtsv7R4_T_be_v3D16_eabi.lib</file>
         <name>memcpy_t2.asm.obj</name>
      </input_file>
      <input_file id="fl-1e">
         <path>C:\ti\ccsv8\tools\compiler\ti-cgt-arm_18.1.2.LTS\lib\</path>
         <kind>archive</kind>
         <file>rtsv7R4_T_be_v3D16_eabi.lib</file>
         <name>autoinit.c.obj</name>
      </input_file>
      <input_file id="fl-1f">
         <path>C:\ti\ccsv8\tools\compiler\ti-cgt-arm_18.1.2.LTS\lib\</path>
         <kind>archive</kind>
         <file>rtsv7R4_T_be_v3D16_eabi.lib</file>
         <name>cpy_tbl.c.obj</name>
      </input_file>
      <input_file id="fl-20">
         <path>C:\ti\ccsv8\tools\compiler\ti-cgt-arm_18.1.2.LTS\lib\</path>
         <kind>archive</kind>
         <file>rtsv7R4_T_be_v3D16_eabi.lib</file>
         <name>copy_zero_init.c.obj</name>
      </input_file>
      <input_file id="fl-21">
         <path>C:\ti\ccsv8\tools\compiler\ti-cgt-arm_18.1.2.LTS\lib\</path>
         <kind>archive</kind>
         <file>rtsv7R4_T_be_v3D16_eabi.lib</file>
         <name>copy_decompress_none.c.obj</name>
      </input_file>
      <input_file id="fl-22">
         <path>C:\ti\ccsv8\tools\compiler\ti-cgt-arm_18.1.2.LTS\lib\</path>
         <kind>archive</kind>
         <file>rtsv7R4_T_be_v3D16_eabi.lib</file>
         <name>copy_decompress_lzss.c.obj</name>
      </input_file>
      <input_file id="fl-23">
         <path>C:\ti\ccsv8\tools\compiler\ti-cgt-arm_18.1.2.LTS\lib\</path>
         <kind>archive</kind>
         <file>rtsv7R4_T_be_v3D16_eabi.lib</file>
         <name>exit.c.obj</name>
      </input_file>
      <input_file id="fl-24">
         <path>C:\ti\ccsv8\tools\compiler\ti-cgt-arm_18.1.2.LTS\lib\</path>
         <kind>archive</kind>
         <file>rtsv7R4_T_be_v3D16_eabi.lib</file>
         <name>_lock.c.obj</name>
      </input_file>
      <input_file id="fl-25">
         <path>C:\ti\ccsv8\tools\compiler\ti-cgt-arm_18.1.2.LTS\lib\</path>
         <kind>archive</kind>
         <file>rtsv7R4_T_be_v3D16_eabi.lib</file>
         <name>fputc.c.obj</name>
      </input_file>
      <input_file id="fl-26">
         <path>C:\ti\ccsv8\tools\compiler\ti-cgt-arm_18.1.2.LTS\lib\</path>
         <kind>archive</kind>
         <file>rtsv7R4_T_be_v3D16_eabi.lib</file>
         <name>printf.c.obj</name>
      </input_file>
      <input_file id="fl-27">
         <path>C:\ti\ccsv8\tools\compiler\ti-cgt-arm_18.1.2.LTS\lib\</path>
         <kind>archive</kind>
         <file>rtsv7R4_T_be_v3D16_eabi.lib</file>
         <name>write.c.obj</name>
      </input_file>
      <input_file id="fl-28">
         <path>C:\ti\ccsv8\tools\compiler\ti-cgt-arm_18.1.2.LTS\lib\</path>
         <kind>archive</kind>
         <file>rtsv7R4_T_be_v3D16_eabi.lib</file>
         <name>_io_perm.c.obj</name>
      </input_file>
      <input_file id="fl-29">
         <path>C:\ti\ccsv8\tools\compiler\ti-cgt-arm_18.1.2.LTS\lib\</path>
         <kind>archive</kind>
         <file>rtsv7R4_T_be_v3D16_eabi.lib</file>
         <name>_printfi.c.obj</name>
      </input_file>
      <input_file id="fl-2a">
         <path>C:\ti\ccsv8\tools\compiler\ti-cgt-arm_18.1.2.LTS\lib\</path>
         <kind>archive</kind>
         <file>rtsv7R4_T_be_v3D16_eabi.lib</file>
         <name>atoi.c.obj</name>
      </input_file>
      <input_file id="fl-2b">
         <path>C:\ti\ccsv8\tools\compiler\ti-cgt-arm_18.1.2.LTS\lib\</path>
         <kind>archive</kind>
         <file>rtsv7R4_T_be_v3D16_eabi.lib</file>
         <name>ctype.c.obj</name>
      </input_file>
      <input_file id="fl-2c">
         <path>C:\ti\ccsv8\tools\compiler\ti-cgt-arm_18.1.2.LTS\lib\</path>
         <kind>archive</kind>
         <file>rtsv7R4_T_be_v3D16_eabi.lib</file>
         <name>defs.c.obj</name>
      </input_file>
      <input_file id="fl-2d">
         <path>C:\ti\ccsv8\tools\compiler\ti-cgt-arm_18.1.2.LTS\lib\</path>
         <kind>archive</kind>
         <file>rtsv7R4_T_be_v3D16_eabi.lib</file>
         <name>fflush.c.obj</name>
      </input_file>
      <input_file id="fl-2e">
         <path>C:\ti\ccsv8\tools\compiler\ti-cgt-arm_18.1.2.LTS\lib\</path>
         <kind>archive</kind>
         <file>rtsv7R4_T_be_v3D16_eabi.lib</file>
         <name>fputs.c.obj</name>
      </input_file>
      <input_file id="fl-2f">
         <path>C:\ti\ccsv8\tools\compiler\ti-cgt-arm_18.1.2.LTS\lib\</path>
         <kind>archive</kind>
         <file>rtsv7R4_T_be_v3D16_eabi.lib</file>
         <name>fseek.c.obj</name>
      </input_file>
      <input_file id="fl-30">
         <path>C:\ti\ccsv8\tools\compiler\ti-cgt-arm_18.1.2.LTS\lib\</path>
         <kind>archive</kind>
         <file>rtsv7R4_T_be_v3D16_eabi.lib</file>
         <name>lseek.c.obj</name>
      </input_file>
      <input_file id="fl-31">
         <path>C:\ti\ccsv8\tools\compiler\ti-cgt-arm_18.1.2.LTS\lib\</path>
         <kind>archive</kind>
         <file>rtsv7R4_T_be_v3D16_eabi.lib</file>
         <name>ltoa.c.obj</name>
      </input_file>
      <input_file id="fl-32">
         <path>C:\ti\ccsv8\tools\compiler\ti-cgt-arm_18.1.2.LTS\lib\</path>
         <kind>archive</kind>
         <file>rtsv7R4_T_be_v3D16_eabi.lib</file>
         <name>memccpy.c.obj</name>
      </input_file>
      <input_file id="fl-33">
         <path>C:\ti\ccsv8\tools\compiler\ti-cgt-arm_18.1.2.LTS\lib\</path>
         <kind>archive</kind>
         <file>rtsv7R4_T_be_v3D16_eabi.lib</file>
         <name>memchr.c.obj</name>
      </input_file>
      <input_file id="fl-34">
         <path>C:\ti\ccsv8\tools\compiler\ti-cgt-arm_18.1.2.LTS\lib\</path>
         <kind>archive</kind>
         <file>rtsv7R4_T_be_v3D16_eabi.lib</file>
         <name>setvbuf.c.obj</name>
      </input_file>
      <input_file id="fl-35">
         <path>C:\ti\ccsv8\tools\compiler\ti-cgt-arm_18.1.2.LTS\lib\</path>
         <kind>archive</kind>
         <file>rtsv7R4_T_be_v3D16_eabi.lib</file>
         <name>strchr.c.obj</name>
      </input_file>
      <input_file id="fl-36">
         <path>C:\ti\ccsv8\tools\compiler\ti-cgt-arm_18.1.2.LTS\lib\</path>
         <kind>archive</kind>
         <file>rtsv7R4_T_be_v3D16_eabi.lib</file>
         <name>strlen.c.obj</name>
      </input_file>
      <input_file id="fl-37">
         <path>C:\ti\ccsv8\tools\compiler\ti-cgt-arm_18.1.2.LTS\lib\</path>
         <kind>archive</kind>
         <file>rtsv7R4_T_be_v3D16_eabi.lib</file>
         <name>hostclose.c.obj</name>
      </input_file>
      <input_file id="fl-38">
         <path>C:\ti\ccsv8\tools\compiler\ti-cgt-arm_18.1.2.LTS\lib\</path>
         <kind>archive</kind>
         <file>rtsv7R4_T_be_v3D16_eabi.lib</file>
         <name>hostlseek.c.obj</name>
      </input_file>
      <input_file id="fl-39">
         <path>C:\ti\ccsv8\tools\compiler\ti-cgt-arm_18.1.2.LTS\lib\</path>
         <kind>archive</kind>
         <file>rtsv7R4_T_be_v3D16_eabi.lib</file>
         <name>hostopen.c.obj</name>
      </input_file>
      <input_file id="fl-3a">
         <path>C:\ti\ccsv8\tools\compiler\ti-cgt-arm_18.1.2.LTS\lib\</path>
         <kind>archive</kind>
         <file>rtsv7R4_T_be_v3D16_eabi.lib</file>
         <name>hostread.c.obj</name>
      </input_file>
      <input_file id="fl-3b">
         <path>C:\ti\ccsv8\tools\compiler\ti-cgt-arm_18.1.2.LTS\lib\</path>
         <kind>archive</kind>
         <file>rtsv7R4_T_be_v3D16_eabi.lib</file>
         <name>hostrename.c.obj</name>
      </input_file>
      <input_file id="fl-3c">
         <path>C:\ti\ccsv8\tools\compiler\ti-cgt-arm_18.1.2.LTS\lib\</path>
         <kind>archive</kind>
         <file>rtsv7R4_T_be_v3D16_eabi.lib</file>
         <name>hostunlink.c.obj</name>
      </input_file>
      <input_file id="fl-3d">
         <path>C:\ti\ccsv8\tools\compiler\ti-cgt-arm_18.1.2.LTS\lib\</path>
         <kind>archive</kind>
         <file>rtsv7R4_T_be_v3D16_eabi.lib</file>
         <name>hostwrite.c.obj</name>
      </input_file>
      <input_file id="fl-3e">
         <path>C:\ti\ccsv8\tools\compiler\ti-cgt-arm_18.1.2.LTS\lib\</path>
         <kind>archive</kind>
         <file>rtsv7R4_T_be_v3D16_eabi.lib</file>
         <name>trgmsg.c.obj</name>
      </input_file>
      <input_file id="fl-3f">
         <path>C:\ti\ccsv8\tools\compiler\ti-cgt-arm_18.1.2.LTS\lib\</path>
         <kind>archive</kind>
         <file>rtsv7R4_T_be_v3D16_eabi.lib</file>
         <name>s_frexp.c.obj</name>
      </input_file>
      <input_file id="fl-40">
         <path>C:\ti\ccsv8\tools\compiler\ti-cgt-arm_18.1.2.LTS\lib\</path>
         <kind>archive</kind>
         <file>rtsv7R4_T_be_v3D16_eabi.lib</file>
         <name>s_scalbn.c.obj</name>
      </input_file>
      <input_file id="fl-41">
         <path>C:\ti\ccsv8\tools\compiler\ti-cgt-arm_18.1.2.LTS\lib\</path>
         <kind>archive</kind>
         <file>rtsv7R4_T_be_v3D16_eabi.lib</file>
         <name>s_copysign.c.obj</name>
      </input_file>
      <input_file id="fl-42">
         <path>C:\ti\ccsv8\tools\compiler\ti-cgt-arm_18.1.2.LTS\lib\</path>
         <kind>archive</kind>
         <file>rtsv7R4_T_be_v3D16_eabi.lib</file>
         <name>wcslen.c.obj</name>
      </input_file>
      <input_file id="fl-43">
         <path>C:\ti\ccsv8\tools\compiler\ti-cgt-arm_18.1.2.LTS\lib\</path>
         <kind>archive</kind>
         <file>rtsv7R4_T_be_v3D16_eabi.lib</file>
         <name>ull_div32.asm.obj</name>
      </input_file>
      <input_file id="fl-44">
         <path>C:\ti\ccsv8\tools\compiler\ti-cgt-arm_18.1.2.LTS\lib\</path>
         <kind>archive</kind>
         <file>rtsv7R4_T_be_v3D16_eabi.lib</file>
         <name>errno.c.obj</name>
      </input_file>
      <input_file id="fl-45">
         <path>C:\ti\ccsv8\tools\compiler\ti-cgt-arm_18.1.2.LTS\lib\</path>
         <kind>archive</kind>
         <file>rtsv7R4_T_be_v3D16_eabi.lib</file>
         <name>memory.c.obj</name>
      </input_file>
      <input_file id="fl-46">
         <path>C:\ti\ccsv8\tools\compiler\ti-cgt-arm_18.1.2.LTS\lib\</path>
         <kind>archive</kind>
         <file>rtsv7R4_T_be_v3D16_eabi.lib</file>
         <name>fopen.c.obj</name>
      </input_file>
      <input_file id="fl-47">
         <path>C:\ti\ccsv8\tools\compiler\ti-cgt-arm_18.1.2.LTS\lib\</path>
         <kind>archive</kind>
         <file>rtsv7R4_T_be_v3D16_eabi.lib</file>
         <name>open.c.obj</name>
      </input_file>
      <input_file id="fl-48">
         <path>C:\ti\ccsv8\tools\compiler\ti-cgt-arm_18.1.2.LTS\lib\</path>
         <kind>archive</kind>
         <file>rtsv7R4_T_be_v3D16_eabi.lib</file>
         <name>strcpy.c.obj</name>
      </input_file>
      <input_file id="fl-49">
         <path>C:\ti\ccsv8\tools\compiler\ti-cgt-arm_18.1.2.LTS\lib\</path>
         <kind>archive</kind>
         <file>rtsv7R4_T_be_v3D16_eabi.lib</file>
         <name>fclose.c.obj</name>
      </input_file>
      <input_file id="fl-4a">
         <path>C:\ti\ccsv8\tools\compiler\ti-cgt-arm_18.1.2.LTS\lib\</path>
         <kind>archive</kind>
         <file>rtsv7R4_T_be_v3D16_eabi.lib</file>
         <name>getdevice.c.obj</name>
      </input_file>
      <input_file id="fl-4b">
         <path>C:\ti\ccsv8\tools\compiler\ti-cgt-arm_18.1.2.LTS\lib\</path>
         <kind>archive</kind>
         <file>rtsv7R4_T_be_v3D16_eabi.lib</file>
         <name>remove.c.obj</name>
      </input_file>
      <input_file id="fl-4c">
         <path>C:\ti\ccsv8\tools\compiler\ti-cgt-arm_18.1.2.LTS\lib\</path>
         <kind>archive</kind>
         <file>rtsv7R4_T_be_v3D16_eabi.lib</file>
         <name>strcmp.c.obj</name>
      </input_file>
      <input_file id="fl-4d">
         <path>C:\ti\ccsv8\tools\compiler\ti-cgt-arm_18.1.2.LTS\lib\</path>
         <kind>archive</kind>
         <file>rtsv7R4_T_be_v3D16_eabi.lib</file>
         <name>strncpy.c.obj</name>
      </input_file>
      <input_file id="fl-4e">
         <path>C:\ti\ccsv8\tools\compiler\ti-cgt-arm_18.1.2.LTS\lib\</path>
         <kind>archive</kind>
         <file>rtsv7R4_T_be_v3D16_eabi.lib</file>
         <name>unlink.c.obj</name>
      </input_file>
      <input_file id="fl-4f">
         <path>C:\ti\ccsv8\tools\compiler\ti-cgt-arm_18.1.2.LTS\lib\</path>
         <kind>archive</kind>
         <file>rtsv7R4_T_be_v3D16_eabi.lib</file>
         <name>close.c.obj</name>
      </input_file>
   </input_file_list>
   <object_component_list>
      <object_component id="oc-34">
         <name>.intvecs</name>
         <load_address>0x0</load_address>
         <run_address>0x0</run_address>
         <size>0x20</size>
         <input_file_ref idref="fl-c"/>
      </object_component>
      <object_component id="oc-7c">
         <name>.text</name>
         <load_address>0x20</load_address>
         <run_address>0x20</run_address>
         <size>0x2cdc</size>
         <input_file_ref idref="fl-13"/>
      </object_component>
      <object_component id="oc-136">
         <name>.text</name>
         <load_address>0x2cfc</load_address>
         <run_address>0x2cfc</run_address>
         <size>0xd6c</size>
         <input_file_ref idref="fl-7"/>
      </object_component>
      <object_component id="oc-76">
         <name>.text</name>
         <load_address>0x3a68</load_address>
         <run_address>0x3a68</run_address>
         <size>0xb28</size>
         <input_file_ref idref="fl-16"/>
      </object_component>
      <object_component id="oc-40">
         <name>.text</name>
         <load_address>0x4590</load_address>
         <run_address>0x4590</run_address>
         <size>0xa54</size>
         <input_file_ref idref="fl-15"/>
      </object_component>
      <object_component id="oc-211">
         <name>.text:__TI_printfi</name>
         <load_address>0x4fe4</load_address>
         <run_address>0x4fe4</run_address>
         <size>0xa32</size>
         <input_file_ref idref="fl-29"/>
      </object_component>
      <object_component id="oc-2e2">
         <name>.text:_nop</name>
         <load_address>0x5a16</load_address>
         <run_address>0x5a16</run_address>
         <size>0x2</size>
         <input_file_ref idref="fl-24"/>
      </object_component>
      <object_component id="oc-d8">
         <name>.text</name>
         <load_address>0x5a18</load_address>
         <run_address>0x5a18</run_address>
         <size>0x8b4</size>
         <input_file_ref idref="fl-6"/>
      </object_component>
      <object_component id="oc-124">
         <name>.text</name>
         <load_address>0x62cc</load_address>
         <run_address>0x62cc</run_address>
         <size>0x7ac</size>
         <input_file_ref idref="fl-9"/>
      </object_component>
      <object_component id="oc-12a">
         <name>.text</name>
         <load_address>0x6a78</load_address>
         <run_address>0x6a78</run_address>
         <size>0x72c</size>
         <input_file_ref idref="fl-8"/>
      </object_component>
      <object_component id="oc-89">
         <name>.text</name>
         <load_address>0x71a4</load_address>
         <run_address>0x71a4</run_address>
         <size>0x6c8</size>
         <input_file_ref idref="fl-d"/>
      </object_component>
      <object_component id="oc-82">
         <name>.text</name>
         <load_address>0x786c</load_address>
         <run_address>0x786c</run_address>
         <size>0x5bc</size>
         <input_file_ref idref="fl-3"/>
      </object_component>
      <object_component id="oc-11e">
         <name>.text</name>
         <load_address>0x7e28</load_address>
         <run_address>0x7e28</run_address>
         <size>0x484</size>
         <input_file_ref idref="fl-4"/>
      </object_component>
      <object_component id="oc-2e">
         <name>.text:retain</name>
         <load_address>0x82ac</load_address>
         <run_address>0x82ac</run_address>
         <size>0x3d8</size>
         <input_file_ref idref="fl-9"/>
      </object_component>
      <object_component id="oc-71">
         <name>.text</name>
         <load_address>0x8684</load_address>
         <run_address>0x8684</run_address>
         <size>0x34c</size>
         <input_file_ref idref="fl-a"/>
      </object_component>
      <object_component id="oc-3f">
         <name>.text:retain</name>
         <load_address>0x89d0</load_address>
         <run_address>0x89d0</run_address>
         <size>0x2cc</size>
         <input_file_ref idref="fl-15"/>
      </object_component>
      <object_component id="oc-33c">
         <name>.text</name>
         <load_address>0x8c9c</load_address>
         <run_address>0x8c9c</run_address>
         <size>0x2b8</size>
         <input_file_ref idref="fl-43"/>
      </object_component>
      <object_component id="oc-19">
         <name>.text:retain</name>
         <load_address>0x8f54</load_address>
         <run_address>0x8f54</run_address>
         <size>0x27c</size>
         <input_file_ref idref="fl-14"/>
      </object_component>
      <object_component id="oc-2be">
         <name>.text:_pconv_a</name>
         <load_address>0x91d0</load_address>
         <run_address>0x91d0</run_address>
         <size>0x248</size>
         <input_file_ref idref="fl-29"/>
      </object_component>
      <object_component id="oc-2ac">
         <name>.text:_pconv_g</name>
         <load_address>0x9418</load_address>
         <run_address>0x9418</run_address>
         <size>0x1a8</size>
         <input_file_ref idref="fl-29"/>
      </object_component>
      <object_component id="oc-2f0">
         <name>.text:fputs</name>
         <load_address>0x95c0</load_address>
         <run_address>0x95c0</run_address>
         <size>0x118</size>
         <input_file_ref idref="fl-2e"/>
      </object_component>
      <object_component id="oc-1f">
         <name>.text:retain</name>
         <load_address>0x96d8</load_address>
         <run_address>0x96d8</run_address>
         <size>0x114</size>
         <input_file_ref idref="fl-3"/>
      </object_component>
      <object_component id="oc-2b8">
         <name>.text:_pconv_e</name>
         <load_address>0x97ec</load_address>
         <run_address>0x97ec</run_address>
         <size>0x104</size>
         <input_file_ref idref="fl-29"/>
      </object_component>
      <object_component id="oc-355">
         <name>.text:fcvt</name>
         <load_address>0x98f0</load_address>
         <run_address>0x98f0</run_address>
         <size>0xfc</size>
         <input_file_ref idref="fl-29"/>
      </object_component>
      <object_component id="oc-369">
         <name>.text:scalbn</name>
         <load_address>0x99ec</load_address>
         <run_address>0x99ec</run_address>
         <size>0xec</size>
         <input_file_ref idref="fl-40"/>
      </object_component>
      <object_component id="oc-a5">
         <name>.text</name>
         <load_address>0x9ad8</load_address>
         <run_address>0x9ad8</run_address>
         <size>0xe8</size>
         <input_file_ref idref="fl-2"/>
      </object_component>
      <object_component id="oc-203">
         <name>.text:floor</name>
         <load_address>0x9bc0</load_address>
         <run_address>0x9bc0</run_address>
         <size>0xe0</size>
         <input_file_ref idref="fl-1b"/>
      </object_component>
      <object_component id="oc-e0">
         <name>.text</name>
         <load_address>0x9ca0</load_address>
         <run_address>0x9ca0</run_address>
         <size>0xe0</size>
         <input_file_ref idref="fl-12"/>
      </object_component>
      <object_component id="oc-3a8">
         <name>.text:setvbuf</name>
         <load_address>0x9d80</load_address>
         <run_address>0x9d80</run_address>
         <size>0xdc</size>
         <input_file_ref idref="fl-34"/>
      </object_component>
      <object_component id="oc-3f6">
         <name>.text:free</name>
         <load_address>0x9e5c</load_address>
         <run_address>0x9e5c</run_address>
         <size>0xd8</size>
         <input_file_ref idref="fl-45"/>
      </object_component>
      <object_component id="oc-91">
         <name>.text</name>
         <load_address>0x9f34</load_address>
         <run_address>0x9f34</run_address>
         <size>0xc4</size>
         <input_file_ref idref="fl-5"/>
      </object_component>
      <object_component id="oc-2a6">
         <name>.text:_ltostr</name>
         <load_address>0x9ff8</load_address>
         <run_address>0x9ff8</run_address>
         <size>0xad</size>
         <input_file_ref idref="fl-29"/>
      </object_component>
      <object_component id="oc-59">
         <name>.text</name>
         <load_address>0xa0a6</load_address>
         <run_address>0xa0a6</run_address>
         <size>0x9c</size>
         <input_file_ref idref="fl-1d"/>
      </object_component>
      <object_component id="oc-23b">
         <name>.text:fputc</name>
         <load_address>0xa144</load_address>
         <run_address>0xa144</run_address>
         <size>0x90</size>
         <input_file_ref idref="fl-25"/>
      </object_component>
      <object_component id="oc-34e">
         <name>.text:_mcpy</name>
         <load_address>0xa1d4</load_address>
         <run_address>0xa1d4</run_address>
         <size>0x7a</size>
         <input_file_ref idref="fl-29"/>
      </object_component>
      <object_component id="oc-d1">
         <name>.text</name>
         <load_address>0xa24e</load_address>
         <run_address>0xa24e</run_address>
         <size>0x7a</size>
         <input_file_ref idref="fl-1c"/>
      </object_component>
      <object_component id="oc-3fc">
         <name>.text:malloc</name>
         <load_address>0xa2c8</load_address>
         <run_address>0xa2c8</run_address>
         <size>0x78</size>
         <input_file_ref idref="fl-45"/>
      </object_component>
      <object_component id="oc-451">
         <name>.text:__TI_closefile</name>
         <load_address>0xa340</load_address>
         <run_address>0xa340</run_address>
         <size>0x74</size>
         <input_file_ref idref="fl-49"/>
      </object_component>
      <object_component id="oc-363">
         <name>.text:frexp</name>
         <load_address>0xa3b4</load_address>
         <run_address>0xa3b4</run_address>
         <size>0x74</size>
         <input_file_ref idref="fl-3f"/>
      </object_component>
      <object_component id="oc-c">
         <name>.text:decompress:lzss:__TI_decompress_lzss</name>
         <load_address>0xa428</load_address>
         <run_address>0xa428</run_address>
         <size>0x6c</size>
         <input_file_ref idref="fl-22"/>
      </object_component>
      <object_component id="oc-475">
         <name>.text:HOSTlseek</name>
         <load_address>0xa494</load_address>
         <run_address>0xa494</run_address>
         <size>0x68</size>
         <input_file_ref idref="fl-38"/>
      </object_component>
      <object_component id="oc-481">
         <name>.text:HOSTrename</name>
         <load_address>0xa4fc</load_address>
         <run_address>0xa4fc</run_address>
         <size>0x68</size>
         <input_file_ref idref="fl-3b"/>
      </object_component>
      <object_component id="oc-130">
         <name>.text:printf</name>
         <load_address>0xa564</load_address>
         <run_address>0xa564</run_address>
         <size>0x68</size>
         <input_file_ref idref="fl-26"/>
      </object_component>
      <object_component id="oc-303">
         <name>.text:__TI_wrt_ok</name>
         <load_address>0xa5cc</load_address>
         <run_address>0xa5cc</run_address>
         <size>0x64</size>
         <input_file_ref idref="fl-28"/>
      </object_component>
      <object_component id="oc-3a2">
         <name>.text:fseek</name>
         <load_address>0xa630</load_address>
         <run_address>0xa630</run_address>
         <size>0x64</size>
         <input_file_ref idref="fl-2f"/>
      </object_component>
      <object_component id="oc-45d">
         <name>.text:HOSTopen</name>
         <load_address>0xa694</load_address>
         <run_address>0xa694</run_address>
         <size>0x5c</size>
         <input_file_ref idref="fl-39"/>
      </object_component>
      <object_component id="oc-469">
         <name>.text:HOSTread</name>
         <load_address>0xa6f0</load_address>
         <run_address>0xa6f0</run_address>
         <size>0x5c</size>
         <input_file_ref idref="fl-3a"/>
      </object_component>
      <object_component id="oc-46f">
         <name>.text:HOSTwrite</name>
         <load_address>0xa74c</load_address>
         <run_address>0xa74c</run_address>
         <size>0x58</size>
         <input_file_ref idref="fl-3d"/>
      </object_component>
      <object_component id="oc-490">
         <name>.text:close</name>
         <load_address>0xa7a4</load_address>
         <run_address>0xa7a4</run_address>
         <size>0x58</size>
         <input_file_ref idref="fl-4f"/>
      </object_component>
      <object_component id="oc-348">
         <name>.text:_ecpy</name>
         <load_address>0xa7fc</load_address>
         <run_address>0xa7fc</run_address>
         <size>0x54</size>
         <input_file_ref idref="fl-29"/>
      </object_component>
      <object_component id="oc-342">
         <name>.text:ltoa</name>
         <load_address>0xa850</load_address>
         <run_address>0xa850</run_address>
         <size>0x54</size>
         <input_file_ref idref="fl-31"/>
      </object_component>
      <object_component id="oc-2b2">
         <name>.text:_pconv_f</name>
         <load_address>0xa8a4</load_address>
         <run_address>0xa8a4</run_address>
         <size>0x50</size>
         <input_file_ref idref="fl-29"/>
      </object_component>
      <object_component id="oc-2a0">
         <name>.text:atoi</name>
         <load_address>0xa8f4</load_address>
         <run_address>0xa8f4</run_address>
         <size>0x50</size>
         <input_file_ref idref="fl-2a"/>
      </object_component>
      <object_component id="oc-309">
         <name>.text:__TI_doflush</name>
         <load_address>0xa944</load_address>
         <run_address>0xa944</run_address>
         <size>0x4c</size>
         <input_file_ref idref="fl-2d"/>
      </object_component>
      <object_component id="oc-28">
         <name>.text:retain</name>
         <load_address>0xa990</load_address>
         <run_address>0xa990</run_address>
         <size>0x4c</size>
         <input_file_ref idref="fl-8"/>
      </object_component>
      <object_component id="oc-463">
         <name>.text:HOSTclose</name>
         <load_address>0xa9dc</load_address>
         <run_address>0xa9dc</run_address>
         <size>0x44</size>
         <input_file_ref idref="fl-37"/>
      </object_component>
      <object_component id="oc-47b">
         <name>.text:HOSTunlink</name>
         <load_address>0xaa20</load_address>
         <run_address>0xaa20</run_address>
         <size>0x44</size>
         <input_file_ref idref="fl-3c"/>
      </object_component>
      <object_component id="oc-ee">
         <name>.text:__TI_auto_init_nobinit_nopinit:__TI_auto_init_nobinit_nopinit</name>
         <load_address>0xaa64</load_address>
         <run_address>0xaa64</run_address>
         <size>0x44</size>
         <input_file_ref idref="fl-1e"/>
      </object_component>
      <object_component id="oc-14f">
         <name>.text:exit</name>
         <load_address>0xaaa8</load_address>
         <run_address>0xaaa8</run_address>
         <size>0x44</size>
         <input_file_ref idref="fl-23"/>
      </object_component>
      <object_component id="oc-4c5">
         <name>.text:getdevice</name>
         <load_address>0xaaec</load_address>
         <run_address>0xaaec</run_address>
         <size>0x44</size>
         <input_file_ref idref="fl-4a"/>
      </object_component>
      <object_component id="oc-35b">
         <name>.text:_fcpy</name>
         <load_address>0xab30</load_address>
         <run_address>0xab30</run_address>
         <size>0x40</size>
         <input_file_ref idref="fl-29"/>
      </object_component>
      <object_component id="oc-4a1">
         <name>.text:__TI_writemsg</name>
         <load_address>0xab70</load_address>
         <run_address>0xab70</run_address>
         <size>0x3c</size>
         <input_file_ref idref="fl-3e"/>
      </object_component>
      <object_component id="oc-446">
         <name>.text:minsert</name>
         <load_address>0xabac</load_address>
         <run_address>0xabac</run_address>
         <size>0x3c</size>
         <input_file_ref idref="fl-45"/>
      </object_component>
      <object_component id="oc-43a">
         <name>.text:minit</name>
         <load_address>0xabe8</load_address>
         <run_address>0xabe8</run_address>
         <size>0x38</size>
         <input_file_ref idref="fl-45"/>
      </object_component>
      <object_component id="oc-4e7">
         <name>.text:strncpy</name>
         <load_address>0xac20</load_address>
         <run_address>0xac20</run_address>
         <size>0x36</size>
         <input_file_ref idref="fl-4d"/>
      </object_component>
      <object_component id="oc-402">
         <name>.text:__TI_cleanup</name>
         <load_address>0xac58</load_address>
         <run_address>0xac58</run_address>
         <size>0x34</size>
         <input_file_ref idref="fl-46"/>
      </object_component>
      <object_component id="oc-4a7">
         <name>.text:__TI_readmsg</name>
         <load_address>0xac8c</load_address>
         <run_address>0xac8c</run_address>
         <size>0x34</size>
         <input_file_ref idref="fl-3e"/>
      </object_component>
      <object_component id="oc-4ed">
         <name>.text:finddevice</name>
         <load_address>0xacc0</load_address>
         <run_address>0xacc0</run_address>
         <size>0x34</size>
         <input_file_ref idref="fl-4a"/>
      </object_component>
      <object_component id="oc-496">
         <name>.text:unlink</name>
         <load_address>0xacf4</load_address>
         <run_address>0xacf4</run_address>
         <size>0x2c</size>
         <input_file_ref idref="fl-4e"/>
      </object_component>
      <object_component id="oc-3ee">
         <name>.text:lseek</name>
         <load_address>0xad20</load_address>
         <run_address>0xad20</run_address>
         <size>0x28</size>
         <input_file_ref idref="fl-30"/>
      </object_component>
      <object_component id="oc-440">
         <name>.text:mremove</name>
         <load_address>0xad48</load_address>
         <run_address>0xad48</run_address>
         <size>0x28</size>
         <input_file_ref idref="fl-45"/>
      </object_component>
      <object_component id="oc-30f">
         <name>.text:write</name>
         <load_address>0xad70</load_address>
         <run_address>0xad70</run_address>
         <size>0x28</size>
         <input_file_ref idref="fl-27"/>
      </object_component>
      <object_component id="oc-39a">
         <name>.text:memchr</name>
         <load_address>0xad98</load_address>
         <run_address>0xad98</run_address>
         <size>0x20</size>
         <input_file_ref idref="fl-33"/>
      </object_component>
      <object_component id="oc-2c4">
         <name>.text:memccpy</name>
         <load_address>0xadb8</load_address>
         <run_address>0xadb8</run_address>
         <size>0x1c</size>
         <input_file_ref idref="fl-32"/>
      </object_component>
      <object_component id="oc-3ce">
         <name>.text:copysign</name>
         <load_address>0xadd4</load_address>
         <run_address>0xadd4</run_address>
         <size>0x18</size>
         <input_file_ref idref="fl-41"/>
      </object_component>
      <object_component id="oc-504">
         <name>.text:strcmp</name>
         <load_address>0xadec</load_address>
         <run_address>0xadec</run_address>
         <size>0x18</size>
         <input_file_ref idref="fl-4c"/>
      </object_component>
      <object_component id="oc-36f">
         <name>.text:strchr</name>
         <load_address>0xae04</load_address>
         <run_address>0xae04</run_address>
         <size>0x16</size>
         <input_file_ref idref="fl-35"/>
      </object_component>
      <object_component id="oc-29a">
         <name>.text:strlen</name>
         <load_address>0xae1a</load_address>
         <run_address>0xae1a</run_address>
         <size>0x16</size>
         <input_file_ref idref="fl-36"/>
      </object_component>
      <object_component id="oc-4bb">
         <name>.text:strcpy</name>
         <load_address>0xae30</load_address>
         <run_address>0xae30</run_address>
         <size>0x14</size>
         <input_file_ref idref="fl-48"/>
      </object_component>
      <object_component id="oc-65">
         <name>.text:decompress:ZI:__TI_zero_init_nomemset:__TI_zero_init_nomemset</name>
         <load_address>0xae44</load_address>
         <run_address>0xae44</run_address>
         <size>0x12</size>
         <input_file_ref idref="fl-20"/>
      </object_component>
      <object_component id="oc-2ca">
         <name>.text:wcslen</name>
         <load_address>0xae56</load_address>
         <run_address>0xae56</run_address>
         <size>0x12</size>
         <input_file_ref idref="fl-42"/>
      </object_component>
      <object_component id="oc-12">
         <name>.text:decompress:none:__TI_decompress_none</name>
         <load_address>0xae68</load_address>
         <run_address>0xae68</run_address>
         <size>0xe</size>
         <input_file_ref idref="fl-21"/>
      </object_component>
      <object_component id="oc-13c">
         <name>.text:putchar</name>
         <load_address>0xae78</load_address>
         <run_address>0xae78</run_address>
         <size>0xc</size>
         <input_file_ref idref="fl-25"/>
      </object_component>
      <object_component id="oc-2d0">
         <name>.text:__aeabi_errno_addr</name>
         <load_address>0xae84</load_address>
         <run_address>0xae84</run_address>
         <size>0x8</size>
         <input_file_ref idref="fl-44"/>
      </object_component>
      <object_component id="oc-223">
         <name>.text:_outc</name>
         <load_address>0xae8c</load_address>
         <run_address>0xae8c</run_address>
         <size>0x4</size>
         <input_file_ref idref="fl-26"/>
      </object_component>
      <object_component id="oc-21d">
         <name>.text:_outs</name>
         <load_address>0xae90</load_address>
         <run_address>0xae90</run_address>
         <size>0x4</size>
         <input_file_ref idref="fl-26"/>
      </object_component>
      <object_component id="oc-149">
         <name>.text:abort:abort</name>
         <load_address>0xae94</load_address>
         <run_address>0xae94</run_address>
         <size>0x4</size>
         <input_file_ref idref="fl-23"/>
      </object_component>
      <object_component id="oc-39">
         <name>.text:retain</name>
         <load_address>0xae98</load_address>
         <run_address>0xae98</run_address>
         <size>0x4</size>
         <input_file_ref idref="fl-10"/>
      </object_component>
      <object_component id="oc-230">
         <name>.const:crc16_table</name>
         <load_address>0xae9c</load_address>
         <run_address>0xae9c</run_address>
         <size>0x200</size>
         <input_file_ref idref="fl-7"/>
      </object_component>
      <object_component id="oc-25">
         <name>.const:s_vim_init</name>
         <load_address>0xb09c</load_address>
         <run_address>0xb09c</run_address>
         <size>0x200</size>
         <input_file_ref idref="fl-15"/>
      </object_component>
      <object_component id="oc-337">
         <name>.const:.string:_ctypes_</name>
         <load_address>0xb29c</load_address>
         <run_address>0xb29c</run_address>
         <size>0x101</size>
         <input_file_ref idref="fl-2b"/>
      </object_component>
      <object_component id="oc-538">
         <name>.cinit..data.load</name>
         <load_address>0xb3a0</load_address>
         <run_address>0xb3a0</run_address>
         <size>0x6a</size>
      </object_component>
      <object_component id="oc-535">
         <name>__TI_handler_table</name>
         <load_address>0xb40c</load_address>
         <run_address>0xb40c</run_address>
         <size>0xc</size>
      </object_component>
      <object_component id="oc-537">
         <name>.cinit..bss.load</name>
         <load_address>0xb418</load_address>
         <run_address>0xb418</run_address>
         <size>0x8</size>
      </object_component>
      <object_component id="oc-536">
         <name>__TI_cinit_table</name>
         <load_address>0xb420</load_address>
         <run_address>0xb420</run_address>
         <size>0x10</size>
      </object_component>
      <object_component id="oc-233">
         <name>.bss</name>
         <uninitialized>true</uninitialized>
         <run_address>0x8001ef0</run_address>
         <size>0x4</size>
         <input_file_ref idref="fl-7"/>
      </object_component>
      <object_component id="oc-a1">
         <name>.bss:g_sciTransfer_t</name>
         <uninitialized>true</uninitialized>
         <run_address>0x8001ec0</run_address>
         <size>0x28</size>
         <input_file_ref idref="fl-9"/>
      </object_component>
      <object_component id="oc-4cf">
         <name>.bss:_CIOBUF_</name>
         <uninitialized>true</uninitialized>
         <run_address>0x8001d00</run_address>
         <size>0x120</size>
         <input_file_ref idref="fl-3e"/>
      </object_component>
      <object_component id="oc-49c">
         <name>.common:__TI_tmpnams</name>
         <uninitialized>true</uninitialized>
         <run_address>0x8001e20</run_address>
         <size>0xa0</size>
      </object_component>
      <object_component id="oc-4ad">
         <name>.common:parmbuf</name>
         <uninitialized>true</uninitialized>
         <run_address>0x8001ee8</run_address>
         <size>0x8</size>
      </object_component>
      <object_component id="oc-155">
         <name>.data</name>
         <load_address>0x80020dc</load_address>
         <run_address>0x80020dc</run_address>
         <size>0x8</size>
         <input_file_ref idref="fl-d"/>
      </object_component>
      <object_component id="oc-24f">
         <name>.data:$O1$$</name>
         <load_address>0x80020bc</load_address>
         <run_address>0x80020bc</run_address>
         <size>0xc</size>
         <input_file_ref idref="fl-23"/>
      </object_component>
      <object_component id="oc-217">
         <name>.data:$O1$$</name>
         <load_address>0x80020d4</load_address>
         <run_address>0x80020d4</run_address>
         <size>0x8</size>
         <input_file_ref idref="fl-24"/>
      </object_component>
      <object_component id="oc-413">
         <name>.data:_device</name>
         <load_address>0x8001fe4</load_address>
         <run_address>0x8001fe4</run_address>
         <size>0x78</size>
         <input_file_ref idref="fl-27"/>
      </object_component>
      <object_component id="oc-3b2">
         <name>.data:_stream</name>
         <load_address>0x800205c</load_address>
         <run_address>0x800205c</run_address>
         <size>0x50</size>
         <input_file_ref idref="fl-27"/>
      </object_component>
      <object_component id="oc-21a">
         <name>.data:_ftable</name>
         <load_address>0x8001ef4</load_address>
         <run_address>0x8001ef4</run_address>
         <size>0xf0</size>
         <input_file_ref idref="fl-2c"/>
      </object_component>
      <object_component id="oc-457">
         <name>.data</name>
         <load_address>0x80020ac</load_address>
         <run_address>0x80020ac</run_address>
         <size>0x10</size>
         <input_file_ref idref="fl-2c"/>
      </object_component>
      <object_component id="oc-37f">
         <name>.data</name>
         <load_address>0x80020e4</load_address>
         <run_address>0x80020e4</run_address>
         <size>0x4</size>
         <input_file_ref idref="fl-44"/>
      </object_component>
      <object_component id="oc-44c">
         <name>.data:$O1$$</name>
         <load_address>0x80020c8</load_address>
         <run_address>0x80020c8</run_address>
         <size>0xc</size>
         <input_file_ref idref="fl-45"/>
      </object_component>
      <object_component id="oc-4b">
         <name>.sysmem</name>
         <uninitialized>true</uninitialized>
         <run_address>0x8001500</run_address>
         <size>0x8</size>
         <input_file_ref idref="fl-45"/>
      </object_component>
      <object_component id="oc-539">
         <name>.sysmem</name>
         <uninitialized>true</uninitialized>
         <run_address>0x8001500</run_address>
         <size>0x0</size>
      </object_component>
      <object_component id="oc-a6">
         <name>.debug_info</name>
         <load_address>0x0</load_address>
         <run_address>0x0</run_address>
         <size>0xff</size>
         <input_file_ref idref="fl-2"/>
      </object_component>
      <object_component id="oc-ed">
         <name>.debug_info</name>
         <load_address>0xff</load_address>
         <run_address>0xff</run_address>
         <size>0x313</size>
         <input_file_ref idref="fl-3"/>
      </object_component>
      <object_component id="oc-83">
         <name>.debug_info</name>
         <load_address>0x412</load_address>
         <run_address>0x412</run_address>
         <size>0xb28</size>
         <input_file_ref idref="fl-3"/>
      </object_component>
      <object_component id="oc-20">
         <name>.debug_info</name>
         <load_address>0xf3a</load_address>
         <run_address>0xf3a</run_address>
         <size>0x188</size>
         <input_file_ref idref="fl-3"/>
      </object_component>
      <object_component id="oc-166">
         <name>.debug_info</name>
         <load_address>0x10c2</load_address>
         <run_address>0x10c2</run_address>
         <size>0x26b</size>
         <input_file_ref idref="fl-3"/>
      </object_component>
      <object_component id="oc-98">
         <name>.debug_info</name>
         <load_address>0x132d</load_address>
         <run_address>0x132d</run_address>
         <size>0x157</size>
         <input_file_ref idref="fl-3"/>
      </object_component>
      <object_component id="oc-143">
         <name>.debug_info</name>
         <load_address>0x1484</load_address>
         <run_address>0x1484</run_address>
         <size>0x8b</size>
         <input_file_ref idref="fl-3"/>
      </object_component>
      <object_component id="oc-ad">
         <name>.debug_info</name>
         <load_address>0x150f</load_address>
         <run_address>0x150f</run_address>
         <size>0x18c</size>
         <input_file_ref idref="fl-3"/>
      </object_component>
      <object_component id="oc-25e">
         <name>.debug_info</name>
         <load_address>0x169b</load_address>
         <run_address>0x169b</run_address>
         <size>0x297</size>
         <input_file_ref idref="fl-3"/>
      </object_component>
      <object_component id="oc-15f">
         <name>.debug_info</name>
         <load_address>0x1932</load_address>
         <run_address>0x1932</run_address>
         <size>0xbb</size>
         <input_file_ref idref="fl-3"/>
      </object_component>
      <object_component id="oc-b2">
         <name>.debug_info</name>
         <load_address>0x19ed</load_address>
         <run_address>0x19ed</run_address>
         <size>0x86</size>
         <input_file_ref idref="fl-3"/>
      </object_component>
      <object_component id="oc-16b">
         <name>.debug_info</name>
         <load_address>0x1a73</load_address>
         <run_address>0x1a73</run_address>
         <size>0x1de</size>
         <input_file_ref idref="fl-3"/>
      </object_component>
      <object_component id="oc-e8">
         <name>.debug_info</name>
         <load_address>0x1c51</load_address>
         <run_address>0x1c51</run_address>
         <size>0x129</size>
         <input_file_ref idref="fl-3"/>
      </object_component>
      <object_component id="oc-184">
         <name>.debug_info</name>
         <load_address>0x1d7a</load_address>
         <run_address>0x1d7a</run_address>
         <size>0x2d0</size>
         <input_file_ref idref="fl-3"/>
      </object_component>
      <object_component id="oc-202">
         <name>.debug_info</name>
         <load_address>0x204a</load_address>
         <run_address>0x204a</run_address>
         <size>0x296</size>
         <input_file_ref idref="fl-4"/>
      </object_component>
      <object_component id="oc-11f">
         <name>.debug_info</name>
         <load_address>0x22e0</load_address>
         <run_address>0x22e0</run_address>
         <size>0x6e0</size>
         <input_file_ref idref="fl-4"/>
      </object_component>
      <object_component id="oc-175">
         <name>.debug_info</name>
         <load_address>0x29c0</load_address>
         <run_address>0x29c0</run_address>
         <size>0x1f9</size>
         <input_file_ref idref="fl-4"/>
      </object_component>
      <object_component id="oc-28c">
         <name>.debug_info</name>
         <load_address>0x2bb9</load_address>
         <run_address>0x2bb9</run_address>
         <size>0x12a</size>
         <input_file_ref idref="fl-4"/>
      </object_component>
      <object_component id="oc-159">
         <name>.debug_info</name>
         <load_address>0x2ce3</load_address>
         <run_address>0x2ce3</run_address>
         <size>0x502</size>
         <input_file_ref idref="fl-5"/>
      </object_component>
      <object_component id="oc-92">
         <name>.debug_info</name>
         <load_address>0x31e5</load_address>
         <run_address>0x31e5</run_address>
         <size>0x7c5</size>
         <input_file_ref idref="fl-5"/>
      </object_component>
      <object_component id="oc-1b1">
         <name>.debug_info</name>
         <load_address>0x39aa</load_address>
         <run_address>0x39aa</run_address>
         <size>0x791</size>
         <input_file_ref idref="fl-5"/>
      </object_component>
      <object_component id="oc-1b6">
         <name>.debug_info</name>
         <load_address>0x413b</load_address>
         <run_address>0x413b</run_address>
         <size>0x4de</size>
         <input_file_ref idref="fl-5"/>
      </object_component>
      <object_component id="oc-1bb">
         <name>.debug_info</name>
         <load_address>0x4619</load_address>
         <run_address>0x4619</run_address>
         <size>0x3ce</size>
         <input_file_ref idref="fl-5"/>
      </object_component>
      <object_component id="oc-244">
         <name>.debug_info</name>
         <load_address>0x49e7</load_address>
         <run_address>0x49e7</run_address>
         <size>0x306</size>
         <input_file_ref idref="fl-5"/>
      </object_component>
      <object_component id="oc-259">
         <name>.debug_info</name>
         <load_address>0x4ced</load_address>
         <run_address>0x4ced</run_address>
         <size>0x7cd</size>
         <input_file_ref idref="fl-5"/>
      </object_component>
      <object_component id="oc-15a">
         <name>.debug_info</name>
         <load_address>0x54ba</load_address>
         <run_address>0x54ba</run_address>
         <size>0x673</size>
         <input_file_ref idref="fl-5"/>
      </object_component>
      <object_component id="oc-1a5">
         <name>.debug_info</name>
         <load_address>0x5b2d</load_address>
         <run_address>0x5b2d</run_address>
         <size>0x2c</size>
         <input_file_ref idref="fl-5"/>
      </object_component>
      <object_component id="oc-22b">
         <name>.debug_info</name>
         <load_address>0x5b59</load_address>
         <run_address>0x5b59</run_address>
         <size>0x2c</size>
         <input_file_ref idref="fl-5"/>
      </object_component>
      <object_component id="oc-1c0">
         <name>.debug_info</name>
         <load_address>0x5b85</load_address>
         <run_address>0x5b85</run_address>
         <size>0x437</size>
         <input_file_ref idref="fl-5"/>
      </object_component>
      <object_component id="oc-1eb">
         <name>.debug_info</name>
         <load_address>0x5fbc</load_address>
         <run_address>0x5fbc</run_address>
         <size>0x37b</size>
         <input_file_ref idref="fl-5"/>
      </object_component>
      <object_component id="oc-20b">
         <name>.debug_info</name>
         <load_address>0x6337</load_address>
         <run_address>0x6337</run_address>
         <size>0x1d4</size>
         <input_file_ref idref="fl-5"/>
      </object_component>
      <object_component id="oc-1c5">
         <name>.debug_info</name>
         <load_address>0x650b</load_address>
         <run_address>0x650b</run_address>
         <size>0x1ca</size>
         <input_file_ref idref="fl-5"/>
      </object_component>
      <object_component id="oc-170">
         <name>.debug_info</name>
         <load_address>0x66d5</load_address>
         <run_address>0x66d5</run_address>
         <size>0x435</size>
         <input_file_ref idref="fl-5"/>
      </object_component>
      <object_component id="oc-1de">
         <name>.debug_info</name>
         <load_address>0x6b0a</load_address>
         <run_address>0x6b0a</run_address>
         <size>0x551</size>
         <input_file_ref idref="fl-5"/>
      </object_component>
      <object_component id="oc-1ca">
         <name>.debug_info</name>
         <load_address>0x705b</load_address>
         <run_address>0x705b</run_address>
         <size>0x3d3</size>
         <input_file_ref idref="fl-5"/>
      </object_component>
      <object_component id="oc-1d4">
         <name>.debug_info</name>
         <load_address>0x742e</load_address>
         <run_address>0x742e</run_address>
         <size>0x1de</size>
         <input_file_ref idref="fl-5"/>
      </object_component>
      <object_component id="oc-249">
         <name>.debug_info</name>
         <load_address>0x760c</load_address>
         <run_address>0x760c</run_address>
         <size>0x243</size>
         <input_file_ref idref="fl-5"/>
      </object_component>
      <object_component id="oc-26a">
         <name>.debug_info</name>
         <load_address>0x784f</load_address>
         <run_address>0x784f</run_address>
         <size>0x18e</size>
         <input_file_ref idref="fl-5"/>
      </object_component>
      <object_component id="oc-1e3">
         <name>.debug_info</name>
         <load_address>0x79dd</load_address>
         <run_address>0x79dd</run_address>
         <size>0x17a</size>
         <input_file_ref idref="fl-5"/>
      </object_component>
      <object_component id="oc-17a">
         <name>.debug_info</name>
         <load_address>0x7b57</load_address>
         <run_address>0x7b57</run_address>
         <size>0x6a6</size>
         <input_file_ref idref="fl-5"/>
      </object_component>
      <object_component id="oc-17f">
         <name>.debug_info</name>
         <load_address>0x81fd</load_address>
         <run_address>0x81fd</run_address>
         <size>0x13e</size>
         <input_file_ref idref="fl-5"/>
      </object_component>
      <object_component id="oc-1ae">
         <name>.debug_info</name>
         <load_address>0x833b</load_address>
         <run_address>0x833b</run_address>
         <size>0x27d</size>
         <input_file_ref idref="fl-6"/>
      </object_component>
      <object_component id="oc-d9">
         <name>.debug_info</name>
         <load_address>0x85b8</load_address>
         <run_address>0x85b8</run_address>
         <size>0x1e6</size>
         <input_file_ref idref="fl-6"/>
      </object_component>
      <object_component id="oc-1cf">
         <name>.debug_info</name>
         <load_address>0x879e</load_address>
         <run_address>0x879e</run_address>
         <size>0x508</size>
         <input_file_ref idref="fl-6"/>
      </object_component>
      <object_component id="oc-271">
         <name>.debug_info</name>
         <load_address>0x8ca6</load_address>
         <run_address>0x8ca6</run_address>
         <size>0x43c</size>
         <input_file_ref idref="fl-6"/>
      </object_component>
      <object_component id="oc-23a">
         <name>.debug_info</name>
         <load_address>0x90e2</load_address>
         <run_address>0x90e2</run_address>
         <size>0x5f8</size>
         <input_file_ref idref="fl-7"/>
      </object_component>
      <object_component id="oc-231">
         <name>.debug_info</name>
         <load_address>0x96da</load_address>
         <run_address>0x96da</run_address>
         <size>0xe3</size>
         <input_file_ref idref="fl-7"/>
      </object_component>
      <object_component id="oc-137">
         <name>.debug_info</name>
         <load_address>0x97bd</load_address>
         <run_address>0x97bd</run_address>
         <size>0xed9</size>
         <input_file_ref idref="fl-7"/>
      </object_component>
      <object_component id="oc-235">
         <name>.debug_info</name>
         <load_address>0xa696</load_address>
         <run_address>0xa696</run_address>
         <size>0x46</size>
         <input_file_ref idref="fl-7"/>
      </object_component>
      <object_component id="oc-210">
         <name>.debug_info</name>
         <load_address>0xa6dc</load_address>
         <run_address>0xa6dc</run_address>
         <size>0x2e6</size>
         <input_file_ref idref="fl-8"/>
      </object_component>
      <object_component id="oc-12b">
         <name>.debug_info</name>
         <load_address>0xa9c2</load_address>
         <run_address>0xa9c2</run_address>
         <size>0xd7f</size>
         <input_file_ref idref="fl-8"/>
      </object_component>
      <object_component id="oc-29">
         <name>.debug_info</name>
         <load_address>0xb741</load_address>
         <run_address>0xb741</run_address>
         <size>0x142</size>
         <input_file_ref idref="fl-8"/>
      </object_component>
      <object_component id="oc-190">
         <name>.debug_info</name>
         <load_address>0xb883</load_address>
         <run_address>0xb883</run_address>
         <size>0x318</size>
         <input_file_ref idref="fl-9"/>
      </object_component>
      <object_component id="oc-a2">
         <name>.debug_info</name>
         <load_address>0xbb9b</load_address>
         <run_address>0xbb9b</run_address>
         <size>0xe7</size>
         <input_file_ref idref="fl-9"/>
      </object_component>
      <object_component id="oc-126">
         <name>.debug_info</name>
         <load_address>0xbc82</load_address>
         <run_address>0xbc82</run_address>
         <size>0xc97</size>
         <input_file_ref idref="fl-9"/>
      </object_component>
      <object_component id="oc-30">
         <name>.debug_info</name>
         <load_address>0xc919</load_address>
         <run_address>0xc919</run_address>
         <size>0x3ad</size>
         <input_file_ref idref="fl-9"/>
      </object_component>
      <object_component id="oc-265">
         <name>.debug_info</name>
         <load_address>0xccc6</load_address>
         <run_address>0xccc6</run_address>
         <size>0x91</size>
         <input_file_ref idref="fl-9"/>
      </object_component>
      <object_component id="oc-72">
         <name>.debug_info</name>
         <load_address>0xcd57</load_address>
         <run_address>0xcd57</run_address>
         <size>0x7f4</size>
         <input_file_ref idref="fl-a"/>
      </object_component>
      <object_component id="oc-35">
         <name>.debug_info</name>
         <load_address>0xd54b</load_address>
         <run_address>0xd54b</run_address>
         <size>0x107</size>
         <input_file_ref idref="fl-c"/>
      </object_component>
      <object_component id="oc-148">
         <name>.debug_info</name>
         <load_address>0xd652</load_address>
         <run_address>0xd652</run_address>
         <size>0x5e1</size>
         <input_file_ref idref="fl-d"/>
      </object_component>
      <object_component id="oc-156">
         <name>.debug_info</name>
         <load_address>0xdc33</load_address>
         <run_address>0xdc33</run_address>
         <size>0x10c</size>
         <input_file_ref idref="fl-d"/>
      </object_component>
      <object_component id="oc-8b">
         <name>.debug_info</name>
         <load_address>0xdd3f</load_address>
         <run_address>0xdd3f</run_address>
         <size>0x4e0</size>
         <input_file_ref idref="fl-d"/>
      </object_component>
      <object_component id="oc-276">
         <name>.debug_info</name>
         <load_address>0xe21f</load_address>
         <run_address>0xe21f</run_address>
         <size>0x29c</size>
         <input_file_ref idref="fl-f"/>
      </object_component>
      <object_component id="oc-31d">
         <name>.debug_info</name>
         <load_address>0xe4bb</load_address>
         <run_address>0xe4bb</run_address>
         <size>0x242</size>
         <input_file_ref idref="fl-f"/>
      </object_component>
      <object_component id="oc-1d9">
         <name>.debug_info</name>
         <load_address>0xe6fd</load_address>
         <run_address>0xe6fd</run_address>
         <size>0x2af</size>
         <input_file_ref idref="fl-f"/>
      </object_component>
      <object_component id="oc-3a">
         <name>.debug_info</name>
         <load_address>0xe9ac</load_address>
         <run_address>0xe9ac</run_address>
         <size>0x139</size>
         <input_file_ref idref="fl-10"/>
      </object_component>
      <object_component id="oc-e3">
         <name>.debug_info</name>
         <load_address>0xeae5</load_address>
         <run_address>0xeae5</run_address>
         <size>0x366</size>
         <input_file_ref idref="fl-12"/>
      </object_component>
      <object_component id="oc-e6">
         <name>.debug_info</name>
         <load_address>0xee4b</load_address>
         <run_address>0xee4b</run_address>
         <size>0x66c</size>
         <input_file_ref idref="fl-13"/>
      </object_component>
      <object_component id="oc-7d">
         <name>.debug_info</name>
         <load_address>0xf4b7</load_address>
         <run_address>0xf4b7</run_address>
         <size>0x2e8b</size>
         <input_file_ref idref="fl-13"/>
      </object_component>
      <object_component id="oc-1a">
         <name>.debug_info</name>
         <load_address>0x12342</load_address>
         <run_address>0x12342</run_address>
         <size>0x5a4</size>
         <input_file_ref idref="fl-14"/>
      </object_component>
      <object_component id="oc-9f">
         <name>.debug_info</name>
         <load_address>0x128e6</load_address>
         <run_address>0x128e6</run_address>
         <size>0x4da</size>
         <input_file_ref idref="fl-15"/>
      </object_component>
      <object_component id="oc-26">
         <name>.debug_info</name>
         <load_address>0x12dc0</load_address>
         <run_address>0x12dc0</run_address>
         <size>0xe1</size>
         <input_file_ref idref="fl-15"/>
      </object_component>
      <object_component id="oc-41">
         <name>.debug_info</name>
         <load_address>0x12ea1</load_address>
         <run_address>0x12ea1</run_address>
         <size>0x473</size>
         <input_file_ref idref="fl-15"/>
      </object_component>
      <object_component id="oc-47">
         <name>.debug_info</name>
         <load_address>0x13314</load_address>
         <run_address>0x13314</run_address>
         <size>0x1fc</size>
         <input_file_ref idref="fl-15"/>
      </object_component>
      <object_component id="oc-189">
         <name>.debug_info</name>
         <load_address>0x13510</load_address>
         <run_address>0x13510</run_address>
         <size>0x4f</size>
         <input_file_ref idref="fl-15"/>
      </object_component>
      <object_component id="oc-df">
         <name>.debug_info</name>
         <load_address>0x1355f</load_address>
         <run_address>0x1355f</run_address>
         <size>0x519</size>
         <input_file_ref idref="fl-16"/>
      </object_component>
      <object_component id="oc-77">
         <name>.debug_info</name>
         <load_address>0x13a78</load_address>
         <run_address>0x13a78</run_address>
         <size>0x732</size>
         <input_file_ref idref="fl-16"/>
      </object_component>
      <object_component id="oc-297">
         <name>.debug_info</name>
         <load_address>0x141aa</load_address>
         <run_address>0x141aa</run_address>
         <size>0x284</size>
         <input_file_ref idref="fl-1b"/>
      </object_component>
      <object_component id="oc-206">
         <name>.debug_info</name>
         <load_address>0x1442e</load_address>
         <run_address>0x1442e</run_address>
         <size>0x195</size>
         <input_file_ref idref="fl-1b"/>
      </object_component>
      <object_component id="oc-54">
         <name>.debug_info</name>
         <load_address>0x145c3</load_address>
         <run_address>0x145c3</run_address>
         <size>0x84</size>
         <input_file_ref idref="fl-1b"/>
      </object_component>
      <object_component id="oc-32e">
         <name>.debug_info</name>
         <load_address>0x14647</load_address>
         <run_address>0x14647</run_address>
         <size>0x46</size>
         <input_file_ref idref="fl-1b"/>
      </object_component>
      <object_component id="oc-292">
         <name>.debug_info</name>
         <load_address>0x1468d</load_address>
         <run_address>0x1468d</run_address>
         <size>0x39</size>
         <input_file_ref idref="fl-1b"/>
      </object_component>
      <object_component id="oc-d3">
         <name>.debug_info</name>
         <load_address>0x146c6</load_address>
         <run_address>0x146c6</run_address>
         <size>0x13f</size>
         <input_file_ref idref="fl-1c"/>
      </object_component>
      <object_component id="oc-5c">
         <name>.debug_info</name>
         <load_address>0x14805</load_address>
         <run_address>0x14805</run_address>
         <size>0x111</size>
         <input_file_ref idref="fl-1d"/>
      </object_component>
      <object_component id="oc-1f3">
         <name>.debug_info</name>
         <load_address>0x14916</load_address>
         <run_address>0x14916</run_address>
         <size>0x547</size>
         <input_file_ref idref="fl-1e"/>
      </object_component>
      <object_component id="oc-ef">
         <name>.debug_info</name>
         <load_address>0x14e5d</load_address>
         <run_address>0x14e5d</run_address>
         <size>0x19b</size>
         <input_file_ref idref="fl-1e"/>
      </object_component>
      <object_component id="oc-279">
         <name>.debug_info</name>
         <load_address>0x14ff8</load_address>
         <run_address>0x14ff8</run_address>
         <size>0x39</size>
         <input_file_ref idref="fl-1e"/>
      </object_component>
      <object_component id="oc-322">
         <name>.debug_info</name>
         <load_address>0x15031</load_address>
         <run_address>0x15031</run_address>
         <size>0x39</size>
         <input_file_ref idref="fl-1e"/>
      </object_component>
      <object_component id="oc-27e">
         <name>.debug_info</name>
         <load_address>0x1506a</load_address>
         <run_address>0x1506a</run_address>
         <size>0x39</size>
         <input_file_ref idref="fl-1e"/>
      </object_component>
      <object_component id="oc-283">
         <name>.debug_info</name>
         <load_address>0x150a3</load_address>
         <run_address>0x150a3</run_address>
         <size>0xcd</size>
         <input_file_ref idref="fl-1e"/>
      </object_component>
      <object_component id="oc-d0">
         <name>.debug_info</name>
         <load_address>0x15170</load_address>
         <run_address>0x15170</run_address>
         <size>0x313</size>
         <input_file_ref idref="fl-20"/>
      </object_component>
      <object_component id="oc-67">
         <name>.debug_info</name>
         <load_address>0x15483</load_address>
         <run_address>0x15483</run_address>
         <size>0x1b4</size>
         <input_file_ref idref="fl-20"/>
      </object_component>
      <object_component id="oc-cb">
         <name>.debug_info</name>
         <load_address>0x15637</load_address>
         <run_address>0x15637</run_address>
         <size>0x46</size>
         <input_file_ref idref="fl-20"/>
      </object_component>
      <object_component id="oc-64">
         <name>.debug_info</name>
         <load_address>0x1567d</load_address>
         <run_address>0x1567d</run_address>
         <size>0x298</size>
         <input_file_ref idref="fl-21"/>
      </object_component>
      <object_component id="oc-16">
         <name>.debug_info</name>
         <load_address>0x15915</load_address>
         <run_address>0x15915</run_address>
         <size>0x1ca</size>
         <input_file_ref idref="fl-21"/>
      </object_component>
      <object_component id="oc-5f">
         <name>.debug_info</name>
         <load_address>0x15adf</load_address>
         <run_address>0x15adf</run_address>
         <size>0x46</size>
         <input_file_ref idref="fl-21"/>
      </object_component>
      <object_component id="oc-c3">
         <name>.debug_info</name>
         <load_address>0x15b25</load_address>
         <run_address>0x15b25</run_address>
         <size>0x2c</size>
         <input_file_ref idref="fl-21"/>
      </object_component>
      <object_component id="oc-c1">
         <name>.debug_info</name>
         <load_address>0x15b51</load_address>
         <run_address>0x15b51</run_address>
         <size>0x293</size>
         <input_file_ref idref="fl-22"/>
      </object_component>
      <object_component id="oc-d">
         <name>.debug_info</name>
         <load_address>0x15de4</load_address>
         <run_address>0x15de4</run_address>
         <size>0x245</size>
         <input_file_ref idref="fl-22"/>
      </object_component>
      <object_component id="oc-4f">
         <name>.debug_info</name>
         <load_address>0x16029</load_address>
         <run_address>0x16029</run_address>
         <size>0x60</size>
         <input_file_ref idref="fl-22"/>
      </object_component>
      <object_component id="oc-19e">
         <name>.debug_info</name>
         <load_address>0x16089</load_address>
         <run_address>0x16089</run_address>
         <size>0x46</size>
         <input_file_ref idref="fl-22"/>
      </object_component>
      <object_component id="oc-bc">
         <name>.debug_info</name>
         <load_address>0x160cf</load_address>
         <run_address>0x160cf</run_address>
         <size>0x39</size>
         <input_file_ref idref="fl-22"/>
      </object_component>
      <object_component id="oc-253">
         <name>.debug_info</name>
         <load_address>0x16108</load_address>
         <run_address>0x16108</run_address>
         <size>0x3a2</size>
         <input_file_ref idref="fl-23"/>
      </object_component>
      <object_component id="oc-250">
         <name>.debug_info</name>
         <load_address>0x164aa</load_address>
         <run_address>0x164aa</run_address>
         <size>0x185</size>
         <input_file_ref idref="fl-23"/>
      </object_component>
      <object_component id="oc-14b">
         <name>.debug_info</name>
         <load_address>0x1662f</load_address>
         <run_address>0x1662f</run_address>
         <size>0x117</size>
         <input_file_ref idref="fl-23"/>
      </object_component>
      <object_component id="oc-151">
         <name>.debug_info</name>
         <load_address>0x16746</load_address>
         <run_address>0x16746</run_address>
         <size>0x179</size>
         <input_file_ref idref="fl-23"/>
      </object_component>
      <object_component id="oc-2ea">
         <name>.debug_info</name>
         <load_address>0x168bf</load_address>
         <run_address>0x168bf</run_address>
         <size>0x2be</size>
         <input_file_ref idref="fl-24"/>
      </object_component>
      <object_component id="oc-218">
         <name>.debug_info</name>
         <load_address>0x16b7d</load_address>
         <run_address>0x16b7d</run_address>
         <size>0x113</size>
         <input_file_ref idref="fl-24"/>
      </object_component>
      <object_component id="oc-2e4">
         <name>.debug_info</name>
         <load_address>0x16c90</load_address>
         <run_address>0x16c90</run_address>
         <size>0x123</size>
         <input_file_ref idref="fl-24"/>
      </object_component>
      <object_component id="oc-316">
         <name>.debug_info</name>
         <load_address>0x16db3</load_address>
         <run_address>0x16db3</run_address>
         <size>0x378</size>
         <input_file_ref idref="fl-25"/>
      </object_component>
      <object_component id="oc-23d">
         <name>.debug_info</name>
         <load_address>0x1712b</load_address>
         <run_address>0x1712b</run_address>
         <size>0x1df</size>
         <input_file_ref idref="fl-25"/>
      </object_component>
      <object_component id="oc-13d">
         <name>.debug_info</name>
         <load_address>0x1730a</load_address>
         <run_address>0x1730a</run_address>
         <size>0x140</size>
         <input_file_ref idref="fl-25"/>
      </object_component>
      <object_component id="oc-2fa">
         <name>.debug_info</name>
         <load_address>0x1744a</load_address>
         <run_address>0x1744a</run_address>
         <size>0xb2</size>
         <input_file_ref idref="fl-25"/>
      </object_component>
      <object_component id="oc-22a">
         <name>.debug_info</name>
         <load_address>0x174fc</load_address>
         <run_address>0x174fc</run_address>
         <size>0x3da</size>
         <input_file_ref idref="fl-26"/>
      </object_component>
      <object_component id="oc-224">
         <name>.debug_info</name>
         <load_address>0x178d6</load_address>
         <run_address>0x178d6</run_address>
         <size>0x14c</size>
         <input_file_ref idref="fl-26"/>
      </object_component>
      <object_component id="oc-21e">
         <name>.debug_info</name>
         <load_address>0x17a22</load_address>
         <run_address>0x17a22</run_address>
         <size>0x15b</size>
         <input_file_ref idref="fl-26"/>
      </object_component>
      <object_component id="oc-132">
         <name>.debug_info</name>
         <load_address>0x17b7d</load_address>
         <run_address>0x17b7d</run_address>
         <size>0x1a1</size>
         <input_file_ref idref="fl-26"/>
      </object_component>
      <object_component id="oc-3b6">
         <name>.debug_info</name>
         <load_address>0x17d1e</load_address>
         <run_address>0x17d1e</run_address>
         <size>0x4c5</size>
         <input_file_ref idref="fl-27"/>
      </object_component>
      <object_component id="oc-414">
         <name>.debug_info</name>
         <load_address>0x181e3</load_address>
         <run_address>0x181e3</run_address>
         <size>0xf8</size>
         <input_file_ref idref="fl-27"/>
      </object_component>
      <object_component id="oc-3b3">
         <name>.debug_info</name>
         <load_address>0x182db</load_address>
         <run_address>0x182db</run_address>
         <size>0xf8</size>
         <input_file_ref idref="fl-27"/>
      </object_component>
      <object_component id="oc-310">
         <name>.debug_info</name>
         <load_address>0x183d3</load_address>
         <run_address>0x183d3</run_address>
         <size>0x184</size>
         <input_file_ref idref="fl-27"/>
      </object_component>
      <object_component id="oc-41a">
         <name>.debug_info</name>
         <load_address>0x18557</load_address>
         <run_address>0x18557</run_address>
         <size>0x120</size>
         <input_file_ref idref="fl-27"/>
      </object_component>
      <object_component id="oc-41f">
         <name>.debug_info</name>
         <load_address>0x18677</load_address>
         <run_address>0x18677</run_address>
         <size>0x2c</size>
         <input_file_ref idref="fl-27"/>
      </object_component>
      <object_component id="oc-3af">
         <name>.debug_info</name>
         <load_address>0x186a3</load_address>
         <run_address>0x186a3</run_address>
         <size>0x2f5</size>
         <input_file_ref idref="fl-28"/>
      </object_component>
      <object_component id="oc-305">
         <name>.debug_info</name>
         <load_address>0x18998</load_address>
         <run_address>0x18998</run_address>
         <size>0x191</size>
         <input_file_ref idref="fl-28"/>
      </object_component>
      <object_component id="oc-40a">
         <name>.debug_info</name>
         <load_address>0x18b29</load_address>
         <run_address>0x18b29</run_address>
         <size>0xbf</size>
         <input_file_ref idref="fl-28"/>
      </object_component>
      <object_component id="oc-2d7">
         <name>.debug_info</name>
         <load_address>0x18be8</load_address>
         <run_address>0x18be8</run_address>
         <size>0x8a6</size>
         <input_file_ref idref="fl-29"/>
      </object_component>
      <object_component id="oc-2a7">
         <name>.debug_info</name>
         <load_address>0x1948e</load_address>
         <run_address>0x1948e</run_address>
         <size>0x20e</size>
         <input_file_ref idref="fl-29"/>
      </object_component>
      <object_component id="oc-349">
         <name>.debug_info</name>
         <load_address>0x1969c</load_address>
         <run_address>0x1969c</run_address>
         <size>0x1a8</size>
         <input_file_ref idref="fl-29"/>
      </object_component>
      <object_component id="oc-34f">
         <name>.debug_info</name>
         <load_address>0x19844</load_address>
         <run_address>0x19844</run_address>
         <size>0x210</size>
         <input_file_ref idref="fl-29"/>
      </object_component>
      <object_component id="oc-2ad">
         <name>.debug_info</name>
         <load_address>0x19a54</load_address>
         <run_address>0x19a54</run_address>
         <size>0x2b9</size>
         <input_file_ref idref="fl-29"/>
      </object_component>
      <object_component id="oc-357">
         <name>.debug_info</name>
         <load_address>0x19d0d</load_address>
         <run_address>0x19d0d</run_address>
         <size>0x219</size>
         <input_file_ref idref="fl-29"/>
      </object_component>
      <object_component id="oc-35d">
         <name>.debug_info</name>
         <load_address>0x19f26</load_address>
         <run_address>0x19f26</run_address>
         <size>0x20a</size>
         <input_file_ref idref="fl-29"/>
      </object_component>
      <object_component id="oc-2b4">
         <name>.debug_info</name>
         <load_address>0x1a130</load_address>
         <run_address>0x1a130</run_address>
         <size>0x20a</size>
         <input_file_ref idref="fl-29"/>
      </object_component>
      <object_component id="oc-2ba">
         <name>.debug_info</name>
         <load_address>0x1a33a</load_address>
         <run_address>0x1a33a</run_address>
         <size>0x235</size>
         <input_file_ref idref="fl-29"/>
      </object_component>
      <object_component id="oc-2c0">
         <name>.debug_info</name>
         <load_address>0x1a56f</load_address>
         <run_address>0x1a56f</run_address>
         <size>0x34e</size>
         <input_file_ref idref="fl-29"/>
      </object_component>
      <object_component id="oc-213">
         <name>.debug_info</name>
         <load_address>0x1a8bd</load_address>
         <run_address>0x1a8bd</run_address>
[...]
         <name>selftestFailNotification</name>
         <value>0x20</value>
         <object_component_ref idref="oc-7c"/>
      </symbol>
      <symbol id="sm-615">
         <name>errata_PBIST_4</name>
         <value>0x276c</value>
         <object_component_ref idref="oc-7c"/>
      </symbol>
      <symbol id="sm-616">
         <name>mibspi3ParityCheck</name>
         <value>0x178c</value>
         <object_component_ref idref="oc-7c"/>
      </symbol>
      <symbol id="sm-617">
         <name>efcSelfTest</name>
         <value>0x794</value>
         <object_component_ref idref="oc-7c"/>
      </symbol>
      <symbol id="sm-618">
         <name>checkB1RAMECC</name>
         <value>0xb28</value>
         <object_component_ref idref="oc-7c"/>
      </symbol>
      <symbol id="sm-619">
         <name>pbistStop</name>
         <value>0x578</value>
         <object_component_ref idref="oc-7c"/>
      </symbol>
      <symbol id="sm-61a">
         <name>can3ParityCheck</name>
         <value>0x15b0</value>
         <object_component_ref idref="oc-7c"/>
      </symbol>
      <symbol id="sm-61b">
         <name>checkRAMAddrParity</name>
         <value>0x2050</value>
         <object_component_ref idref="oc-7c"/>
      </symbol>
      <symbol id="sm-61c">
         <name>mibspi5ParityCheck</name>
         <value>0x18b0</value>
         <object_component_ref idref="oc-7c"/>
      </symbol>
      <symbol id="sm-61d">
         <name>checkB0RAMECC</name>
         <value>0x938</value>
         <object_component_ref idref="oc-7c"/>
      </symbol>
      <symbol id="sm-61e">
         <name>stcGetConfigValue</name>
         <value>0x25bc</value>
         <object_component_ref idref="oc-7c"/>
      </symbol>
      <symbol id="sm-61f">
         <name>pbistIsTestPassed</name>
         <value>0x5d4</value>
         <object_component_ref idref="oc-7c"/>
      </symbol>
      <symbol id="sm-620">
         <name>checkClockMonitor</name>
         <value>0x1c18</value>
         <object_component_ref idref="oc-7c"/>
      </symbol>
      <symbol id="sm-621">
         <name>fmcECCcheck</name>
         <value>0x898</value>
         <object_component_ref idref="oc-7c"/>
      </symbol>
      <symbol id="sm-622">
         <name>fmcBus2Check</name>
         <value>0x85c</value>
         <object_component_ref idref="oc-7c"/>
      </symbol>
      <symbol id="sm-623">
         <name>checkRAMUERRTest</name>
         <value>0x215c</value>
         <object_component_ref idref="oc-7c"/>
      </symbol>
      <symbol id="sm-624">
         <name>efcStuckZeroTest</name>
         <value>0x6e8</value>
         <object_component_ref idref="oc-7c"/>
      </symbol>
      <symbol id="sm-625">
         <name>checkPLL2Slip</name>
         <value>0x1f8c</value>
         <object_component_ref idref="oc-7c"/>
      </symbol>
      <symbol id="sm-64d">
         <name>_c_int00</name>
         <value>0x8f54</value>
         <object_component_ref idref="oc-19"/>
      </symbol>
      <symbol id="sm-6fc">
         <name>vimChannelMap</name>
         <value>0x4664</value>
         <object_component_ref idref="oc-40"/>
      </symbol>
      <symbol id="sm-6fd">
         <name>vimInit</name>
         <value>0x4590</value>
         <object_component_ref idref="oc-40"/>
      </symbol>
      <symbol id="sm-6fe">
         <name>vimEnableInterrupt</name>
         <value>0x4708</value>
         <object_component_ref idref="oc-40"/>
      </symbol>
      <symbol id="sm-6ff">
         <name>vimDisableInterrupt</name>
         <value>0x48d0</value>
         <object_component_ref idref="oc-40"/>
      </symbol>
      <symbol id="sm-700">
         <name>vimGetConfigValue</name>
         <value>0x497c</value>
         <object_component_ref idref="oc-40"/>
      </symbol>
      <symbol id="sm-701">
         <name>vimParityErrorHandler</name>
         <value>0x89d0</value>
         <object_component_ref idref="oc-3f"/>
      </symbol>
      <symbol id="sm-75b">
         <name>systemGetConfigValue</name>
         <value>0x3dc8</value>
         <object_component_ref idref="oc-76"/>
      </symbol>
      <symbol id="sm-75c">
         <name>trimLPO</name>
         <value>0x3ac8</value>
         <object_component_ref idref="oc-76"/>
      </symbol>
      <symbol id="sm-75d">
         <name>systemInit</name>
         <value>0x3ccc</value>
         <object_component_ref idref="oc-76"/>
      </symbol>
      <symbol id="sm-75e">
         <name>tcmflashGetConfigValue</name>
         <value>0x41dc</value>
         <object_component_ref idref="oc-76"/>
      </symbol>
      <symbol id="sm-75f">
         <name>sramGetConfigValue</name>
         <value>0x4388</value>
         <object_component_ref idref="oc-76"/>
      </symbol>
      <symbol id="sm-760">
         <name>periphInit</name>
         <value>0x3b50</value>
         <object_component_ref idref="oc-76"/>
      </symbol>
      <symbol id="sm-761">
         <name>setupFlash</name>
         <value>0x3b10</value>
         <object_component_ref idref="oc-76"/>
      </symbol>
      <symbol id="sm-762">
         <name>setupPLL</name>
         <value>0x3a68</value>
         <object_component_ref idref="oc-76"/>
      </symbol>
      <symbol id="sm-763">
         <name>mapClocks</name>
         <value>0x3ba4</value>
         <object_component_ref idref="oc-76"/>
      </symbol>
      <symbol id="sm-764">
         <name>systemPowerDown</name>
         <value>0x3d98</value>
         <object_component_ref idref="oc-76"/>
      </symbol>
      <symbol id="sm-78f">
         <name>floorl</name>
         <value>0x9bc1</value>
         <object_component_ref idref="oc-203"/>
      </symbol>
      <symbol id="sm-790">
         <name>floor</name>
         <value>0x9bc1</value>
         <object_component_ref idref="oc-203"/>
      </symbol>
      <symbol id="sm-79f">
         <name>__aeabi_memset</name>
         <value>0xa251</value>
         <object_component_ref idref="oc-d1"/>
      </symbol>
      <symbol id="sm-7a0">
         <name>memset</name>
         <value>0xa257</value>
         <object_component_ref idref="oc-d1"/>
      </symbol>
      <symbol id="sm-7a1">
         <name>__aeabi_memset8</name>
         <value>0xa251</value>
         <object_component_ref idref="oc-d1"/>
      </symbol>
      <symbol id="sm-7a2">
         <name>__aeabi_memset4</name>
         <value>0xa251</value>
         <object_component_ref idref="oc-d1"/>
      </symbol>
      <symbol id="sm-7a3">
         <name>__aeabi_memclr8</name>
         <value>0xa24f</value>
         <object_component_ref idref="oc-d1"/>
      </symbol>
      <symbol id="sm-7a4">
         <name>__aeabi_memclr4</name>
         <value>0xa24f</value>
         <object_component_ref idref="oc-d1"/>
      </symbol>
      <symbol id="sm-7a5">
         <name>__aeabi_memclr</name>
         <value>0xa24f</value>
         <object_component_ref idref="oc-d1"/>
      </symbol>
      <symbol id="sm-7c0">
         <name>memcpy</name>
         <value>0xa0a7</value>
         <object_component_ref idref="oc-59"/>
      </symbol>
      <symbol id="sm-7c1">
         <name>__aeabi_memcpy</name>
         <value>0xa0a7</value>
         <object_component_ref idref="oc-59"/>
      </symbol>
      <symbol id="sm-7c2">
         <name>__aeabi_memcpy8</name>
         <value>0xa0a7</value>
         <object_component_ref idref="oc-59"/>
      </symbol>
      <symbol id="sm-7c3">
         <name>__aeabi_memcpy4</name>
         <value>0xa0a7</value>
         <object_component_ref idref="oc-59"/>
      </symbol>
      <symbol id="sm-7eb">
         <name>__TI_auto_init_nobinit_nopinit</name>
         <value>0xaa65</value>
         <object_component_ref idref="oc-ee"/>
      </symbol>
      <symbol id="sm-800">
         <name>__TI_zero_init_nomemset</name>
         <value>0xae45</value>
         <object_component_ref idref="oc-65"/>
      </symbol>
      <symbol id="sm-817">
         <name>__TI_decompress_none</name>
         <value>0xae69</value>
         <object_component_ref idref="oc-12"/>
      </symbol>
      <symbol id="sm-83a">
         <name>__TI_decompress_lzss</name>
         <value>0xa429</value>
         <object_component_ref idref="oc-c"/>
      </symbol>
      <symbol id="sm-860">
         <name>C$$EXIT</name>
         <value>0xae95</value>
         <object_component_ref idref="oc-149"/>
      </symbol>
      <symbol id="sm-861">
         <name>abort</name>
         <value>0xae95</value>
         <object_component_ref idref="oc-149"/>
      </symbol>
      <symbol id="sm-862">
         <name>__TI_dtors_ptr</name>
         <value>0x80020c0</value>
         <object_component_ref idref="oc-24f"/>
      </symbol>
      <symbol id="sm-863">
         <name>__TI_cleanup_ptr</name>
         <value>0x80020bc</value>
         <object_component_ref idref="oc-24f"/>
      </symbol>
      <symbol id="sm-864">
         <name>__TI_enable_exit_profile_output</name>
         <value>0x80020c4</value>
         <object_component_ref idref="oc-24f"/>
      </symbol>
      <symbol id="sm-865">
         <name>exit</name>
         <value>0xaaa9</value>
         <object_component_ref idref="oc-14f"/>
      </symbol>
      <symbol id="sm-87a">
         <name>_nop</name>
         <value>0x5a17</value>
         <object_component_ref idref="oc-2e2"/>
      </symbol>
      <symbol id="sm-87b">
         <name>_lock</name>
         <value>0x80020d4</value>
         <object_component_ref idref="oc-217"/>
      </symbol>
      <symbol id="sm-87c">
         <name>_unlock</name>
         <value>0x80020d8</value>
         <object_component_ref idref="oc-217"/>
      </symbol>
      <symbol id="sm-8a0">
         <name>putc</name>
         <value>0xa145</value>
         <object_component_ref idref="oc-23b"/>
      </symbol>
      <symbol id="sm-8a1">
         <name>fputc</name>
         <value>0xa145</value>
         <object_component_ref idref="oc-23b"/>
      </symbol>
      <symbol id="sm-8a2">
         <name>putchar</name>
         <value>0xae79</value>
         <object_component_ref idref="oc-13c"/>
      </symbol>
      <symbol id="sm-8c9">
         <name>printf</name>
         <value>0xa565</value>
         <object_component_ref idref="oc-130"/>
      </symbol>
      <symbol id="sm-8ef">
         <name>_stream</name>
         <value>0x800205c</value>
         <object_component_ref idref="oc-3b2"/>
      </symbol>
      <symbol id="sm-8f0">
         <name>_device</name>
         <value>0x8001fe4</value>
         <object_component_ref idref="oc-413"/>
      </symbol>
      <symbol id="sm-8f1">
         <name>write</name>
         <value>0xad71</value>
         <object_component_ref idref="oc-30f"/>
      </symbol>
      <symbol id="sm-909">
         <name>__TI_wrt_ok</name>
         <value>0xa5cd</value>
         <object_component_ref idref="oc-303"/>
      </symbol>
      <symbol id="sm-a67">
         <name>__TI_printfi</name>
         <value>0x4fe5</value>
         <object_component_ref idref="oc-211"/>
      </symbol>
      <symbol id="sm-a7c">
         <name>atoi</name>
         <value>0xa8f5</value>
         <object_component_ref idref="oc-2a0"/>
      </symbol>
      <symbol id="sm-a87">
         <name>_ctypes_</name>
         <value>0xb29c</value>
         <object_component_ref idref="oc-337"/>
      </symbol>
      <symbol id="sm-a9c">
         <name>__TI_tmpnams</name>
         <value>0x8001e20</value>
      </symbol>
      <symbol id="sm-a9d">
         <name>__aeabi_stdout</name>
         <value>0x80020b4</value>
         <object_component_ref idref="oc-457"/>
      </symbol>
      <symbol id="sm-a9e">
         <name>__aeabi_stderr</name>
         <value>0x80020b8</value>
         <object_component_ref idref="oc-457"/>
      </symbol>
      <symbol id="sm-a9f">
         <name>__aeabi_stdin</name>
         <value>0x80020b0</value>
         <object_component_ref idref="oc-457"/>
      </symbol>
      <symbol id="sm-aa0">
         <name>_ftable</name>
         <value>0x8001ef4</value>
         <object_component_ref idref="oc-21a"/>
      </symbol>
      <symbol id="sm-aa1">
         <name>__TI_ft_end</name>
         <value>0x80020ac</value>
         <object_component_ref idref="oc-457"/>
      </symbol>
      <symbol id="sm-ab1">
         <name>__TI_doflush</name>
         <value>0xa945</value>
         <object_component_ref idref="oc-309"/>
      </symbol>
      <symbol id="sm-acf">
         <name>fputs</name>
         <value>0x95c1</value>
         <object_component_ref idref="oc-2f0"/>
      </symbol>
      <symbol id="sm-ae1">
         <name>fseek</name>
         <value>0xa631</value>
         <object_component_ref idref="oc-3a2"/>
      </symbol>
      <symbol id="sm-af1">
         <name>lseek</name>
         <value>0xad21</value>
         <object_component_ref idref="oc-3ee"/>
      </symbol>
      <symbol id="sm-b00">
         <name>ltoa</name>
         <value>0xa851</value>
         <object_component_ref idref="oc-342"/>
      </symbol>
      <symbol id="sm-b10">
         <name>memccpy</name>
         <value>0xadb9</value>
         <object_component_ref idref="oc-2c4"/>
      </symbol>
      <symbol id="sm-b20">
         <name>memchr</name>
         <value>0xad99</value>
         <object_component_ref idref="oc-39a"/>
      </symbol>
      <symbol id="sm-b3c">
         <name>setvbuf</name>
         <value>0x9d81</value>
         <object_component_ref idref="oc-3a8"/>
      </symbol>
      <symbol id="sm-b4c">
         <name>strchr</name>
         <value>0xae05</value>
         <object_component_ref idref="oc-36f"/>
      </symbol>
      <symbol id="sm-b5a">
         <name>strlen</name>
         <value>0xae1b</value>
         <object_component_ref idref="oc-29a"/>
      </symbol>
      <symbol id="sm-b6b">
         <name>HOSTclose</name>
         <value>0xa9dd</value>
         <object_component_ref idref="oc-463"/>
      </symbol>
      <symbol id="sm-b7c">
         <name>HOSTlseek</name>
         <value>0xa495</value>
         <object_component_ref idref="oc-475"/>
      </symbol>
      <symbol id="sm-b8e">
         <name>parmbuf</name>
         <value>0x8001ee8</value>
      </symbol>
      <symbol id="sm-b8f">
         <name>HOSTopen</name>
         <value>0xa695</value>
         <object_component_ref idref="oc-45d"/>
      </symbol>
      <symbol id="sm-ba0">
         <name>HOSTread</name>
         <value>0xa6f1</value>
         <object_component_ref idref="oc-469"/>
      </symbol>
      <symbol id="sm-bb1">
         <name>HOSTrename</name>
         <value>0xa4fd</value>
         <object_component_ref idref="oc-481"/>
      </symbol>
      <symbol id="sm-bc2">
         <name>HOSTunlink</name>
         <value>0xaa21</value>
         <object_component_ref idref="oc-47b"/>
      </symbol>
      <symbol id="sm-bd3">
         <name>HOSTwrite</name>
         <value>0xa74d</value>
         <object_component_ref idref="oc-46f"/>
      </symbol>
      <symbol id="sm-bf7">
         <name>__TI_readmsg</name>
         <value>0xac8d</value>
         <object_component_ref idref="oc-4a7"/>
      </symbol>
      <symbol id="sm-bf8">
         <name>C$$IO$$</name>
         <value>0xaba3</value>
         <object_component_ref idref="oc-4a1"/>
      </symbol>
      <symbol id="sm-bf9">
         <name>__CIOBUF_</name>
         <value>0x8001d00</value>
         <object_component_ref idref="oc-4cf"/>
      </symbol>
      <symbol id="sm-bfa">
         <name>__TI_writemsg</name>
         <value>0xab71</value>
         <object_component_ref idref="oc-4a1"/>
      </symbol>
      <symbol id="sm-c18">
         <name>frexpl</name>
         <value>0xa3b5</value>
         <object_component_ref idref="oc-363"/>
      </symbol>
      <symbol id="sm-c19">
         <name>frexp</name>
         <value>0xa3b5</value>
         <object_component_ref idref="oc-363"/>
      </symbol>
      <symbol id="sm-c36">
         <name>scalbn</name>
         <value>0x99ed</value>
         <object_component_ref idref="oc-369"/>
      </symbol>
      <symbol id="sm-c37">
         <name>scalbnl</name>
         <value>0x99ed</value>
         <object_component_ref idref="oc-369"/>
      </symbol>
      <symbol id="sm-c38">
         <name>ldexpl</name>
         <value>0x99ed</value>
         <object_component_ref idref="oc-369"/>
      </symbol>
      <symbol id="sm-c39">
         <name>ldexp</name>
         <value>0x99ed</value>
         <object_component_ref idref="oc-369"/>
      </symbol>
      <symbol id="sm-c43">
         <name>copysign</name>
         <value>0xadd5</value>
         <object_component_ref idref="oc-3ce"/>
      </symbol>
      <symbol id="sm-c44">
         <name>copysignl</name>
         <value>0xadd5</value>
         <object_component_ref idref="oc-3ce"/>
      </symbol>
      <symbol id="sm-c5d">
         <name>wcslen</name>
         <value>0xae57</value>
         <object_component_ref idref="oc-2ca"/>
      </symbol>
      <symbol id="sm-c79">
         <name>__aeabi_uldivmod</name>
         <value>0x8c9c</value>
         <object_component_ref idref="oc-33c"/>
      </symbol>
      <symbol id="sm-c8f">
         <name>__aeabi_errno_addr</name>
         <value>0xae85</value>
         <object_component_ref idref="oc-2d0"/>
      </symbol>
      <symbol id="sm-c90">
         <name>errno</name>
         <value>0x80020e4</value>
         <object_component_ref idref="oc-37f"/>
      </symbol>
      <symbol id="sm-d09">
         <name>_sys_memory</name>
         <value>0x8001500</value>
         <object_component_ref idref="oc-4b"/>
      </symbol>
      <symbol id="sm-d0a">
         <name>free</name>
         <value>0x9e5d</value>
         <object_component_ref idref="oc-3f6"/>
      </symbol>
      <symbol id="sm-d0b">
         <name>malloc</name>
         <value>0xa2c9</value>
         <object_component_ref idref="oc-3fc"/>
      </symbol>
      <symbol id="sm-d0c">
         <name>minit</name>
         <value>0xabe9</value>
         <object_component_ref idref="oc-43a"/>
      </symbol>
      <symbol id="sm-d1c">
         <name>__TI_cleanup</name>
         <value>0xac59</value>
         <object_component_ref idref="oc-402"/>
      </symbol>
      <symbol id="sm-d2b">
         <name>strcpy</name>
         <value>0xae31</value>
         <object_component_ref idref="oc-4bb"/>
      </symbol>
      <symbol id="sm-d40">
         <name>__TI_closefile</name>
         <value>0xa341</value>
         <object_component_ref idref="oc-451"/>
      </symbol>
      <symbol id="sm-d63">
         <name>finddevice</name>
         <value>0xacc1</value>
         <object_component_ref idref="oc-4ed"/>
      </symbol>
      <symbol id="sm-d64">
         <name>getdevice</name>
         <value>0xaaed</value>
         <object_component_ref idref="oc-4c5"/>
      </symbol>
      <symbol id="sm-d74">
         <name>strcmp</name>
         <value>0xaded</value>
         <object_component_ref idref="oc-504"/>
      </symbol>
      <symbol id="sm-d84">
         <name>strncpy</name>
         <value>0xac21</value>
         <object_component_ref idref="oc-4e7"/>
      </symbol>
      <symbol id="sm-d94">
         <name>unlink</name>
         <value>0xacf5</value>
         <object_component_ref idref="oc-496"/>
      </symbol>
      <symbol id="sm-da8">
         <name>close</name>
         <value>0xa7a5</value>
         <object_component_ref idref="oc-490"/>
      </symbol>
      <symbol id="sm-da9">
         <name>__TI_static_base__</name>
         <value>0x0</value>
      </symbol>
      <symbol id="sm-dac">
         <name>SHT$$INIT_ARRAY$$Base</name>
         <value>0x0</value>
      </symbol>
      <symbol id="sm-dad">
         <name>SHT$$INIT_ARRAY$$Limit</name>
         <value>0x0</value>
      </symbol>
      <symbol id="sm-dae">
         <name>_system_post_cinit</name>
         <value>0x0</value>
      </symbol>
      <symbol id="sm-daf">
         <name>remove</name>
         <value>0xacf5</value>
      </symbol>
   </symbol_table>
   <title>Link successful</title>
</link_info>
