******************************************************************************
                  TI ARM Linker PC v18.1.2                     
******************************************************************************
>> Linked Fri Nov  2 09:14:34 2018

OUTPUT FILE NAME:   <TRANSLATION.out>
ENTRY POINT SYMBOL: "_c_int00"  address: 00008f54


MEMORY CONFIGURATION

         name            origin    length      used     unused   attr    fill
----------------------  --------  ---------  --------  --------  ----  --------
  VECTORS               00000000   00000020  00000020  00000000     X
  FLASH0                00000020   0013ffe0  0000b40d  00134bd3  R  X
  STACKS                08000000   00001500  00000000  00001500  RW  
  RAM                   08001500   0002eb00  00000be8  0002df18  RW  


SEGMENT ALLOCATION MAP

run origin  load origin   length   init length attrs members
----------  ----------- ---------- ----------- ----- -------
00000000    00000000    0000b430   0000b430    r-x
  00000000    00000000    00000020   00000020    r-x .intvecs
  00000020    00000020    0000ae7c   0000ae7c    r-x .text
  0000ae9c    0000ae9c    00000501   00000501    r-- .const
  0000b3a0    0000b3a0    00000090   00000090    r-- .cinit
08001500    08001500    00000be8   00000000    rw-
  08001500    08001500    00000800   00000000    rw- .sysmem
  08001d00    08001d00    000001f4   00000000    rw- .bss
  08001ef4    08001ef4    000001f4   00000000    rw- .data


SECTION ALLOCATION MAP

 output                                  attributes/
section   page    origin      length       input sections
--------  ----  ----------  ----------   ----------------
.intvecs   0    00000000    00000020     
                  00000000    00000020     sys_intvecs.obj (.intvecs)

.text      0    00000020    0000ae7c     
                  00000020    00002cdc     sys_selftest.obj (.text)
                  00002cfc    00000d6c     pl455.obj (.text)
                  00003a68    00000b28     system.obj (.text)
                  00004590    00000a54     sys_vim.obj (.text)
                  00004fe4    00000a32     rtsv7R4_T_be_v3D16_eabi.lib : _printfi.c.obj (.text:__TI_printfi)
                  00005a16    00000002                                 : _lock.c.obj (.text:_nop)
                  00005a18    000008b4     pinmux.obj (.text)
                  000062cc    000007ac     sci.obj (.text)
                  00006a78    0000072c     rti.obj (.text)
                  000071a4    000006c8     sys_main.obj (.text)
                  0000786c    000005bc     esm.obj (.text)
                  00007e28    00000484     gio.obj (.text)
                  000082ac    000003d8     sci.obj (.text:retain)
                  00008684    0000034c     sys_core.obj (.text)
                  000089d0    000002cc     sys_vim.obj (.text:retain)
                  00008c9c    000002b8     rtsv7R4_T_be_v3D16_eabi.lib : ull_div32.asm.obj (.text)
                  00008f54    0000027c     sys_startup.obj (.text:retain)
                  000091d0    00000248     rtsv7R4_T_be_v3D16_eabi.lib : _printfi.c.obj (.text:_pconv_a)
                  00009418    000001a8                                 : _printfi.c.obj (.text:_pconv_g)
                  000095c0    00000118                                 : fputs.c.obj (.text:fputs)
                  000096d8    00000114     esm.obj (.text:retain)
                  000097ec    00000104     rtsv7R4_T_be_v3D16_eabi.lib : _printfi.c.obj (.text:_pconv_e)
                  000098f0    000000fc                                 : _printfi.c.obj (.text:fcvt)
                  000099ec    000000ec                                 : s_scalbn.c.obj (.text:scalbn)
                  00009ad8    000000e8     dabort.obj (.text)
                  00009bc0    000000e0     rtsv7R4_T_be_v3D16_eabi.lib : s_floor.c.obj (.text:floor)
                  00009ca0    000000e0     sys_pmu.obj (.text)
                  00009d80    000000dc     rtsv7R4_T_be_v3D16_eabi.lib : setvbuf.c.obj (.text:setvbuf)
                  00009e5c    000000d8                                 : memory.c.obj (.text:free)
                  00009f34    000000c4     notification.obj (.text)
                  00009ff8    000000ad     rtsv7R4_T_be_v3D16_eabi.lib : _printfi.c.obj (.text:_ltostr)
                  0000a0a5    00000001     --HOLE-- [fill = 0]
                  0000a0a6    0000009c                                 : memcpy_t2.asm.obj (.text)
                  0000a142    00000002     --HOLE-- [fill = 0]
                  0000a144    00000090                                 : fputc.c.obj (.text:fputc)
                  0000a1d4    0000007a                                 : _printfi.c.obj (.text:_mcpy)
                  0000a24e    0000007a                                 : memset_t2.asm.obj (.text)
                  0000a2c8    00000078                                 : memory.c.obj (.text:malloc)
                  0000a340    00000074                                 : fclose.c.obj (.text:__TI_closefile)
                  0000a3b4    00000074                                 : s_frexp.c.obj (.text:frexp)
                  0000a428    0000006c                                 : copy_decompress_lzss.c.obj (.text:decompress:lzss:__TI_decompress_lzss)
                  0000a494    00000068                                 : hostlseek.c.obj (.text:HOSTlseek)
                  0000a4fc    00000068                                 : hostrename.c.obj (.text:HOSTrename)
                  0000a564    00000068                                 : printf.c.obj (.text:printf)
                  0000a5cc    00000064                                 : _io_perm.c.obj (.text:__TI_wrt_ok)
                  0000a630    00000064                                 : fseek.c.obj (.text:fseek)
                  0000a694    0000005c                                 : hostopen.c.obj (.text:HOSTopen)
                  0000a6f0    0000005c                                 : hostread.c.obj (.text:HOSTread)
                  0000a74c    00000058                                 : hostwrite.c.obj (.text:HOSTwrite)
                  0000a7a4    00000058                                 : close.c.obj (.text:close)
                  0000a7fc    00000054                                 : _printfi.c.obj (.text:_ecpy)
                  0000a850    00000054                                 : ltoa.c.obj (.text:ltoa)
                  0000a8a4    00000050                                 : _printfi.c.obj (.text:_pconv_f)
                  0000a8f4    00000050                                 : atoi.c.obj (.text:atoi)
                  0000a944    0000004c                                 : fflush.c.obj (.text:__TI_doflush)
                  0000a990    0000004c     rti.obj (.text:retain)
                  0000a9dc    00000044     rtsv7R4_T_be_v3D16_eabi.lib : hostclose.c.obj (.text:HOSTclose)
                  0000aa20    00000044                                 : hostunlink.c.obj (.text:HOSTunlink)
                  0000aa64    00000044                                 : autoinit.c.obj (.text:__TI_auto_init_nobinit_nopinit:__TI_auto_init_nobinit_nopinit)
                  0000aaa8    00000044                                 : exit.c.obj (.text:exit)
                  0000aaec    00000044                                 : getdevice.c.obj (.text:getdevice)
                  0000ab30    00000040                                 : _printfi.c.obj (.text:_fcpy)
                  0000ab70    0000003c                                 : trgmsg.c.obj (.text:__TI_writemsg)
                  0000abac    0000003c                                 : memory.c.obj (.text:minsert)
                  0000abe8    00000038                                 : memory.c.obj (.text:minit)
                  0000ac20    00000036                                 : strncpy.c.obj (.text:strncpy)
                  0000ac56    00000002     --HOLE-- [fill = 0]
                  0000ac58    00000034                                 : fopen.c.obj (.text:__TI_cleanup)
                  0000ac8c    00000034                                 : trgmsg.c.obj (.text:__TI_readmsg)
                  0000acc0    00000034                                 : getdevice.c.obj (.text:finddevice)
                  0000acf4    0000002c                                 : unlink.c.obj (.text:unlink)
                  0000ad20    00000028                                 : lseek.c.obj (.text:lseek)
                  0000ad48    00000028                                 : memory.c.obj (.text:mremove)
                  0000ad70    00000028                                 : write.c.obj (.text:write)
                  0000ad98    00000020                                 : memchr.c.obj (.text:memchr)
                  0000adb8    0000001c                                 : memccpy.c.obj (.text:memccpy)
                  0000add4    00000018                                 : s_copysign.c.obj (.text:copysign)
                  0000adec    00000018                                 : strcmp.c.obj (.text:strcmp)
                  0000ae04    00000016                                 : strchr.c.obj (.text:strchr)
                  0000ae1a    00000016                                 : strlen.c.obj (.text:strlen)
                  0000ae30    00000014                                 : strcpy.c.obj (.text:strcpy)
                  0000ae44    00000012                                 : copy_zero_init.c.obj (.text:decompress:ZI:__TI_zero_init_nomemset:__TI_zero_init_nomemset)
                  0000ae56    00000012                                 : wcslen.c.obj (.text:wcslen)
                  0000ae68    0000000e                                 : copy_decompress_none.c.obj (.text:decompress:none:__TI_decompress_none)
                  0000ae76    00000002     --HOLE-- [fill = 0]
                  0000ae78    0000000c                                 : fputc.c.obj (.text:putchar)
                  0000ae84    00000008                                 : errno.c.obj (.text:__aeabi_errno_addr)
                  0000ae8c    00000004                                 : printf.c.obj (.text:_outc)
                  0000ae90    00000004                                 : printf.c.obj (.text:_outs)
                  0000ae94    00000004                                 : exit.c.obj (.text:abort:abort)
                  0000ae98    00000004     sys_phantom.obj (.text:retain)

.const     0    0000ae9c    00000501     
                  0000ae9c    00000200     pl455.obj (.const:crc16_table)
                  0000b09c    00000200     sys_vim.obj (.const:s_vim_init)
                  0000b29c    00000101     rtsv7R4_T_be_v3D16_eabi.lib : ctype.c.obj (.const:.string:_ctypes_)

.cinit     0    0000b3a0    00000090     
                  0000b3a0    0000006a     (.cinit..data.load) [load image, compression = lzss]
                  0000b40a    00000002     --HOLE-- [fill = 0]
                  0000b40c    0000000c     (__TI_handler_table)
                  0000b418    00000008     (.cinit..bss.load) [load image, compression = zero_init]
                  0000b420    00000010     (__TI_cinit_table)

.sysmem    0    08001500    00000800     UNINITIALIZED
                  08001500    00000008     rtsv7R4_T_be_v3D16_eabi.lib : memory.c.obj (.sysmem)
                  08001508    000007f8     --HOLE--

.bss       0    08001d00    000001f4     UNINITIALIZED
                  08001d00    00000120     rtsv7R4_T_be_v3D16_eabi.lib : trgmsg.c.obj (.bss:_CIOBUF_)
                  08001e20    000000a0     (.common:__TI_tmpnams)
                  08001ec0    00000028     sci.obj (.bss:g_sciTransfer_t)
                  08001ee8    00000008     (.common:parmbuf)
                  08001ef0    00000004     pl455.obj (.bss)

.data      0    08001ef4    000001f4     UNINITIALIZED
                  08001ef4    000000f0     rtsv7R4_T_be_v3D16_eabi.lib : defs.c.obj (.data:_ftable)
                  08001fe4    00000078                                 : write.c.obj (.data:_device)
                  0800205c    00000050                                 : write.c.obj (.data:_stream)
                  080020ac    00000010                                 : defs.c.obj (.data)
                  080020bc    0000000c                                 : exit.c.obj (.data:$O1$$)
                  080020c8    0000000c                                 : memory.c.obj (.data:$O1$$)
                  080020d4    00000008                                 : _lock.c.obj (.data:$O1$$)
                  080020dc    00000008     sys_main.obj (.data)
                  080020e4    00000004     rtsv7R4_T_be_v3D16_eabi.lib : errno.c.obj (.data)

MODULE SUMMARY

       Module                       code    ro data   rw data
       ------                       ----    -------   -------
    .\source\
       sys_selftest.obj             11484   0         0      
       pl455.obj                    3436    512       4      
       sys_vim.obj                  3360    512       0      
       sci.obj                      2948    0         40     
       system.obj                   2856    0         0      
       pinmux.obj                   2228    0         0      
       rti.obj                      1912    0         0      
       esm.obj                      1744    0         0      
       sys_main.obj                 1736    0         8      
       gio.obj                      1156    0         0      
       sys_core.obj                 844     0         0      
       sys_startup.obj              636     0         0      
       dabort.obj                   232     0         0      
       sys_pmu.obj                  224     0         0      
       notification.obj             196     0         0      
       sys_intvecs.obj              32      0         0      
       sys_phantom.obj              4       0         0      
    +--+----------------------------+-------+---------+---------+
       Total:                       35028   1024      52     
                                                             
    C:/ti/ccsv8/tools/compiler/ti-cgt-arm_18.1.2.LTS/lib/rtsv7R4_T_be_v3D16_eabi.lib
       _printfi.c.obj               4653    0         0      
       ull_div32.asm.obj            696     0         0      
       memory.c.obj                 492     0         12     
       defs.c.obj                   0       0         416    
       trgmsg.c.obj                 112     0         288    
       fputs.c.obj                  280     0         0      
       ctype.c.obj                  0       257       0      
       write.c.obj                  40      0         200    
       s_scalbn.c.obj               236     0         0      
       s_floor.c.obj                224     0         0      
       setvbuf.c.obj                220     0         0      
       fputc.c.obj                  156     0         0      
       memcpy_t2.asm.obj            156     0         0      
       memset_t2.asm.obj            122     0         0      
       getdevice.c.obj              120     0         0      
       fclose.c.obj                 116     0         0      
       s_frexp.c.obj                116     0         0      
       printf.c.obj                 112     0         0      
       copy_decompress_lzss.c.obj   108     0         0      
       hostlseek.c.obj              104     0         0      
       hostrename.c.obj             104     0         0      
       _io_perm.c.obj               100     0         0      
       fseek.c.obj                  100     0         0      
       hostopen.c.obj               92      0         8      
       hostread.c.obj               92      0         0      
       close.c.obj                  88      0         0      
       hostwrite.c.obj              88      0         0      
       exit.c.obj                   72      0         12     
       ltoa.c.obj                   84      0         0      
       atoi.c.obj                   80      0         0      
       fflush.c.obj                 76      0         0      
       autoinit.c.obj               68      0         0      
       hostclose.c.obj              68      0         0      
       hostunlink.c.obj             68      0         0      
       strncpy.c.obj                54      0         0      
       fopen.c.obj                  52      0         0      
       unlink.c.obj                 44      0         0      
       lseek.c.obj                  40      0         0      
       memchr.c.obj                 32      0         0      
       memccpy.c.obj                28      0         0      
       s_copysign.c.obj             24      0         0      
       strcmp.c.obj                 24      0         0      
       strchr.c.obj                 22      0         0      
       strlen.c.obj                 22      0         0      
       strcpy.c.obj                 20      0         0      
       copy_zero_init.c.obj         18      0         0      
       wcslen.c.obj                 18      0         0      
       copy_decompress_none.c.obj   14      0         0      
       errno.c.obj                  8       0         4      
       _lock.c.obj                  2       0         8      
    +--+----------------------------+-------+---------+---------+
       Total:                       9665    257       948    
                                                             
       Heap:                        0       0         2048   
       Linker Generated:            0       142       0      
    +--+----------------------------+-------+---------+---------+
       Grand Total:                 44693   1423      3048   


LINKER GENERATED COPY TABLES

__TI_cinit_table @ 0000b420 records: 2, size/record: 8, table size: 16
	.data: load addr=0000b3a0, load size=0000006a bytes, run addr=08001ef4, run size=000001f4 bytes, compression=lzss
	.bss: load addr=0000b418, load size=00000008 bytes, run addr=08001d00, run size=000001f4 bytes, compression=zero_init


LINKER GENERATED HANDLER TABLE

__TI_handler_table @ 0000b40c records: 3, size/record: 4, table size: 12
	index: 0, handler: __TI_zero_init
	index: 1, handler: __TI_decompress_lzss
	index: 2, handler: __TI_decompress_none


GLOBAL SYMBOLS: SORTED ALPHABETICALLY BY Name 

address   name                                
-------   ----                                
0000387c  B2SDWORD                            
000038d0  B2SINT24                            
00003844  B2SWORD                             
0000ae95  C$$EXIT                             
0000aba3  C$$IO$$                             
00003910  CRC16                               
00002cfc  CommClear                           
00002d80  CommReset                           
00002e20  GetFaultStat                        
0000a9dd  HOSTclose                           
0000a495  HOSTlseek                           
0000a695  HOSTopen                            
0000a6f1  HOSTread                            
0000a4fd  HOSTrename                          
0000aa21  HOSTunlink                          
0000a74d  HOSTwrite                           
00006ed8  IsdwdKeySequenceCorrect             
080020e0  RTI_TIMEOUT                         
000036ac  ReadFrameReq                        
000034c8  ReadReg                             
00002df0  ResetPL455                          
UNDEFED   SHT$$INIT_ARRAY$$Base               
UNDEFED   SHT$$INIT_ARRAY$$Limit              
080020dc  UART_RX_RDY                         
000036fc  WaitRespFrame                       
00002df4  WakePL455                           
00003348  WriteFrame                          
00002e48  WriteReg                            
08001d00  __CIOBUF_                           
00000800  __SYSMEM_SIZE                       
0000b420  __TI_CINIT_Base                     
0000b430  __TI_CINIT_Limit                    
0000b40c  __TI_Handler_Table_Base             
0000b418  __TI_Handler_Table_Limit            
000089c8  __TI_PINIT_Base                     
000089cc  __TI_PINIT_Limit                    
0000aa65  __TI_auto_init_nobinit_nopinit      
0000ac59  __TI_cleanup                        
080020bc  __TI_cleanup_ptr                    
0000a341  __TI_closefile                      
0000a429  __TI_decompress_lzss                
0000ae69  __TI_decompress_none                
0000a945  __TI_doflush                        
080020c0  __TI_dtors_ptr                      
080020c4  __TI_enable_exit_profile_output     
080020ac  __TI_ft_end                         
ffffffff  __TI_pprof_out_hndl                 
00004fe5  __TI_printfi                        
ffffffff  __TI_prof_data_size                 
ffffffff  __TI_prof_data_start                
0000ac8d  __TI_readmsg                        
00000000  __TI_static_base__                  
08001e20  __TI_tmpnams                        
0000ab71  __TI_writemsg                       
0000a5cd  __TI_wrt_ok                         
0000ae45  __TI_zero_init_nomemset             
0000ae85  __aeabi_errno_addr                  
0000a24f  __aeabi_memclr                      
0000a24f  __aeabi_memclr4                     
0000a24f  __aeabi_memclr8                     
0000a0a7  __aeabi_memcpy                      
0000a0a7  __aeabi_memcpy4                     
0000a0a7  __aeabi_memcpy8                     
0000a251  __aeabi_memset                      
0000a251  __aeabi_memset4                     
0000a251  __aeabi_memset8                     
080020b8  __aeabi_stderr                      
080020b0  __aeabi_stdin                       
080020b4  __aeabi_stdout                      
00008c9c  __aeabi_uldivmod                    
ffffffff  __binit__                           
ffffffff  __c_args__                          
00008f54  _c_int00                            
000088e0  _coreClearAuxiliaryDataFault_       
000088f4  _coreClearAuxiliaryInstructionFault_
000088b8  _coreClearDataFaultAddress_         
00008890  _coreClearDataFault_                
000088cc  _coreClearInstructionFaultAddress_  
000088a4  _coreClearInstructionFault_         
00008824  _coreDisableEventBusExport_         
00008868  _coreDisableFlashEcc_               
00008844  _coreDisableRamEcc_                 
00008814  _coreEnableEventBusExport_          
00008854  _coreEnableFlashEcc_                
00008878  _coreEnableIrqVicOffset_            
00008834  _coreEnableRamEcc_                  
000087fc  _coreEnableVfp_                     
000088d8  _coreGetAuxiliaryDataFault_         
000088ec  _coreGetAuxiliaryInstructionFault_  
000088b0  _coreGetDataFaultAddress_           
00008888  _coreGetDataFault_                  
000088c4  _coreGetInstructionFaultAddress_    
0000889c  _coreGetInstructionFault_           
00008684  _coreInitRegisters_                 
00008790  _coreInitStackPointer_              
0000b29c  _ctypes_                            
00009ad8  _dabort                             
08001fe4  _device                             
00008908  _disable_FIQ_interrupt_             
00008910  _disable_IRQ_interrupt_             
00008900  _disable_interrupt_                 
00008918  _enable_interrupt_                  
000089a8  _errata_CORTEXR4_57_                
000089b8  _errata_CORTEXR4_66_                
00008920  _esmCcmErrorsClear_                 
08001ef4  _ftable                             
000087dc  _getCPSRValue_                      
000087e4  _gotoCPUIdle_                       
080020d4  _lock                               
00005a17  _nop                                
00009cfc  _pmuDisableCountersGlobal_          
00009cec  _pmuEnableCountersGlobal_           
00009d58  _pmuGetCycleCount_                  
00009d60  _pmuGetEventCount_                  
00009d6c  _pmuGetOverflow_                    
00009ca0  _pmuInit_                           
00009d2c  _pmuResetCounters_                  
00009d0c  _pmuResetCycleCounter_              
00009d1c  _pmuResetEventCounters_             
00009d4c  _pmuSetCountEvent_                  
00009d3c  _pmuStartCounters_                  
00009d44  _pmuStopCounters_                   
0800205c  _stream                             
08001500  _sys_memory                         
UNDEFED   _system_post_cinit                  
080020d8  _unlock                             
0000ae95  abort                               
0000126c  adc1ParityCheck                     
00001358  adc2ParityCheck                     
0000a8f5  atoi                                
ffffffff  binit                               
00001410  can1ParityCheck                     
000014e8  can2ParityCheck                     
000015b0  can3ParityCheck                     
00000030  ccmSelfCheck                        
000026fc  ccmr4GetConfigValue                 
00000938  checkB0RAMECC                       
00000b28  checkB1RAMECC                       
00001c18  checkClockMonitor                   
00000d18  checkFlashECC                       
00001cf4  checkFlashEEPROMECC                 
00001e8c  checkPLL1Slip                       
00001f8c  checkPLL2Slip                       
00002050  checkRAMAddrParity                  
000019d0  checkRAMECC                         
0000215c  checkRAMUERRTest                    
000007bc  checkefcSelfTest                    
0000a7a5  close                               
0000add5  copysign                            
0000add5  copysignl                           
00000234  cpuSelfTest                         
00000dfc  cpuSelfTestFail                     
0000ae9c  crc16_table                         
00000df4  custom_dabort                       
000039a0  delayms                             
000039e8  delayus                             
00002b58  disableParity                       
00009fdc  dmaGroupANotification               
00000eac  dmaParityCheck                      
00006f40  dwdClearFlag                        
00006e74  dwdCounterEnable                    
00006ebc  dwdGenerateSysReset                 
00006f0c  dwdGetStatus                        
00006f50  dwdGetViolationStatus               
00006df8  dwdInit                             
00006ea0  dwdReset                            
00006e84  dwdSetPreload                       
00006e68  dwwdGetCurrentDownCounter           
00006e20  dwwdInit                            
00000660  efcCheck                            
00002660  efcGetConfigValue                   
00000794  efcSelfTest                         
000006e8  efcStuckZeroTest                    
00002ad0  enableParity                        
0000276c  errata_PBIST_4                      
080020e4  errno                               
000079f0  esmActivateNormalOperation          
00007ac4  esmClearStatus                      
00007b04  esmClearStatusBuffer                
000079b8  esmDisableError                     
00007a28  esmDisableInterrupt                 
00007990  esmEnableError                      
00007a00  esmEnableInterrupt                  
00007bfc  esmEnterSelfTest                    
00007974  esmError                            
00007cd4  esmGetConfigValue                   
00007b40  esmGetStatus                        
00007bc4  esmGetStatusBuffer                  
00009f34  esmGroup1Notification               
00009f44  esmGroup2Notification               
000096d8  esmHighInterrupt                    
0000786c  esmInit                             
00007c84  esmSelfTestStatus                   
00007b20  esmSetCounterPreloadValue           
00007a50  esmSetInterruptLevel                
000079e0  esmTriggerErrorPinReset             
0000aaa9  exit                                
0000acc1  finddevice                          
00009bc1  floor                               
00009bc1  floorl                              
000022c4  fmcBus1ParityCheck                  
0000085c  fmcBus2Check                        
00000898  fmcECCcheck                         
0000a145  fputc                               
000095c1  fputs                               
00009e5d  free                                
0000a3b5  frexp                               
0000a3b5  frexpl                              
0000a631  fseek                               
0000aaed  getdevice                           
00008088  gioDisableNotification              
00008020  gioEnableNotification               
00007f88  gioGetBit                           
000080f0  gioGetConfigValue                   
00007fb0  gioGetPort                          
00007e28  gioInit                             
00009fa8  gioNotification                     
00007f18  gioSetBit                           
00007ef8  gioSetDirection                     
00007f68  gioSetPort                          
00007fc8  gioToggleBit                        
00000f58  het1ParityCheck                     
000010c0  het2ParityCheck                     
00001004  htu1ParityCheck                     
000011bc  htu2ParityCheck                     
000099ed  ldexp                               
000099ed  ldexpl                              
0000ad21  lseek                               
0000a851  ltoa                                
000071d8  main                                
0000a2c9  malloc                              
00003ba4  mapClocks                           
0000adb9  memccpy                             
0000ad99  memchr                              
0000a0a7  memcpy                              
00000174  memoryInit                          
00009f54  memoryPort0TestFailNotification     
00009f70  memoryPort1TestFailNotification     
0000a257  memset                              
00001684  mibspi1ParityCheck                  
0000178c  mibspi3ParityCheck                  
000018b0  mibspi5ParityCheck                  
0000abe9  minit                               
00005a18  muxInit                             
00006a78  my_rtiInit                          
00006920  my_sciInit                          
08001ee8  parmbuf                             
000023ec  pbistFail                           
00002470  pbistGetConfigValue                 
000005a8  pbistIsTestCompleted                
000005d4  pbistIsTestPassed                   
00000608  pbistPortTestStatus                 
000004ac  pbistRun                            
000002cc  pbistSelfCheck                      
00000578  pbistStop                           
00003b50  periphInit                          
0000ae98  phantomInterrupt                    
00005eb4  pinmuxGetConfigValue                
0000a565  printf                              
0000a145  putc                                
0000ae79  putchar                             
0000acf5  remove                              
00000000  resetEntry                          
0000a990  rtiCompare1Interrupt                
00007000  rtiDisableNotification              
00006fd8  rtiEnableNotification               
0000701c  rtiGetConfigValue                   
00006d6c  rtiGetCurrentTick                   
00006d44  rtiGetPeriod                        
00006b6c  rtiInit                             
00009f8c  rtiNotification                     
00006cb8  rtiResetCounter                     
00006d1c  rtiSetPeriod                        
00006c60  rtiStartCounter                     
00006c8c  rtiStopCounter                      
000099ed  scalbn                              
000099ed  scalbnl                             
00006694  sciDisableLoopback                  
00006718  sciDisableNotification              
00006660  sciEnableLoopback                   
000066b0  sciEnableNotification               
00006780  sciEnterResetState                  
000067a0  sciExitResetState                   
000067c8  sciGetConfigValue                   
000082ac  sciHighLevelInterrupt               
000062cc  sciInit                             
00006570  sciIsIdleDetected                   
00006554  sciIsRxReady                        
00006474  sciIsTxReady                        
0000847c  sciLowLevelInterrupt                
00009fbc  sciNotification                     
000065e8  sciReceive                          
000065bc  sciReceiveByte                      
0000658c  sciRxError                          
000064c0  sciSend                             
00006490  sciSendByte                         
000063d8  sciSetBaudrate                      
000063b8  sciSetFunctional                    
00000020  selftestFailNotification            
00003b10  setupFlash                          
00003a68  setupPLL                            
00009d81  setvbuf                             
00004388  sramGetConfigValue                  
000025bc  stcGetConfigValue                   
000001b8  stcSelfCheck                        
00000df8  stcSelfCheckFail                    
0000ae05  strchr                              
0000aded  strcmp                              
0000ae31  strcpy                              
0000ae1b  strlen                              
0000ac21  strncpy                             
00003dc8  systemGetConfigValue                
00003ccc  systemInit                          
00003d98  systemPowerDown                     
000041dc  tcmflashGetConfigValue              
00003ac8  trimLPO                             
0000acf5  unlink                              
00004664  vimChannelMap                       
000048d0  vimDisableInterrupt                 
00004708  vimEnableInterrupt                  
0000497c  vimGetConfigValue                   
00004590  vimInit                             
00000e00  vimParityCheck                      
000089d0  vimParityErrorHandler               
0000ae57  wcslen                              
0000ad71  write                               


GLOBAL SYMBOLS: SORTED BY Symbol Address 

address   name                                
-------   ----                                
00000000  __TI_static_base__                  
00000000  resetEntry                          
00000020  selftestFailNotification            
00000030  ccmSelfCheck                        
00000174  memoryInit                          
000001b8  stcSelfCheck                        
00000234  cpuSelfTest                         
000002cc  pbistSelfCheck                      
000004ac  pbistRun                            
00000578  pbistStop                           
000005a8  pbistIsTestCompleted                
000005d4  pbistIsTestPassed                   
00000608  pbistPortTestStatus                 
00000660  efcCheck                            
000006e8  efcStuckZeroTest                    
00000794  efcSelfTest                         
000007bc  checkefcSelfTest                    
00000800  __SYSMEM_SIZE                       
0000085c  fmcBus2Check                        
00000898  fmcECCcheck                         
00000938  checkB0RAMECC                       
00000b28  checkB1RAMECC                       
00000d18  checkFlashECC                       
00000df4  custom_dabort                       
00000df8  stcSelfCheckFail                    
00000dfc  cpuSelfTestFail                     
00000e00  vimParityCheck                      
00000eac  dmaParityCheck                      
00000f58  het1ParityCheck                     
00001004  htu1ParityCheck                     
000010c0  het2ParityCheck                     
000011bc  htu2ParityCheck                     
0000126c  adc1ParityCheck                     
00001358  adc2ParityCheck                     
00001410  can1ParityCheck                     
000014e8  can2ParityCheck                     
000015b0  can3ParityCheck                     
00001684  mibspi1ParityCheck                  
0000178c  mibspi3ParityCheck                  
000018b0  mibspi5ParityCheck                  
000019d0  checkRAMECC                         
00001c18  checkClockMonitor                   
00001cf4  checkFlashEEPROMECC                 
00001e8c  checkPLL1Slip                       
00001f8c  checkPLL2Slip                       
00002050  checkRAMAddrParity                  
0000215c  checkRAMUERRTest                    
000022c4  fmcBus1ParityCheck                  
000023ec  pbistFail                           
00002470  pbistGetConfigValue                 
000025bc  stcGetConfigValue                   
00002660  efcGetConfigValue                   
000026fc  ccmr4GetConfigValue                 
0000276c  errata_PBIST_4                      
00002ad0  enableParity                        
00002b58  disableParity                       
00002cfc  CommClear                           
00002d80  CommReset                           
00002df0  ResetPL455                          
00002df4  WakePL455                           
00002e20  GetFaultStat                        
00002e48  WriteReg                            
00003348  WriteFrame                          
000034c8  ReadReg                             
000036ac  ReadFrameReq                        
000036fc  WaitRespFrame                       
00003844  B2SWORD                             
0000387c  B2SDWORD                            
000038d0  B2SINT24                            
00003910  CRC16                               
000039a0  delayms                             
000039e8  delayus                             
00003a68  setupPLL                            
00003ac8  trimLPO                             
00003b10  setupFlash                          
00003b50  periphInit                          
00003ba4  mapClocks                           
00003ccc  systemInit                          
00003d98  systemPowerDown                     
00003dc8  systemGetConfigValue                
000041dc  tcmflashGetConfigValue              
00004388  sramGetConfigValue                  
00004590  vimInit                             
00004664  vimChannelMap                       
00004708  vimEnableInterrupt                  
000048d0  vimDisableInterrupt                 
0000497c  vimGetConfigValue                   
00004fe5  __TI_printfi                        
00005a17  _nop                                
00005a18  muxInit                             
00005eb4  pinmuxGetConfigValue                
000062cc  sciInit                             
000063b8  sciSetFunctional                    
000063d8  sciSetBaudrate                      
00006474  sciIsTxReady                        
00006490  sciSendByte                         
000064c0  sciSend                             
00006554  sciIsRxReady                        
00006570  sciIsIdleDetected                   
0000658c  sciRxError                          
000065bc  sciReceiveByte                      
000065e8  sciReceive                          
00006660  sciEnableLoopback                   
00006694  sciDisableLoopback                  
000066b0  sciEnableNotification               
00006718  sciDisableNotification              
00006780  sciEnterResetState                  
000067a0  sciExitResetState                   
000067c8  sciGetConfigValue                   
00006920  my_sciInit                          
00006a78  my_rtiInit                          
00006b6c  rtiInit                             
00006c60  rtiStartCounter                     
00006c8c  rtiStopCounter                      
00006cb8  rtiResetCounter                     
00006d1c  rtiSetPeriod                        
00006d44  rtiGetPeriod                        
00006d6c  rtiGetCurrentTick                   
00006df8  dwdInit                             
00006e20  dwwdInit                            
00006e68  dwwdGetCurrentDownCounter           
00006e74  dwdCounterEnable                    
00006e84  dwdSetPreload                       
00006ea0  dwdReset                            
00006ebc  dwdGenerateSysReset                 
00006ed8  IsdwdKeySequenceCorrect             
00006f0c  dwdGetStatus                        
00006f40  dwdClearFlag                        
00006f50  dwdGetViolationStatus               
00006fd8  rtiEnableNotification               
00007000  rtiDisableNotification              
0000701c  rtiGetConfigValue                   
000071d8  main                                
0000786c  esmInit                             
00007974  esmError                            
00007990  esmEnableError                      
000079b8  esmDisableError                     
000079e0  esmTriggerErrorPinReset             
000079f0  esmActivateNormalOperation          
00007a00  esmEnableInterrupt                  
00007a28  esmDisableInterrupt                 
00007a50  esmSetInterruptLevel                
00007ac4  esmClearStatus                      
00007b04  esmClearStatusBuffer                
00007b20  esmSetCounterPreloadValue           
00007b40  esmGetStatus                        
00007bc4  esmGetStatusBuffer                  
00007bfc  esmEnterSelfTest                    
00007c84  esmSelfTestStatus                   
00007cd4  esmGetConfigValue                   
00007e28  gioInit                             
00007ef8  gioSetDirection                     
00007f18  gioSetBit                           
00007f68  gioSetPort                          
00007f88  gioGetBit                           
00007fb0  gioGetPort                          
00007fc8  gioToggleBit                        
00008020  gioEnableNotification               
00008088  gioDisableNotification              
000080f0  gioGetConfigValue                   
000082ac  sciHighLevelInterrupt               
0000847c  sciLowLevelInterrupt                
00008684  _coreInitRegisters_                 
00008790  _coreInitStackPointer_              
000087dc  _getCPSRValue_                      
000087e4  _gotoCPUIdle_                       
000087fc  _coreEnableVfp_                     
00008814  _coreEnableEventBusExport_          
00008824  _coreDisableEventBusExport_         
00008834  _coreEnableRamEcc_                  
00008844  _coreDisableRamEcc_                 
00008854  _coreEnableFlashEcc_                
00008868  _coreDisableFlashEcc_               
00008878  _coreEnableIrqVicOffset_            
00008888  _coreGetDataFault_                  
00008890  _coreClearDataFault_                
0000889c  _coreGetInstructionFault_           
000088a4  _coreClearInstructionFault_         
000088b0  _coreGetDataFaultAddress_           
000088b8  _coreClearDataFaultAddress_         
000088c4  _coreGetInstructionFaultAddress_    
000088cc  _coreClearInstructionFaultAddress_  
000088d8  _coreGetAuxiliaryDataFault_         
000088e0  _coreClearAuxiliaryDataFault_       
000088ec  _coreGetAuxiliaryInstructionFault_  
000088f4  _coreClearAuxiliaryInstructionFault_
00008900  _disable_interrupt_                 
00008908  _disable_FIQ_interrupt_             
00008910  _disable_IRQ_interrupt_             
00008918  _enable_interrupt_                  
00008920  _esmCcmErrorsClear_                 
000089a8  _errata_CORTEXR4_57_                
000089b8  _errata_CORTEXR4_66_                
000089c8  __TI_PINIT_Base                     
000089cc  __TI_PINIT_Limit                    
000089d0  vimParityErrorHandler               
00008c9c  __aeabi_uldivmod                    
00008f54  _c_int00                            
000095c1  fputs                               
000096d8  esmHighInterrupt                    
000099ed  ldexp                               
000099ed  ldexpl                              
000099ed  scalbn                              
000099ed  scalbnl                             
00009ad8  _dabort                             
00009bc1  floor                               
00009bc1  floorl                              
00009ca0  _pmuInit_                           
00009cec  _pmuEnableCountersGlobal_           
00009cfc  _pmuDisableCountersGlobal_          
00009d0c  _pmuResetCycleCounter_              
00009d1c  _pmuResetEventCounters_             
00009d2c  _pmuResetCounters_                  
00009d3c  _pmuStartCounters_                  
00009d44  _pmuStopCounters_                   
00009d4c  _pmuSetCountEvent_                  
00009d58  _pmuGetCycleCount_                  
00009d60  _pmuGetEventCount_                  
00009d6c  _pmuGetOverflow_                    
00009d81  setvbuf                             
00009e5d  free                                
00009f34  esmGroup1Notification               
00009f44  esmGroup2Notification               
00009f54  memoryPort0TestFailNotification     
00009f70  memoryPort1TestFailNotification     
00009f8c  rtiNotification                     
00009fa8  gioNotification                     
00009fbc  sciNotification                     
00009fdc  dmaGroupANotification               
0000a0a7  __aeabi_memcpy                      
0000a0a7  __aeabi_memcpy4                     
0000a0a7  __aeabi_memcpy8                     
0000a0a7  memcpy                              
0000a145  fputc                               
0000a145  putc                                
0000a24f  __aeabi_memclr                      
0000a24f  __aeabi_memclr4                     
0000a24f  __aeabi_memclr8                     
0000a251  __aeabi_memset                      
0000a251  __aeabi_memset4                     
0000a251  __aeabi_memset8                     
0000a257  memset                              
0000a2c9  malloc                              
0000a341  __TI_closefile                      
0000a3b5  frexp                               
0000a3b5  frexpl                              
0000a429  __TI_decompress_lzss                
0000a495  HOSTlseek                           
0000a4fd  HOSTrename                          
0000a565  printf                              
0000a5cd  __TI_wrt_ok                         
0000a631  fseek                               
0000a695  HOSTopen                            
0000a6f1  HOSTread                            
0000a74d  HOSTwrite                           
0000a7a5  close                               
0000a851  ltoa                                
0000a8f5  atoi                                
0000a945  __TI_doflush                        
0000a990  rtiCompare1Interrupt                
0000a9dd  HOSTclose                           
0000aa21  HOSTunlink                          
0000aa65  __TI_auto_init_nobinit_nopinit      
0000aaa9  exit                                
0000aaed  getdevice                           
0000ab71  __TI_writemsg                       
0000aba3  C$$IO$$                             
0000abe9  minit                               
0000ac21  strncpy                             
0000ac59  __TI_cleanup                        
0000ac8d  __TI_readmsg                        
0000acc1  finddevice                          
0000acf5  remove                              
0000acf5  unlink                              
0000ad21  lseek                               
0000ad71  write                               
0000ad99  memchr                              
0000adb9  memccpy                             
0000add5  copysign                            
0000add5  copysignl                           
0000aded  strcmp                              
0000ae05  strchr                              
0000ae1b  strlen                              
0000ae31  strcpy                              
0000ae45  __TI_zero_init_nomemset             
0000ae57  wcslen                              
0000ae69  __TI_decompress_none                
0000ae79  putchar                             
0000ae85  __aeabi_errno_addr                  
0000ae95  C$$EXIT                             
0000ae95  abort                               
0000ae98  phantomInterrupt                    
0000ae9c  crc16_table                         
0000b29c  _ctypes_                            
0000b40c  __TI_Handler_Table_Base             
0000b418  __TI_Handler_Table_Limit            
0000b420  __TI_CINIT_Base                     
0000b430  __TI_CINIT_Limit                    
08001500  _sys_memory                         
08001d00  __CIOBUF_                           
08001e20  __TI_tmpnams                        
08001ee8  parmbuf                             
08001ef4  _ftable                             
08001fe4  _device                             
0800205c  _stream                             
080020ac  __TI_ft_end                         
080020b0  __aeabi_stdin                       
080020b4  __aeabi_stdout                      
080020b8  __aeabi_stderr                      
080020bc  __TI_cleanup_ptr                    
080020c0  __TI_dtors_ptr                      
080020c4  __TI_enable_exit_profile_output     
080020d4  _lock                               
080020d8  _unlock                             
080020dc  UART_RX_RDY                         
080020e0  RTI_TIMEOUT                         
080020e4  errno                               
ffffffff  __TI_pprof_out_hndl                 
ffffffff  __TI_prof_data_size                 
ffffffff  __TI_prof_data_start                
ffffffff  __binit__                           
ffffffff  __c_args__                          
ffffffff  binit                               
UNDEFED   SHT$$INIT_ARRAY$$Base               
UNDEFED   SHT$$INIT_ARRAY$$Limit              
UNDEFED   _system_post_cinit                  

[326 symbols]
